###############################################################################
#                                                                             #
# IAR ELF Linker V6.30.8.53653/W32 for ARM              25/Jun/2015  14:12:11 #
# Copyright 2007-2012 IAR Systems AB.                                         #
#                                                                             #
#    Output file  =  exe/fffp_1.out                                           #
#    Map file     =  exe/fffp_1.map                                           #
#    Command line =  --silent --cpu=Cortex-M3 --config_def rombank=1 --map    #
#                    exe/fffp_1.map --log modules --log_file exe/fffp_1.txt   #
#                    --config ../svi_pos_ff.icf -o exe/fffp_1.out lib/hw.a    #
#                    lib/eep.a lib/STM32F10x_StdPeriph_Driver.a lib/fbif.a    #
#                    lib/fdev.a lib/hm.a lib/osif.emb.a                       #
#                    ../FF_SVI_REL/lib/base.a ../FF_SVI_REL/lib/ffbs.a        #
#                    "C:\Program Files (x86)/IAR Systems/Embedded Workbench   #
#                    6.30/arm/lib/dl7M_tln.a" "C:\Program Files (x86)/IAR     #
#                    Systems/Embedded Workbench 6.30/arm/lib/shb_l.a"         #
#                    C:/tfsbuildR/SVIFF/Release1/FD-SW/_embOS_CortexM_IAR/Sta #
#                    rt/lib/os7m_tl__D.a                                      #
#                                                                             #
#                                                                             #
###############################################################################

*******************************************************************************
*** RUNTIME MODEL ATTRIBUTES
***

CppFlavor       = *
__Heap_Handler  = Basic
__SystemLibrary = DLib


*******************************************************************************
*** PLACEMENT SUMMARY
***

"A1":  place at 0x08080000 {
          ro section .intvec, block __kernel_functions_block__ };
"P1":  place in [from 0x08080800 to 0x080fffff] {
          first block __const_data__, block __hw_code__, block __dbg_code__,
          block __eep_code__, block __osif_code__, block __cif_code__,
          block __fbs_code__, block __fbif_code__, block __fdev_code__,
          block __uta_code__, block __ddl_code__, block __fal_code__,
          block __fmg_code__, block __general_code__, ro,
          last block __mn_checksum__ };
"P2":  place in [from 0x20000000 to 0x20013fff] {
          zi, block OSIF_MEM, rw, block CSTACK };
"P3":  place in [from 0x60000000 to 0x6007ffff] {
          last block HEAP, section EEP_IMAGE };

  Section                 Kind        Address     Size  Object
  -------                 ----        -------     ----  ------
"A1":                                            0x138
  .intvec                          0x08080000    0x138  <Block>
    .intvec               const    0x08080000    0x138  hw_intr.o [10]
                                 - 0x08080138    0x138

"P1":                                          0x4746c
  __const_data__                   0x08080800  0x127dc  <Block>
    .rodata               const    0x08080800      0x4  hw_os.o [10]
    .rodata               const    0x08080804     0x6c  dll_lrx.o [3]
    .rodata               const    0x08080870     0x6c  dll_ltim.o [3]
    .rodata               const    0x080808dc     0x1c  appl_ptb.o [7]
    .rodata               const    0x080808f8    0x604  fbif_dsc.o [6]
    .rodata               const    0x08080efc   0x10e0  fbs_vfd.o [8]
    .rodata               const    0x08081fdc    0x16c  osif_cfg.o [13]
    .rodata               const    0x08082148   0x30c0  ptb.o [6]
    .rodata               const    0x08085208    0x634  instance.o [6]
    .rodata               const    0x0808583c    0xd98  aifb.o [6]
    .rodata               const    0x080865d4    0xb9c  aofb.o [6]
    .rodata               const    0x08087170    0xd3c  arfb.o [6]
    .rodata               const    0x08087eac    0x944  csfb.o [6]
    .rodata               const    0x080887f0    0x9b0  difb.o [6]
    .rodata               const    0x080891a0    0xa20  dofb.o [6]
    .rodata               const    0x08089bc0    0x9b8  isfb.o [6]
    .rodata               const    0x0808a578    0x7d8  maifb.o [6]
    .rodata               const    0x0808ad50    0x9f0  osfb.o [6]
    .rodata               const    0x0808b740   0x16f4  pidfb.o [6]
    .rodata               const    0x0808ce34   0x1754  resb.o [6]
    .rodata               const    0x0808e588   0x3058  spec_ds.o [6]
    .rodata               const    0x080915e0      0x4  mnhart2ff.o [7]
    .rodata               const    0x080915e4      0x4  mnhart2ff.o [7]
    .rodata               const    0x080915e8   0x1474  mib.o [3]
    .rodata               const    0x08092a5c     0x1c  mncbdefs.o [7]
    .rodata               const    0x08092a78    0x1b8  poschrtab.o [7]
    .rodata               const    0x08092c30    0x1aa  fault2alert.o [7]
    .rodata               const    0x08092dda     0x28  appl_dlh.o [7]
    .rodata               const    0x08092e02     0x21  appl_if.o [7]
    .rodata               const    0x08092e23     0x32  appl_if.o [7]
    .rodata               const    0x08092e55     0x39  appl_if.o [7]
    .rodata               const    0x08092e8e     0xc6  dll_drx.o [3]
    .rodata               const    0x08092f54     0x88  fmg.o [3]
    .rodata               const    0x08092fdc      0x0  bwt_init3c.o [14]
  __general_code__                 0x08092fe0   0x3bb2  <Block>
    .text                 ro code  0x08092fe0    0x860  pow.o [11]
    .text                 ro code  0x08093840     0x44  xdnorm.o [11]
    .text                 ro code  0x08093884     0x80  xdint.o [11]
    .text                 ro code  0x08093904     0x20  DblCmpEq.o [11]
    .text                 ro code  0x08093924      0xc  errno.o [4]
    .text                 ro code  0x08093930     0x2e  DblCmpGe.o [11]
    .text                 ro code  0x0809395e     0x22  zero_init3.o [14]
    .text                 ro code  0x08093980     0x2e  DblCmpLe.o [11]
    .text                 ro code  0x080939ae     0x2e  copy_init3.o [14]
    .text                 ro code  0x080939dc    0x1a2  DblMul.o [11]
    .text                 ro code  0x08093b80     0xe8  DblAdd.o [11]
    .text                 ro code  0x08093c68     0x4c  DblToI32.o [11]
    .text                 ro code  0x08093cb4     0x30  I32ToDbl.o [11]
    .text                 ro code  0x08093ce4    0x180  DblSub.o [11]
    .text                 ro code  0x08093e64    0x246  DblDiv.o [11]
    .text                 ro code  0x080940ac     0xa8  xlog.o [11]
    .text                 ro code  0x08094154    0x2f4  xexp.o [11]
    .text                 ro code  0x08094448      0x2  xtls.o [4]
    .text                 ro code  0x0809444c    0x11a  xdscale.o [11]
    .text                 ro code  0x08094568     0x18  startup_stm32f10x_xl.o [10]
    .text                 ro code  0x08094580     0x2c  cortextrap.o [10]
    .text                 ro code  0x080945ac    0x5d0  OSKERN.o [12]
    .text                 ro code  0x08094b7c     0xec  rtos.o [12]
    .text                 ro code  0x08094c68      0xc  OS_StackInfo.o [12]
    .text                 ro code  0x08094c74      0xc  OS_GetCPUState.o [12]
    .text                 ro code  0x08094c80     0x1c  OS_InitMode.o [12]
    .text                 ro code  0x08094c9c     0x66  ABImemset.o [14]
    .text                 ro code  0x08094d04     0x30  OS_ARM_ISRCheckPrio.o [12]
    .text                 ro code  0x08094d34     0x54  OS_TICK_Handle.o [12]
    .text                 ro code  0x08094d88    0x174  OSRSEM.o [12]
    .text                 ro code  0x08094efc     0x3c  OS_Wait.o [12]
    .text                 ro code  0x08094f38     0x3c  OS_DeactivateP.o [12]
    .text                 ro code  0x08094f74     0x54  OSRSEMRQ.o [12]
    .text                 ro code  0x08094fc8     0x94  OSMAIL.o [12]
    .text                 ro code  0x0809505c    0x110  OS_CreateTask.o [12]
    .text                 ro code  0x0809516c      0x6  ABImemclr4.o [14]
    .text                 ro code  0x08095174     0x32  ABImemset48.o [14]
    .text                 ro code  0x080951a8     0x24  OSEVENGE.o [12]
    .text                 ro code  0x080951cc     0x54  OSGMC.o [12]
    .text                 ro code  0x08095220     0xd4  OSMX.o [12]
    .text                 ro code  0x080952f4     0x5c  OSPMC.o [12]
    .text                 ro code  0x08095350     0x64  OSSETP.o [12]
    .text                 ro code  0x080953b4     0x68  OSEVENS.o [12]
    .text                 ro code  0x0809541c     0x6c  OSEVENW.o [12]
    .text                 ro code  0x08095488     0x70  OSEVENWS.o [12]
    .text                 ro code  0x080954f8     0x88  xxmemxfree.o [4]
    .text                 ro code  0x08095580     0x94  xsyslock.o [4]
    .text                 ro code  0x08095614     0xbc  xxmemxmalloc.o [4]
    .text                 ro code  0x080956d0     0x28  xgetmemchunk.o [4]
    .text                 ro code  0x080956f8    0x204  OSTIME.o [12]
    .text                 ro code  0x080958fc     0x44  OSTimeS.o [12]
    .text                 ro code  0x08095940     0x20  srand.o [4]
    .text                 ro code  0x08095960     0xc4  rand.o [4]
    .text                 ro code  0x08095a24     0xb4  OS_xmtx.o [12]
    .text                 ro code  0x08095ad8     0x60  OSDELRS.o [12]
    .text                 ro code  0x08095b38     0x2c  data_init3.o [14]
    .text                 ro code  0x08095b64     0x76  ABImemcpy.o [14]
    .text                 ro code  0x08095bdc     0x36  strlen.o [14]
    .text                 ro code  0x08095c14     0x62  memcmp.o [14]
    .text                 ro code  0x08095c78      0x6  ABImemclr.o [14]
    .text                 ro code  0x08095c80     0xfc  FltDiv.o [11]
    .text                 ro code  0x08095d7c     0xd8  FltMul.o [11]
    .text                 ro code  0x08095e54     0x1c  FltCmpEq.o [11]
    .text                 ro code  0x08095e70     0x24  FltCmpLe.o [11]
    .text                 ro code  0x08095e94     0x90  DblToFlt.o [11]
    .text                 ro code  0x08095f24     0x4e  FltToDbl.o [11]
    .text                 ro code  0x08095f74     0x84  FltAdd.o [11]
    .text                 ro code  0x08095ff8     0xe6  FltSub.o [11]
    .text                 ro code  0x080960e0     0x32  I32ToFlt.o [11]
    .text                 ro code  0x08096114     0x42  strcmp.o [14]
    .text                 ro code  0x08096158     0x24  FltCmpGe.o [11]
    .text                 ro code  0x0809617c     0x24  FltToU32.o [11]
    .text                 ro code  0x080961a0     0x44  FltToS32.o [11]
    .text                 ro code  0x080961e4     0x34  floorf.o [11]
    .text                 ro code  0x08096218    0x2d4  powf.o [11]
    .text                 ro code  0x080964ec     0x24  xfdnorm.o [11]
    .text                 ro code  0x08096510     0x50  xfdint.o [11]
    .text                 ro code  0x08096560    0x1d8  xflog.o [11]
    .text                 ro code  0x08096738    0x210  xfexp.o [11]
    .text                 ro code  0x08096948     0xc2  xfdscale.o [11]
    .text                 ro code  0x08096a0c     0x40  lroundf.o [11]
    .text                 ro code  0x08096a4c     0x38  roundf.o [11]
    .text                 ro code  0x08096a84     0xf0  sqrt.o [11]
    .text                 ro code  0x08096b74      0xc  iarEdom.o [14]
    .text                 ro code  0x08096b80      0x0  cstart_clearlocks.o [14]
    .text                 ro code  0x08096b80      0x4  cexit.o [14]
    .text                 ro code  0x08096b84      0x8  labs.o [4]
    .text                 ro code  0x08096b8c      0x6  log10f.o [11]
  .iar.init_table         const    0x08096b94     0x24  - Linker created -
  CODE                    ro code  0x08096bb8     0x20  hw_init.o [10]
  STM32F10x_StdPeriph_Driver_code
                          ro code  0x08096bd8     0x7c  stm32f10x_exti.o [2]
  STM32F10x_StdPeriph_Driver_code
                          ro code  0x08096c54    0x144  stm32f10x_rcc.o [2]
  STM32F10x_StdPeriph_Driver_code
                          ro code  0x08096d98     0x90  misc.o [2]
  STM32F10x_StdPeriph_Driver_code
                          ro code  0x08096e28     0xf6  stm32f10x_usart.o [2]
  STM32F10x_StdPeriph_Driver_code
                          ro code  0x08096f20     0x24  stm32f10x_fsmc.o [2]
  STM32F10x_StdPeriph_Driver_code
                          ro code  0x08096f44    0x1bc  stm32f10x_gpio.o [2]
  STM32F10x_StdPeriph_Driver_code
                          ro code  0x08097100    0x14c  stm32f10x_tim.o [2]
  hm_code                 ro code  0x0809724c    0x967  hm.o [9]
  hm_code                 ro code  0x08097bb4     0x7c  hm_dma.o [9]
  hm_code                 ro code  0x08097c30     0xc4  hm_if.o [9]
  hm_code                 ro code  0x08097cf4    0x494  hm_task.o [9]
  tmp_code                ro code  0x08098188    0x81c  tmp_hi.o [3]
  tmp_code                ro code  0x080989a4    0x22c  tmp_lo.o [3]
  Initializer bytes       ro data  0x08098bd0    0x150  <for P2-1>
  __hw_code__                      0x08098d20   0x1718  <Block>
    hw_code               ro code  0x08098d20     0xce  hw_intr.o [10]
    hw_code               ro code  0x08098df0    0x134  hw_os.o [10]
    hw_code               ro code  0x08098f24    0x198  hw_init.o [10]
    hw_code               ro code  0x080990bc    0x600  hw_periph_cfg.o [10]
    hw_code               ro code  0x080996bc    0x1bc  mnassert.o [10]
    hw_code               ro code  0x08099878    0x496  hw_i2c.o [10]
    hw_code               ro code  0x08099d10    0x268  crc.o [10]
    hw_code               ro code  0x08099f78     0x7a  stubs_app.o [10]
    hw_code               ro code  0x08099ff4     0xdc  hw_tim.o [10]
    hw_code               ro code  0x0809a0d0     0x2c  cortextrapc.o [10]
    hw_code               ro code  0x0809a0fc    0x144  hw_hm.o [10]
    hw_code               ro code  0x0809a240    0x1f8  hw_io.o [10]
  __eep_code__                     0x0809a438    0xbfb  <Block>
    eep_code              ro code  0x0809a438    0xbfb  eep_if.o [5]
  __osif_code__                    0x0809b034   0x1508  <Block>
    osif_code             ro code  0x0809b034     0xd2  osif_mn.o [13]
    osif_code             ro code  0x0809b108   0x1062  osif_tsk.o [13]
    osif_code             ro code  0x0809c16c    0x3c0  osif_tim.o [13]
    osif_code             ro code  0x0809c52c     0x10  xmtx.o [13]
  CODE                    ro code  0x0809c53c      0x2  hw_intr.o [10]
  __cif_code__                     0x0809c540    0x8c6  <Block>
    cif_code              ro code  0x0809c540    0x738  fdc.o [3]
    cif_code              ro code  0x0809cc78    0x178  fdc_bgd.o [3]
    cif_code              ro code  0x0809cdf0     0x16  fdc_wd.o [3]
  __fbs_code__                     0x0809ce08   0x8a00  <Block>
    fbs_code              ro code  0x0809ce08    0x990  fbs_init.o [8]
    fbs_code              ro code  0x0809d798    0x258  fbs_fbif.o [8]
    fbs_code              ro code  0x0809d9f0    0xfc8  fbs_nv.o [8]
    fbs_code              ro code  0x0809e9b8    0xe56  fbs_alt.o [8]
    fbs_code              ro code  0x0809f810   0x1da0  fbs_run.o [8]
    fbs_code              ro code  0x080a15b0    0x175  fbs_blk.o [8]
    fbs_code              ro code  0x080a1728    0xd80  fbs_vfd.o [8]
    fbs_code              ro code  0x080a24a8   0x1228  fbs_mvc.o [8]
    fbs_code              ro code  0x080a36d0    0x13c  fbs_scd.o [8]
    fbs_code              ro code  0x080a380c     0x14  fbs_od.o [8]
    fbs_code              ro code  0x080a3820    0x37c  fbs_trd.o [8]
    fbs_code              ro code  0x080a3b9c    0x918  fbs_acc.o [8]
    fbs_code              ro code  0x080a44b4    0x348  fbs_if.o [8]
    fbs_code              ro code  0x080a47fc    0x7a0  fbs_rw.o [8]
    fbs_code              ro code  0x080a4f9c    0x86c  fbs_od.o [8]
  __fbif_code__                    0x080a5808   0x9818  <Block>
    fbif_code             ro code  0x080a5808    0x508  ffbl_bas.o [6]
    fbif_code             ro code  0x080a5d10    0x77f  ffbl_res.o [6]
    fbif_code             ro code  0x080a6490    0x43a  ffbl_fd.o [6]
    fbif_code             ro code  0x080a68cc    0xd2a  ffbl_ai.o [6]
    fbif_code             ro code  0x080a75f8    0x17e  ffbl_pai.o [6]
    fbif_code             ro code  0x080a7778    0xfa8  ffbl_ao.o [6]
    fbif_code             ro code  0x080a8720     0x46  ffbl_pao.o [6]
    fbif_code             ro code  0x080a8768    0x638  ffbl_mo.o [6]
    fbif_code             ro code  0x080a8da0    0xde2  ffbl_ar.o [6]
    fbif_code             ro code  0x080a9b84    0x846  ffbl_cs.o [6]
    fbif_code             ro code  0x080aa3cc    0x846  ffbl_di.o [6]
    fbif_code             ro code  0x080aac14    0xd82  ffbl_do.o [6]
    fbif_code             ro code  0x080ab998    0x6f2  ffbl_is.o [6]
    fbif_code             ro code  0x080ac08c    0x433  ffbl_mai.o [6]
    fbif_code             ro code  0x080ac4c0    0xd96  ffbl_os.o [6]
    fbif_code             ro code  0x080ad258   0x1d94  ffbl_pid.o [6]
    fbif_code             ro code  0x080aefec     0x14  ffbl_krn.o [6]
    fbif_code             ro code  0x080af000     0x20  spec_ds.o [6]
  __fdev_code__                    0x080af020   0xa156  <Block>
    fdev_code             ro code  0x080af020    0x353  appl_dlh.o [7]
    fdev_code             ro code  0x080af374     0x28  appl_svi_swdl.o [7]
    fdev_code             ro code  0x080af39c    0x44c  mn_fwdl.o [7]
    fdev_code             ro code  0x080af7e8      0x8  mn_hdr_validate.o [7]
    fdev_code             ro code  0x080af7f0     0xb0  mn_fwdl_hart.o [7]
    fdev_code             ro code  0x080af8a0    0x2a4  stm_flash.o [7]
    fdev_code             ro code  0x080afb44     0xee  bufutils.o [7]
    fdev_code             ro code  0x080afc32     0x76  mnhart2ff.o [7]
    fdev_code             ro code  0x080afca8    0x549  appl_if.o [7]
    fdev_code             ro code  0x080b01f4     0x2c  appl_nrv.o [7]
    fdev_code             ro code  0x080b0220    0xce8  appl_ptb.o [7]
    fdev_code             ro code  0x080b0f08    0x184  eep_blk2.o [7]
    fdev_code             ro code  0x080b108c    0x23f  eep_blk3.o [7]
    fdev_code             ro code  0x080b12cc    0x1ec  appl_dia.o [7]
    fdev_code             ro code  0x080b14b8    0x5a0  mn_advanced.o [7]
    fdev_code             ro code  0x080b1a58    0x608  mntbmspff.o [7]
    fdev_code             ro code  0x080b2060    0xc90  appl_alert.o [7]
    fdev_code             ro code  0x080b2cf0    0x12c  mn_working_times.o [7]
    fdev_code             ro code  0x080b2e1c    0x158  mnptberrors.o [7]
    fdev_code             ro code  0x080b2f74    0x3b0  mndoswff.o [7]
    fdev_code             ro code  0x080b3324    0x61c  mnipcff.o [7]
    fdev_code             ro code  0x080b3940     0xb7  mn_errorbits.o [7]
    fdev_code             ro code  0x080b39f8    0x3f2  mn_fstate.o [7]
    fdev_code             ro code  0x080b3dec    0x3cc  histogram.o [7]
    fdev_code             ro code  0x080b41b8    0x418  mn_trends.o [7]
    fdev_code             ro code  0x080b45d0    0x4d0  mncharactff.o [7]
    fdev_code             ro code  0x080b4aa0    0x3c6  mnfindstopsff.o [7]
    fdev_code             ro code  0x080b4e66    0x2b2  mndiagprocff.o [7]
    fdev_code             ro code  0x080b5118    0x568  mnctllimff.o [7]
    fdev_code             ro code  0x080b5680    0x48c  ctrl_param_set.o [7]
    fdev_code             ro code  0x080b5b0c     0x64  ui_language.o [7]
    fdev_code             ro code  0x080b5b70     0x52  app_mode.o [7]
    fdev_code             ro code  0x080b5bc4    0x2f0  pressure_range.o [7]
    fdev_code             ro code  0x080b5eb4    0x176  mn_actuator_3.o [7]
    fdev_code             ro code  0x080b602a    0x13c  mn_ui_access_control.o [7]
    fdev_code             ro code  0x080b6168    0x284  ffactoryuse.o [7]
    fdev_code             ro code  0x080b63ec    0x12c  mn_xd_errors.o [7]
    fdev_code             ro code  0x080b6518    0x112  mn_remote_sensor.o [7]
    fdev_code             ro code  0x080b662a     0x34  mn_checkproc.o [7]
    fdev_code             ro code  0x080b665e     0x48  mn_block_header.o [7]
    fdev_code             ro code  0x080b66a8    0x1d8  mn_cycle_counter_alert.o [7]
    fdev_code             ro code  0x080b6880    0x1d8  mn_travel_accumulation.o [7]
    fdev_code             ro code  0x080b6a58     0x42  mn_clear_status.o [7]
    fdev_code             ro code  0x080b6a9c    0x1fc  mn_travel_units.o [7]
    fdev_code             ro code  0x080b6c98    0x94b  lui_ipc_variables.o [7]
    fdev_code             ro code  0x080b75e4    0x130  mn_near_closed_alert.o [7]
    fdev_code             ro code  0x080b7714    0x358  mn_supply_pressure_alert.o [7]
    fdev_code             ro code  0x080b7a6c     0xa8  mn_ip_drive_current_alert.o [7]
    fdev_code             ro code  0x080b7b14     0x78  mn_temperature_alert.o [7]
    fdev_code             ro code  0x080b7b8c    0x18c  mn_deviation_alert.o [7]
    fdev_code             ro code  0x080b7d18    0x10c  mn_diagnostic_configuration.o [7]
    fdev_code             ro code  0x080b7e24     0xa8  mnfaultsimport.o [7]
    fdev_code             ro code  0x080b7ecc    0x10b  appl_res.o [7]
    fdev_code             ro code  0x080b7fd8    0x34e  mn_factory_defaults.o [7]
    fdev_code             ro code  0x080b8326     0x3e  mn_grant_deny.o [7]
    fdev_code             ro code  0x080b8364    0x330  mnptbexec.o [7]
    fdev_code             ro code  0x080b8694    0xae2  controller_pid.o [7]
  __ddl_code__                     0x080b9178   0x6ae8  <Block>
    dll_code              ro code  0x080b9178    0xca4  dll_spc4.o [3]
    dll_code              ro code  0x080b9e1c    0xb30  dll_lrx.o [3]
    dll_code              ro code  0x080ba94c    0x200  dll_bas.o [3]
    dll_code              ro code  0x080bab4c    0xf02  dll_acc.o [3]
    dll_code              ro code  0x080bba50    0xf14  dll_drx.o [3]
    dll_code              ro code  0x080bc964   0x13ac  dll_las.o [3]
    dll_code              ro code  0x080bdd10    0x698  dll_ltx.o [3]
    dll_code              ro code  0x080be3a8    0x2ac  dll_msg.o [3]
    dll_code              ro code  0x080be654    0x220  dll_cfg.o [3]
    dll_code              ro code  0x080be874   0x108c  dll_list.o [3]
    dll_code              ro code  0x080bf900    0x1a4  dll_addr.o [3]
    dll_code              ro code  0x080bfaa4    0x1bc  dll_ltim.o [3]
  __fal_code__                     0x080bfc60   0x365e  <Block>
    fal_code              ro code  0x080bfc60    0x410  faltsk.o [3]
    fal_code              ro code  0x080c0070    0xcc0  falvcr.o [3]
    fal_code              ro code  0x080c0d30    0x498  faltim.o [3]
    fal_code              ro code  0x080c11c8    0x15e  falsub.o [3]
    fal_code              ro code  0x080c1328    0x418  falabt.o [3]
    fal_code              ro code  0x080c1740     0xd0  falass.o [3]
    fal_code              ro code  0x080c1810    0x7ee  faldll.o [3]
    fal_code              ro code  0x080c1ffe    0x58a  falfms.o [3]
    fal_code              ro code  0x080c2588    0x538  fmscod.o [3]
    fal_code              ro code  0x080c2ac0    0x3d6  falsrv.o [3]
    fal_code              ro code  0x080c2e98    0x248  fmsif.o [3]
    fal_code              ro code  0x080c30e0      0x4  falaux.o [3]
    fal_code              ro code  0x080c30e4     0x1e  falopn.o [3]
    fal_code              ro code  0x080c3102     0xe4  falpub.o [3]
    fal_code              ro code  0x080c31e6     0xd8  falsnd.o [3]
  __fmg_code__                     0x080c32c0   0x49a4  <Block>
    fmg_code              ro code  0x080c32c0    0xa33  smdls.o [3]
    fmg_code              ro code  0x080c3cf4      0xc  nmod.o [3]
    fmg_code              ro code  0x080c3d00    0x162  fmg.o [3]
    fmg_code              ro code  0x080c3e64   0x13dc  sm.o [3]
    fmg_code              ro code  0x080c5240    0x268  nmif.o [3]
    fmg_code              ro code  0x080c54a8    0x544  smtim.o [3]
    fmg_code              ro code  0x080c59ec    0x388  nmvcr.o [3]
    fmg_code              ro code  0x080c5d74    0x658  nmod.o [3]
    fmg_code              ro code  0x080c63cc    0xf8c  nmcfg.o [3]
    fmg_code              ro code  0x080c7358    0x90c  nmdom.o [3]
  __mn_checksum__                  0x080c7c64      0x6  <Block>
    checksum              ro code  0x080c7c64      0x6  endofimage.o [10]
                                 - 0x080c7c6a  0x4746a

"P2", part 1 of 3:                               0x150
  P2-1                             0x20000000    0x150  <Init block>
    .data                 inited   0x20000000     0x2c  OSGLOBAL.o [12]
    .data                 inited   0x2000002c     0x14  stm32f10x_rcc.o [2]
    .data                 inited   0x20000040      0x4  appl_if.o [7]
    .data                 inited   0x20000044     0x54  eep_if.o [5]
    .data                 inited   0x20000098      0x1  appl_ptb.o [7]
    .data                 inited   0x2000009a      0x2  appl_alert.o [7]
    .data                 inited   0x2000009c      0x2  hm_task.o [9]
    .data                 inited   0x200000a0      0x4  mn_trends.o [7]
    .data                 inited   0x200000a4      0x8  mn_trends.o [7]
    .data                 inited   0x200000ac      0x1  mn_fstate.o [7]
    .data                 inited   0x200000ad      0x1  mndoswff.o [7]
    .data                 inited   0x200000ae      0x1  mndoswff.o [7]
    .data                 inited   0x200000af      0x2  mnipcff.o [7]
    .data                 inited   0x200000b4      0xc  mnptberrors.o [7]
    .data                 inited   0x200000c0      0x1  mnptbexec.o [7]
    .data                 inited   0x200000c1      0x1  mnptbexec.o [7]
    .data                 inited   0x200000c2      0x1  mnptbexec.o [7]
    __DLIB_PERTHREAD      inited   0x200000c4     0x8c  rand.o [4]
                                 - 0x20000150    0x150

"P2", part 2 of 3:                             0x127e4
  .noinit                 uninit   0x20000150   0x32fc  falvcr.o [3]
  .noinit                 uninit   0x2000344c   0x1804  dll_bas.o [3]
  .noinit                 uninit   0x20004c50   0x1180  fbs_vfd.o [8]
  .noinit                 uninit   0x20005dd0   0x1094  osif_tsk.o [13]
  .noinit                 uninit   0x20006e64     0x7c  hm.o [9]
  CSTACK                           0x20006ee0   0x1000  <Block>
    CSTACK                uninit   0x20006ee0   0x1000  <Block tail>
  .noinit                 uninit   0x20007ee0    0xfbc  faltim.o [3]
  .noinit                 uninit   0x20008e9c    0xa94  instance.o [6]
  .noinit                 uninit   0x20009930    0xa28  falvcr.o [3]
  .noinit                 uninit   0x2000a358    0x800  osif_cfg.o [13]
  .noinit                 uninit   0x2000ab58    0x714  sm.o [3]
  .noinit                 uninit   0x2000b26c    0x6a8  dll_bas.o [3]
  .noinit                 uninit   0x2000b914    0x600  osif_cfg.o [13]
  .noinit                 uninit   0x2000bf14    0x500  osif_cfg.o [13]
  .noinit                 uninit   0x2000c414    0x488  nmdom.o [3]
  .noinit                 uninit   0x2000c89c    0x3d8  nmvcr.o [3]
  .noinit                 uninit   0x2000cc74    0x3c0  dll_bas.o [3]
  .noinit                 uninit   0x2000d034    0x350  eep_if.o [5]
  .noinit                 uninit   0x2000d384    0x33c  dll_bas.o [3]
  .noinit                 uninit   0x2000d6c0    0x324  fbs_fbif.o [8]
  .noinit                 uninit   0x2000d9e4    0x300  osif_cfg.o [13]
  .noinit                 uninit   0x2000dce4    0x300  osif_cfg.o [13]
  .noinit                 uninit   0x2000dfe4    0x300  osif_cfg.o [13]
  .noinit                 uninit   0x2000e2e4    0x2ec  osif_tsk.o [13]
  .noinit                 uninit   0x2000e5d0    0x288  instance.o [6]
  .noinit                 uninit   0x2000e858    0x280  fbs_fbif.o [8]
  .noinit                 uninit   0x2000ead8    0x280  osif_cfg.o [13]
  .noinit                 uninit   0x2000ed58    0x26c  instance.o [6]
  .noinit                 uninit   0x2000efc4    0x26c  instance.o [6]
  .noinit                 uninit   0x2000f230    0x230  dll_bas.o [3]
  .noinit                 uninit   0x2000f460    0x220  fbs_nv.o [8]
  .noinit                 uninit   0x2000f680    0x200  osif_cfg.o [13]
  .noinit                 uninit   0x2000f880    0x1e0  dll_bas.o [3]
  .noinit                 uninit   0x2000fa60    0x1a0  fbs_vfd.o [8]
  .noinit                 uninit   0x2000fc00    0x190  instance.o [6]
  .noinit                 uninit   0x2000fd90    0x190  instance.o [6]
  .noinit                 uninit   0x2000ff20    0x190  instance.o [6]
  .noinit                 uninit   0x200100b0    0x18c  osif_tim.o [13]
  .noinit                 uninit   0x2001023c    0x180  fbs_mvc.o [8]
  .noinit                 uninit   0x200103bc    0x180  fbs_mvc.o [8]
  .noinit                 uninit   0x2001053c    0x134  instance.o [6]
  .noinit                 uninit   0x20010670    0x12c  instance.o [6]
  .noinit                 uninit   0x2001079c    0x118  instance.o [6]
  .noinit                 uninit   0x200108b4    0x100  dll_bas.o [3]
  .noinit                 uninit   0x200109b4    0x100  dll_bas.o [3]
  .noinit                 uninit   0x20010ab4    0x100  dll_las.o [3]
  .noinit                 uninit   0x20010bb4    0x100  fbs_mvc.o [8]
  .noinit                 uninit   0x20010cb4    0x100  fbs_vfd.o [8]
  .noinit                 uninit   0x20010db4    0x100  fbs_vfd.o [8]
  .noinit                 uninit   0x20010eb4    0x100  fbs_vfd.o [8]
  .noinit                 uninit   0x20010fb4    0x100  osif_cfg.o [13]
  .noinit                 uninit   0x200110b4    0x100  osif_cfg.o [13]
  .noinit                 uninit   0x200111b4     0xf4  instance.o [6]
  .noinit                 uninit   0x200112a8     0xe0  instance.o [6]
  .noinit                 uninit   0x20011388     0xdc  instance.o [6]
  .noinit                 uninit   0x20011464     0xd8  hm_task.o [9]
  .noinit                 uninit   0x2001153c     0xd8  instance.o [6]
  .noinit                 uninit   0x20011614     0xd8  instance.o [6]
  .noinit                 uninit   0x200116ec     0xd4  eep_if.o [5]
  .noinit                 uninit   0x200117c0     0xc8  appl_ptb.o [7]
  .noinit                 uninit   0x20011888     0xc0  instance.o [6]
  .noinit                 uninit   0x20011948     0xc0  instance.o [6]
  .noinit                 uninit   0x20011a08     0xa4  appl_dlh.o [7]
  .noinit                 uninit   0x20011aac     0x9c  dll_drx.o [3]
  .noinit                 uninit   0x20011b48     0x94  fbs_od.o [8]
  .noinit                 uninit   0x20011bdc     0x90  fbs_alt.o [8]
  .noinit                 uninit   0x20011c6c     0x88  dll_bas.o [3]
  .noinit                 uninit   0x20011cf4     0x88  nmod.o [3]
  .noinit                 uninit   0x20011d7c     0x80  fbs_vfd.o [8]
  .noinit                 uninit   0x20011dfc     0x7c  hm.o [9]
  .noinit                 uninit   0x20011e78     0x78  dll_bas.o [3]
  .noinit                 uninit   0x20011ef0     0x68  ffbl_fd.o [6]
  .noinit                 uninit   0x20011f58     0x64  fbs_run.o [8]
  .noinit                 uninit   0x20011fbc     0x5c  fbs_init.o [8]
  .noinit                 uninit   0x20012018     0x54  nmdom.o [3]
  .noinit                 uninit   0x2001206c     0x50  faltsk.o [3]
  .noinit                 uninit   0x200120bc     0x50  sm.o [3]
  .noinit                 uninit   0x2001210c     0x48  fdc.o [3]
  .noinit                 uninit   0x20012154     0x48  dll_bas.o [3]
  .noinit                 uninit   0x2001219c     0x48  dll_bas.o [3]
  .noinit                 uninit   0x200121e4     0x48  appl_dia.o [7]
  .noinit                 uninit   0x2001222c     0x40  fbs_nv.o [8]
  .noinit                 uninit   0x2001226c     0x40  ffbl_fd.o [6]
  .noinit                 uninit   0x200122ac     0x3c  fbs_vfd.o [8]
  .noinit                 uninit   0x200122e8     0x38  hm_task.o [9]
  .noinit                 uninit   0x20012320     0x34  fbs_vfd.o [8]
  .noinit                 uninit   0x20012354     0x34  nmcfg.o [3]
  .noinit                 uninit   0x20012388     0x34  ffbl_mo.o [6]
  .noinit                 uninit   0x200123bc     0x30  fbs_nv.o [8]
  .noinit                 uninit   0x200123ec     0x30  fbs_vfd.o [8]
  .noinit                 uninit   0x2001241c     0x2c  dll_spc4.o [3]
  .noinit                 uninit   0x20012448     0x28  fbs_init.o [8]
  .noinit                 uninit   0x20012470     0x28  fbs_vfd.o [8]
  .noinit                 uninit   0x20012498     0x24  appl_svi_swdl.o [7]
  .noinit                 uninit   0x200124bc     0x24  dll_las.o [3]
  .noinit                 uninit   0x200124e0     0x24  fdc_bgd.o [3]
  .noinit                 uninit   0x20012504     0x20  hm.o [9]
  .noinit                 uninit   0x20012524     0x20  dll_bas.o [3]
  .noinit                 uninit   0x20012544     0x20  dll_bas.o [3]
  .noinit                 uninit   0x20012564     0x20  dll_bas.o [3]
  .noinit                 uninit   0x20012584     0x20  fbs_fbif.o [8]
  .noinit                 uninit   0x200125a4     0x20  dll_las.o [3]
  .noinit                 uninit   0x200125c4     0x20  dll_las.o [3]
  .noinit                 uninit   0x200125e4     0x20  dll_las.o [3]
  .noinit                 uninit   0x20012604     0x20  fbs_scd.o [8]
  .noinit                 uninit   0x20012624     0x20  nmdom.o [3]
  .noinit                 uninit   0x20012644     0x1e  fbs_vfd.o [8]
  .noinit                 uninit   0x20012662      0x2  stubs_app.o [10]
  .noinit                 uninit   0x20012664     0x1c  nmif.o [3]
  .noinit                 uninit   0x20012680     0x1c  ffbl_pai.o [6]
  .noinit                 uninit   0x2001269c     0x18  osif_mn.o [13]
  .noinit                 uninit   0x200126b4     0x18  faldll.o [3]
  .noinit                 uninit   0x200126cc     0x17  dll_lrx.o [3]
  .noinit                 uninit   0x200126e3      0x5  nmvcr.o [3]
  .noinit                 uninit   0x200126e8     0x14  fdc.o [3]
  .noinit                 uninit   0x200126fc     0x14  smdls.o [3]
  .noinit                 uninit   0x20012710     0x14  dll_bas.o [3]
  .noinit                 uninit   0x20012724     0x14  ffbl_bas.o [6]
  .noinit                 uninit   0x20012738     0x14  falvcr.o [3]
  .noinit                 uninit   0x2001274c     0x14  fbs_if.o [8]
  .noinit                 uninit   0x20012760     0x14  nmod.o [3]
  .noinit                 uninit   0x20012774     0x10  dll_bas.o [3]
  .noinit                 uninit   0x20012784     0x10  dll_bas.o [3]
  .noinit                 uninit   0x20012794     0x10  dll_bas.o [3]
  .noinit                 uninit   0x200127a4     0x10  fbs_mvc.o [8]
  .noinit                 uninit   0x200127b4     0x10  fbs_run.o [8]
  .noinit                 uninit   0x200127c4     0x10  faltim.o [3]
  .noinit                 uninit   0x200127d4      0xd  eep_if.o [5]
  .noinit                 uninit   0x200127e1      0x2  fbs_scd.o [8]
  .noinit                 uninit   0x200127e3      0x1  appl_if.o [7]
  .noinit                 uninit   0x200127e4      0xc  mnassert.o [10]
  .noinit                 uninit   0x200127f0      0xc  osif_tim.o [13]
  .noinit                 uninit   0x200127fc      0xc  dll_bas.o [3]
  .noinit                 uninit   0x20012808      0xc  dll_bas.o [3]
  .noinit                 uninit   0x20012814      0xc  dll_ltx.o [3]
  .noinit                 uninit   0x20012820      0xc  ffbl_bas.o [6]
  .noinit                 uninit   0x2001282c      0xc  ffbl_res.o [6]
  .noinit                 uninit   0x20012838      0xc  dll_cfg.o [3]
  .noinit                 uninit   0x20012844      0xc  fmg.o [3]
  .noinit                 uninit   0x20012850      0xc  hm_task.o [9]
  .noinit                 uninit   0x2001285c      0xc  ffbl_ai.o [6]
  .noinit                 uninit   0x20012868      0x8  fdc.o [3]
  .noinit                 uninit   0x20012870      0x8  fbs_init.o [8]
  .noinit                 uninit   0x20012878      0x8  dll_bas.o [3]
  .noinit                 uninit   0x20012880      0x8  dll_bas.o [3]
  .noinit                 uninit   0x20012888      0x8  dll_bas.o [3]
  .noinit                 uninit   0x20012890      0x8  dll_cfg.o [3]
  .noinit                 uninit   0x20012898      0x8  dll_las.o [3]
  .noinit                 uninit   0x200128a0      0x8  dll_las.o [3]
  .noinit                 uninit   0x200128a8      0x8  fmg.o [3]
  .noinit                 uninit   0x200128b0      0x8  smtim.o [3]
  .noinit                 uninit   0x200128b8      0x8  tmp_hi.o [3]
  .noinit                 uninit   0x200128c0      0x8  tmp_hi.o [3]
  .noinit                 uninit   0x200128c8      0x8  nmcfg.o [3]
  .noinit                 uninit   0x200128d0      0x4  dll_bas.o [3]
  .noinit                 uninit   0x200128d4      0x4  dll_bas.o [3]
  .noinit                 uninit   0x200128d8      0x4  dll_bas.o [3]
  .noinit                 uninit   0x200128dc      0x4  dll_bas.o [3]
  .noinit                 uninit   0x200128e0      0x4  dll_bas.o [3]
  .noinit                 uninit   0x200128e4      0x4  dll_bas.o [3]
  .noinit                 uninit   0x200128e8      0x4  dll_bas.o [3]
  .noinit                 uninit   0x200128ec      0x4  dll_bas.o [3]
  .noinit                 uninit   0x200128f0      0x4  dll_bas.o [3]
  .noinit                 uninit   0x200128f4      0x4  fbs_nv.o [8]
  .noinit                 uninit   0x200128f8      0x4  fbs_vfd.o [8]
  .noinit                 uninit   0x200128fc      0x4  fbs_trd.o [8]
  .noinit                 uninit   0x20012900      0x4  ffbl_ar.o [6]
  .noinit                 uninit   0x20012904      0x2  dll_bas.o [3]
  .noinit                 uninit   0x20012906      0x2  dll_bas.o [3]
  .noinit                 uninit   0x20012908      0x2  dll_bas.o [3]
  .noinit                 uninit   0x2001290a      0x2  dll_bas.o [3]
  .noinit                 uninit   0x2001290c      0x2  dll_bas.o [3]
  .noinit                 uninit   0x2001290e      0x2  dll_bas.o [3]
  .noinit                 uninit   0x20012910      0x2  dll_bas.o [3]
  .noinit                 uninit   0x20012912      0x2  dll_bas.o [3]
  .noinit                 uninit   0x20012914      0x2  dll_bas.o [3]
  .noinit                 uninit   0x20012916      0x2  dll_bas.o [3]
  .noinit                 uninit   0x20012918      0x2  dll_bas.o [3]
  .noinit                 uninit   0x2001291a      0x2  dll_bas.o [3]
  .noinit                 uninit   0x2001291c      0x2  dll_ltim.o [3]
  .noinit                 uninit   0x2001291e      0x1  dll_bas.o [3]
  .noinit                 uninit   0x2001291f      0x1  dll_bas.o [3]
  .noinit                 uninit   0x20012920      0x1  dll_bas.o [3]
  .noinit                 uninit   0x20012921      0x1  dll_bas.o [3]
  .noinit                 uninit   0x20012922      0x1  dll_bas.o [3]
  .noinit                 uninit   0x20012923      0x1  dll_bas.o [3]
  .noinit                 uninit   0x20012924      0x1  dll_bas.o [3]
  .noinit                 uninit   0x20012925      0x1  dll_bas.o [3]
  .noinit                 uninit   0x20012926      0x1  dll_bas.o [3]
  .noinit                 uninit   0x20012927      0x1  dll_bas.o [3]
  .noinit                 uninit   0x20012928      0x1  dll_bas.o [3]
  .noinit                 uninit   0x20012929      0x1  dll_bas.o [3]
  .noinit                 uninit   0x2001292a      0x1  dll_bas.o [3]
  .noinit                 uninit   0x2001292b      0x1  dll_bas.o [3]
  .noinit                 uninit   0x2001292c      0x1  dll_bas.o [3]
  .noinit                 uninit   0x2001292d      0x1  dll_bas.o [3]
  .noinit                 uninit   0x2001292e      0x1  dll_bas.o [3]
  .noinit                 uninit   0x2001292f      0x1  dll_bas.o [3]
  .noinit                 uninit   0x20012930      0x1  appl_ptb.o [7]
  .noinit                 uninit   0x20012931      0x1  hm_if.o [9]
  .noinit                 uninit   0x20012932      0x1  smtim.o [3]
  .noinit                 uninit   0x20012933      0x1  fbs_blk.o [8]
                                 - 0x20012934  0x127e4

"P2", part 3 of 3:                               0xaf8
  .bss                    zero     0x20012934    0x408  appl_alert.o [7]
  .bss                    zero     0x20012d3c    0x140  tmp_hi.o [3]
  .bss                    zero     0x20012e7c     0x90  histogram.o [7]
  .bss                    zero     0x20012f0c     0x78  mn_fwdl_hart.o [7]
  .bss                    zero     0x20012f84     0x64  mn_trends.o [7]
  .bss                    zero     0x20012fe8     0x50  smdls.o [3]
  .bss                    zero     0x20013038     0x4c  lui_ipc_variables.o [7]
  .bss                    zero     0x20013084     0x4c  mncharactff.o [7]
  .bss                    zero     0x200130d0     0x48  mn_fwdl.o [7]
  .bss                    zero     0x20013118     0x40  hm.o [9]
  .bss                    zero     0x20013158     0x38  mn_fwdl.o [7]
  .bss                    zero     0x20013190     0x38  histogram.o [7]
  .bss                    zero     0x200131c8     0x2c  smdls.o [3]
  .bss                    zero     0x200131f4     0x28  eep_if.o [5]
  .bss                    zero     0x2001321c     0x28  hw_i2c.o [10]
  .bss                    zero     0x20013244     0x24  mn_advanced.o [7]
  .bss                    zero     0x20013268     0x21  smdls.o [3]
  .bss                    zero     0x20013289      0x2  hm_task.o [9]
  .bss                    zero     0x2001328b      0x1  OSGLOBAL.o [12]
  .bss                    zero     0x2001328c     0x20  mn_fwdl.o [7]
  .bss                    zero     0x200132ac     0x18  appl_alert.o [7]
  .bss                    zero     0x200132c4     0x18  xsyslock.o [4]
  .bss                    zero     0x200132dc     0x18  OS_xmtx.o [12]
  .bss                    zero     0x200132f4     0x15  hm.o [9]
  .bss                    zero     0x2001330a      0x2  mndoswff.o [7]
  .bss                    zero     0x2001330c     0x14  hw_init.o [10]
  .bss                    zero     0x20013320     0x14  hw_i2c.o [10]
  .bss                    zero     0x20013334     0x14  appl_res.o [7]
  .bss                    zero     0x20013348     0x12  lui_ipc_variables.o [7]
  .bss                    zero     0x2001335a      0x1  OSGLOBAL.o [12]
  .bss                    zero     0x2001335b      0x1  OSGLOBAL.o [12]
  .bss                    zero     0x2001335c     0x10  stm_flash.o [7]
  .bss                    zero     0x2001336c     0x10  appl_alert.o [7]
  .bss                    zero     0x2001337c     0x10  appl_alert.o [7]
  .bss                    zero     0x2001338c     0x10  mn_fstate.o [7]
  .bss                    zero     0x2001339c      0xc  appl_ptb.o [7]
  .bss                    zero     0x200133a8      0xc  appl_ptb.o [7]
  .bss                    zero     0x200133b4      0x8  appl_ptb.o [7]
  .bss                    zero     0x200133bc      0x8  appl_ptb.o [7]
  .bss                    zero     0x200133c4      0x8  xxmemxmalloc.o [4]
  .bss                    zero     0x200133cc      0x8  appl_alert.o [7]
  .bss                    zero     0x200133d4      0x8  appl_alert.o [7]
  .bss                    zero     0x200133dc      0x8  appl_alert.o [7]
  .bss                    zero     0x200133e4      0x8  mnipcff.o [7]
  .bss                    zero     0x200133ec      0x4  hw_intr.o [10]
  .bss                    zero     0x200133f0      0x4  OSGLOBAL.o [12]
  .bss                    zero     0x200133f4      0x4  OSGLOBAL.o [12]
  .bss                    zero     0x200133f8      0x4  OSGLOBAL.o [12]
  .bss                    zero     0x200133fc      0x4  OSGLOBAL.o [12]
  .bss                    zero     0x20013400      0x4  mnassert.o [10]
  .bss                    zero     0x20013404      0x4  hw_i2c.o [10]
  .bss                    zero     0x20013408      0x4  OSTERM.o [12]
  .bss                    zero     0x2001340c      0x4  mn_working_times.o [7]
  .bss                    zero     0x20013410      0x4  appl_alert.o [7]
  .bss                    zero     0x20013414      0x4  mn_errorbits.o [7]
  .bss                    zero     0x20013418      0x4  xgetmemchunk.o [4]
  __DLIB_PERTHREAD        zero     0x2001341c      0x4  errno.o [4]
  .bss                    zero     0x20013420      0x1  OSGLOBAL.o [12]
  .bss                    zero     0x20013421      0x1  OSGLOBAL.o [12]
  .bss                    zero     0x20013422      0x1  OSGLOBAL.o [12]
  .bss                    zero     0x20013423      0x1  stubs_app.o [10]
  .bss                    zero     0x20013424      0x1  hw_io.o [10]
  .bss                    zero     0x20013425      0x1  hw_i2c.o [10]
  .bss                    zero     0x20013426      0x1  mn_advanced.o [7]
  .bss                    zero     0x20013427      0x1  lui_ipc_variables.o [7]
  .bss                    zero     0x20013428      0x1  mncharactff.o [7]
  .bss                    zero     0x20013429      0x1  mnipcff.o [7]
                                 - 0x2001342a    0xaf6

"P3":                                          0x1bbf0
  EEP_IMAGE               uninit   0x60000000   0x7fec  eep_if.o [5]
  EEP_IMAGE               uninit   0x60007fec   0x1400  eep_if.o [5]
  EEP_IMAGE               uninit   0x600093ec   0x2800  eep_if.o [5]
  HEAP                             0x6000bbf0  0x10000  <Block>
    HEAP                  uninit   0x6000bbf0  0x10000  <Block tail>
                                 - 0x6001bbf0  0x1bbf0


*******************************************************************************
*** INIT TABLE
***

          Address     Size
          -------     ----
Zero (__iar_zero_init3)
    1 destination range, total size 0xaf6:
          0x20012934  0xaf6

Copy (__iar_copy_init3)
    1 source range, total size 0x150:
          0x08098bd0  0x150
    1 destination range, total size 0x150:
          0x20000000  0x150



*******************************************************************************
*** MODULE SUMMARY
***

    Module                         ro code  ro data  rw data
    ------                         -------  -------  -------
command line: [1]
    --------------------------------------------------------
    Total:

STM32F10x_StdPeriph_Driver.a: [2]
    misc.o                             144
    stm32f10x_exti.o                   124
    stm32f10x_fsmc.o                    36
    stm32f10x_gpio.o                   444
    stm32f10x_rcc.o                    324       20       20
    stm32f10x_tim.o                    332
    stm32f10x_usart.o                  246
    --------------------------------------------------------
    Total:                           1 650       20       20

base.a: [3]
    dll_acc.o                        3 842
    dll_addr.o                         420
    dll_bas.o                          512            11 882
    dll_cfg.o                          544                20
    dll_drx.o                        3 860      198      156
    dll_las.o                        5 036               404
    dll_list.o                       4 236
    dll_lrx.o                        2 864      108       23
    dll_ltim.o                         444      108        2
    dll_ltx.o                        1 688                12
    dll_msg.o                          684
    dll_spc4.o                       3 236                44
    falabt.o                         1 048
    falass.o                           208
    falaux.o                             4
    faldll.o                         2 030                24
    falfms.o                         1 418
    falopn.o                            30
    falpub.o                           228
    falsnd.o                           216
    falsrv.o                           982
    falsub.o                           350
    faltim.o                         1 176             4 044
    faltsk.o                         1 040                80
    falvcr.o                         3 264            15 672
    fdc.o                            1 848               100
    fdc_bgd.o                          376                36
    fdc_wd.o                            22
    fmg.o                              354      136       20
    fmscod.o                         1 336
    fmsif.o                            584
    mib.o                                     5 236
    nmcfg.o                          3 980                60
    nmdom.o                          2 316             1 276
    nmif.o                             616                28
    nmod.o                           1 636               156
    nmvcr.o                            904               989
    sm.o                             5 084             1 892
    smdls.o                          2 611               177
    smtim.o                          1 348                 9
    tmp_hi.o                         2 076               336
    tmp_lo.o                           556
    --------------------------------------------------------
    Total:                          65 007    5 786   37 442

dl7M_tln.a: [4]
    errno.o                             12                 4
    labs.o                               8
    rand.o                             196      141      140
    srand.o                             32
    xgetmemchunk.o                      40                 4
    xsyslock.o                         148                24
    xtls.o                               2
    xxmemxfree.o                       136
    xxmemxmalloc.o                     188                 8
    --------------------------------------------------------
    Total:                             762      141      180

eep.a: [5]
    eep_if.o                         3 067       84   49 305
    --------------------------------------------------------
    Total:                           3 067       84   49 305

fbif.a: [6]
    aifb.o                                    3 480
    aofb.o                                    2 972
    arfb.o                                    3 388
    csfb.o                                    2 372
    difb.o                                    2 480
    dofb.o                                    2 592
    fbif_dsc.o                                1 540
    ffbl_ai.o                        3 370                12
    ffbl_ao.o                        4 008
    ffbl_ar.o                        3 554                 4
    ffbl_bas.o                       1 288                32
    ffbl_cs.o                        2 118
    ffbl_di.o                        2 118
    ffbl_do.o                        3 458
    ffbl_fd.o                        1 082               168
    ffbl_is.o                        1 778
    ffbl_krn.o                          20
    ffbl_mai.o                       1 075
    ffbl_mo.o                        1 592                52
    ffbl_os.o                        3 478
    ffbl_pai.o                         382                28
    ffbl_pao.o                          70
    ffbl_pid.o                       7 572
    ffbl_res.o                       1 919                12
    instance.o                                1 588    8 188
    isfb.o                                    2 488
    maifb.o                                   2 008
    osfb.o                                    2 544
    pidfb.o                                   5 876
    ptb.o                                    12 480
    resb.o                                    5 972
    spec_ds.o                           32   12 376
    --------------------------------------------------------
    Total:                          38 914   64 156    8 496

fdev.a: [7]
    app_mode.o                          82
    appl_alert.o                     3 216        3    1 118
    appl_dia.o                         492                72
    appl_dlh.o                         851       40      164
    appl_if.o                        1 353      144        5
    appl_nrv.o                          44
    appl_ptb.o                       3 304       29      242
    appl_res.o                         267                20
    appl_svi_swdl.o                     40                36
    bufutils.o                         238
    controller_pid.o                 2 786
    ctrl_param_set.o                 1 164
    eep_blk2.o                         388
    eep_blk3.o                         575
    fault2alert.o                               426
    ffactoryuse.o                      644
    histogram.o                        972               200
    lui_ipc_variables.o              2 379                95
    mn_actuator_3.o                    374
    mn_advanced.o                    1 440                37
    mn_block_header.o                   72
    mn_checkproc.o                      52
    mn_clear_status.o                   66
    mn_cycle_counter_alert.o           472
    mn_deviation_alert.o               396
    mn_diagnostic_configuration.o      268
    mn_errorbits.o                     183                 4
    mn_factory_defaults.o              846
    mn_fstate.o                      1 010        1       17
    mn_fwdl.o                        1 100               160
    mn_fwdl_hart.o                     176               120
    mn_grant_deny.o                     62
    mn_hdr_validate.o                    8
    mn_ip_drive_current_alert.o        168
    mn_near_closed_alert.o             304
    mn_remote_sensor.o                 274
    mn_supply_pressure_alert.o         856
    mn_temperature_alert.o             120
    mn_travel_accumulation.o           472
    mn_travel_units.o                  508
    mn_trends.o                      1 048       14      112
    mn_ui_access_control.o             316
    mn_working_times.o                 300                 4
    mn_xd_errors.o                     300
    mncbdefs.o                                   28
    mncharactff.o                    1 232                77
    mnctllimff.o                     1 384
    mndiagprocff.o                     690
    mndoswff.o                         944        2        4
    mnfaultsimport.o                   168
    mnfindstopsff.o                    966
    mnhart2ff.o                        118        8
    mnipcff.o                        1 564        2       11
    mnptberrors.o                      344       15       12
    mnptbexec.o                        816        3        3
    mntbmspff.o                      1 544
    poschrtab.o                                 440
    pressure_range.o                   752
    stm_flash.o                        676                16
    ui_language.o                      100
    --------------------------------------------------------
    Total:                          41 284    1 155    2 529

ffbs.a: [8]
    fbs_acc.o                        2 328
    fbs_alt.o                        3 670               144
    fbs_blk.o                          373                 1
    fbs_fbif.o                         600             1 476
    fbs_if.o                           840                20
    fbs_init.o                       2 448               140
    fbs_mvc.o                        4 648             1 040
    fbs_nv.o                         4 040               660
    fbs_od.o                         2 176               148
    fbs_run.o                        7 584               116
    fbs_rw.o                         1 952
    fbs_scd.o                          316                34
    fbs_trd.o                          892                 4
    fbs_vfd.o                        3 456    4 320    6 026
    --------------------------------------------------------
    Total:                          35 323    4 320    9 809

hm.a: [9]
    hm.o                             2 407               365
    hm_dma.o                           124
    hm_if.o                            196                 1
    hm_task.o                        1 172        2      288
    --------------------------------------------------------
    Total:                           3 899        2      654

hw.a: [10]
    cortextrap.o                        44
    cortextrapc.o                       44
    crc.o                              616
    endofimage.o                         6
    hw_hm.o                            324
    hw_i2c.o                         1 174                65
    hw_init.o                          440                20
    hw_intr.o                          208      312        4
    hw_io.o                            504                 1
    hw_os.o                            308        4
    hw_periph_cfg.o                  1 536
    hw_tim.o                           220
    mnassert.o                         444                16
    startup_stm32f10x_xl.o              24
    stubs_app.o                        122                 3
    --------------------------------------------------------
    Total:                           6 014      316      109

m7M_tl.a: [11]
    DblAdd.o                           232
    DblCmpEq.o                          32
    DblCmpGe.o                          46
    DblCmpLe.o                          46
    DblDiv.o                           582
    DblMul.o                           418
    DblSub.o                           384
    DblToFlt.o                         144
    DblToI32.o                          76
    FltAdd.o                           132
    FltCmpEq.o                          28
    FltCmpGe.o                          36
    FltCmpLe.o                          36
    FltDiv.o                           252
    FltMul.o                           216
    FltSub.o                           230
    FltToDbl.o                          78
    FltToS32.o                          68
    FltToU32.o                          36
    I32ToDbl.o                          48
    I32ToFlt.o                          50
    floorf.o                            52
    log10f.o                             6
    lroundf.o                           64
    pow.o                            2 144
    powf.o                             724
    roundf.o                            56
    sqrt.o                             240
    xdint.o                            128
    xdnorm.o                            68
    xdscale.o                          282
    xexp.o                             756
    xfdint.o                            80
    xfdnorm.o                           36
    xfdscale.o                         194
    xfexp.o                            528
    xflog.o                            472
    xlog.o                             168
    --------------------------------------------------------
    Total:                           9 168

os7m_tl__D.a: [12]
    OSDELRS.o                           96
    OSEVENGE.o                          36
    OSEVENS.o                          104
    OSEVENW.o                          108
    OSEVENWS.o                         112
    OSGLOBAL.o                                   44       66
    OSGMC.o                             84
    OSKERN.o                         1 488
    OSMAIL.o                           148
    OSMX.o                             212
    OSPMC.o                             92
    OSRSEM.o                           372
    OSRSEMRQ.o                          84
    OSSETP.o                           100
    OSTERM.o                                               4
    OSTIME.o                           516
    OSTimeS.o                           68
    OS_ARM_ISRCheckPrio.o               48
    OS_CreateTask.o                    272
    OS_DeactivateP.o                    60
    OS_GetCPUState.o                    12
    OS_InitMode.o                       28
    OS_StackInfo.o                      12
    OS_TICK_Handle.o                    84
    OS_Wait.o                           60
    OS_xmtx.o                          180                24
    rtos.o                             236
    --------------------------------------------------------
    Total:                           4 612       44       94

osif.emb.a: [13]
    osif_cfg.o                                  364    8 832
    osif_mn.o                          210                24
    osif_tim.o                         960               408
    osif_tsk.o                       4 194             4 992
    xmtx.o                              16
    --------------------------------------------------------
    Total:                           5 380      364   14 256

rt7M_tl.a: [14]
    ABImemclr.o                          6
    ABImemclr4.o                         6
    ABImemcpy.o                        118
    ABImemset.o                        102
    ABImemset48.o                       50
    bwt_init3c.o
    cexit.o                              4
    copy_init3.o                        46
    cstart_clearlocks.o
    data_init3.o                        44
    iarEdom.o                           12
    memcmp.o                            98
    strcmp.o                            66
    strlen.o                            54
    zero_init3.o                        34
    --------------------------------------------------------
    Total:                             640

    Gaps                                99        2        8
    Linker created                               36   69 632
------------------------------------------------------------
    Grand Total:                   215 819   76 426  192 534


*******************************************************************************
*** ENTRY LIST
***

Entry                      Address    Size  Type      Object
-----                      -------    ----  ----      ------
.intvec$$Base           0x08080000           --   Gb  - Linker created -
.intvec$$Limit          0x08080138           --   Gb  - Linker created -
ADCPrescTable           0x2000003c     0x4  Data  Lc  stm32f10x_rcc.o [2]
APBAHBPrescTable        0x2000002c    0x10  Data  Lc  stm32f10x_rcc.o [2]
ActDataLen              0x20011ab4     0x2  Data  Lc  dll_drx.o [3]
ActFbcTimeId            0x2001241f     0x1  Data  Lc  dll_spc4.o [3]
Addr                    0x200128e4     0x4  Data  Gb  dll_bas.o [3]
AddrMsk                 0x20011aad     0x1  Data  Lc  dll_drx.o [3]
AddrOffs                0x20011aae     0x1  Data  Lc  dll_drx.o [3]
AlarmConfXlate          0x080b2f6c     0x8  Data  Lc  mnptberrors.o [7]
AlertFunctionTable      0x080b2c28    0xc8  Data  Lc  appl_alert.o [7]
AlertHandle_Counter     0x080b2327    0xba  Code  Lc  appl_alert.o [7]
AlertHandle_Deviation   0x080b27e9   0x100  Code  Lc  appl_alert.o [7]
AlertHandle_IPCurrent   0x080b258b   0x156  Code  Lc  appl_alert.o [7]
AlertHandle_NearClosed  0x080b2733    0xb6  Code  Lc  appl_alert.o [7]
AlertHandle_Position    0x080b2101   0x138  Code  Lc  appl_alert.o [7]
AlertHandle_SPTimeout   0x080b252d    0x5e  Code  Lc  appl_alert.o [7]
AlertHandle_System      0x080b23e1   0x14c  Code  Lc  appl_alert.o [7]
AlertHandle_TravelAcc   0x080b2239    0xee  Code  Lc  appl_alert.o [7]
AlertHandle_WorkingTime
                        0x080b26e1    0x52  Code  Lc  appl_alert.o [7]
Alert_AirSupply         0x080b2959    0x5a  Code  Gb  appl_alert.o [7]
Alert_Deviation         0x200133dc     0x8  Data  Lc  appl_alert.o [7]
Alert_IPCStateMachineExecuted
                        0x080b28e9    0x18  Code  Gb  appl_alert.o [7]
Alert_IPCurHandle       0x2001337c    0x10  Data  Lc  appl_alert.o [7]
Alert_InitAlertLog      0x080b2bc1    0x36  Code  Gb  appl_alert.o [7]
Alert_PositionHI        0x080b29d1    0x1e  Code  Gb  appl_alert.o [7]
Alert_PositionLO        0x080b29ef    0x1e  Code  Gb  appl_alert.o [7]
Alert_ReadAlertLogEntry
                        0x080b2afb    0x5e  Code  Gb  appl_alert.o [7]
Alert_SPTimeout_TimeStamp
                        0x20013410     0x4  Data  Lc  appl_alert.o [7]
Alert_TravelDeviation   0x080b29b3    0x1e  Code  Gb  appl_alert.o [7]
Alert_WriteAlertLogEntry
                        0x080b2b87    0x3a  Code  Gb  appl_alert.o [7]
AlertsEtcIF             0x200000b4     0xc  Data  Lc  mnptberrors.o [7]
Alerts_Stable           0x200133cd     0x1  Data  Lc  appl_alert.o [7]
Appl_DeviceID           0x20000040     0x4  Data  Lc  appl_if.o [7]
Appl_UpdateSerialNumber
                        0x080b0179     0x6  Code  Gb  appl_if.o [7]
Appl_activate_software  0x080af31d    0x1c  Code  Gb  appl_dlh.o [7]
Appl_background_RESB    0x080b7f67    0x38  Code  Gb  appl_res.o [7]
Appl_cancel_download    0x080af265    0x5e  Code  Gb  appl_dlh.o [7]
Appl_check_channel_unit
                        0x080b02a7    0xd8  Code  Gb  appl_ptb.o [7]
Appl_check_restart_flag
                        0x080b7fa1     0x6  Code  Gb  appl_res.o [7]
Appl_download_header    0x080af2d1    0x20  Code  Gb  appl_dlh.o [7]
Appl_download_segment   0x080af2f1    0x2c  Code  Gb  appl_dlh.o [7]
Appl_get_default_value  0x080b7f9f     0x2  Code  Gb  appl_res.o [7]
Appl_get_diagnostic_value
                        0x080b12f3     0xc  Code  Gb  appl_dia.o [7]
Appl_get_recommend_fd_action
                        0x080b12ff    0x3c  Code  Gb  appl_dia.o [7]
Appl_handle_HART_cmd    0x080b0c19   0x19a  Code  Lc  appl_ptb.o [7]
Appl_prepare_download   0x080af23d    0x28  Code  Gb  appl_dlh.o [7]
Appl_read_handler_RESB  0x080b7ecd     0x4  Code  Gb  appl_res.o [7]
Appl_reset_restart_flag
                        0x080b7fa7     0x8  Code  Gb  appl_res.o [7]
Appl_set_HART_status    0x080b0db5    0xe2  Code  Gb  appl_ptb.o [7]
Appl_verify_nv_ram      0x080b01f5    0x1c  Code  Gb  appl_nrv.o [7]
Appl_write_handler_RESB
                        0x080b7ed1    0x96  Code  Gb  appl_res.o [7]
Background_AIFB         0x080a70b9     0x2  Code  Gb  ffbl_ai.o [6]
Background_AOFB         0x080a846b    0x96  Code  Gb  ffbl_ao.o [6]
Background_ARFB         0x080a91f7     0x2  Code  Gb  ffbl_ar.o [6]
Background_CSFB         0x080aa17f     0x2  Code  Gb  ffbl_cs.o [6]
Background_DIFB         0x080aaa43     0x2  Code  Gb  ffbl_di.o [6]
Background_DOFB         0x080ab681    0x96  Code  Gb  ffbl_do.o [6]
Background_ISFB         0x080abd4b     0x2  Code  Gb  ffbl_is.o [6]
Background_MAIFB        0x080ac443     0x2  Code  Gb  ffbl_mai.o [6]
Background_OSFB         0x080ac9cf    0xe0  Code  Gb  ffbl_os.o [6]
Background_PIDFB        0x080ae97f    0x98  Code  Gb  ffbl_pid.o [6]
Background_PTB          0x080b0441    0x98  Code  Gb  appl_ptb.o [7]
Background_RESB         0x080a6003   0x22e  Code  Gb  ffbl_res.o [6]
BankCtrlReg             0x20013364     0x4  Data  Lc  stm_flash.o [7]
Base_ptr_shadow         0x2001241e     0x1  Data  Lc  dll_spc4.o [3]
Build_subscr_link       0x0809d743    0x28  Code  Lc  fbs_init.o [8]
CSTACK$$Base            0x20006ee0           --   Gb  - Linker created -
CSTACK$$Limit           0x20007ee0           --   Gb  - Linker created -
Calc_block_mode         0x080a8769   0x318  Code  Gb  ffbl_mo.o [6]
Calc_block_mode_AOFB    0x080a852f    0xe0  Code  Lc  ffbl_ao.o [6]
Calc_block_mode_CSFB    0x080aa241    0x84  Code  Lc  ffbl_cs.o [6]
Calc_block_mode_DOFB    0x080ab717    0xde  Code  Lc  ffbl_do.o [6]
Calc_block_mode_OSFB    0x080acbe3   0x114  Code  Lc  ffbl_os.o [6]
Calc_block_mode_PIDFB   0x080aea17   0x118  Code  Lc  ffbl_pid.o [6]
Calc_timer_values_PIDFB
                        0x080aeedf    0xca  Code  Lc  ffbl_pid.o [6]
CheckDstAddress         0x080bbffb   0x394  Code  Lc  dll_drx.o [3]
CheckSrcAddress         0x080bc457   0x132  Code  Lc  dll_drx.o [3]
Check_config_AIFB       0x080a7479   0x130  Code  Lc  ffbl_ai.o [6]
Check_config_AOFB       0x080a8667    0xac  Code  Lc  ffbl_ao.o [6]
Check_config_ARFB       0x080a9af1    0x6c  Code  Lc  ffbl_ar.o [6]
Check_config_CSFB       0x080aa181    0xb8  Code  Lc  ffbl_cs.o [6]
Check_config_DIFB       0x080aab95    0x58  Code  Lc  ffbl_di.o [6]
Check_config_DOFB       0x080ab89d    0x72  Code  Lc  ffbl_do.o [6]
Check_config_ISFB       0x080abd4d    0x3a  Code  Lc  ffbl_is.o [6]
Check_config_MAIFB      0x080ac445    0x52  Code  Lc  ffbl_mai.o [6]
Check_config_OSFB       0x080acaaf    0x60  Code  Lc  ffbl_os.o [6]
Check_config_PIDFB      0x080aedc5   0x11a  Code  Lc  ffbl_pid.o [6]
Check_current_fault_state
                        0x080a8b23    0x60  Code  Lc  ffbl_mo.o [6]
Check_fault_state_timeout
                        0x080a8b83    0x42  Code  Lc  ffbl_mo.o [6]
Check_record            0x080a0cad    0x9c  Code  Lc  fbs_run.o [8]
Check_shedding_condition
                        0x080a8bc5   0x114  Code  Lc  ffbl_mo.o [6]
ChkAddr                 0x20011aaf     0x1  Data  Lc  dll_drx.o [3]
Clear_alarms_DIFB       0x080aab59    0x30  Code  Lc  ffbl_di.o [6]
Clear_alarms_PIDFB      0x080aeb59    0xce  Code  Lc  ffbl_pid.o [6]
Clear_lim_alarms_AIFB   0x080a7293    0x8c  Code  Lc  ffbl_ai.o [6]
CloseFlashPartition     0x080af419    0x18  Code  Lc  mn_fwdl.o [7]
CopyAlertLog4Read       0x080b2a19    0x62  Code  Lc  appl_alert.o [7]
Correct_timer_flag      0x200124da     0x1  Data  Lc  dll_las.o [3]
Cortex_Trap             0x08094581          Code  Gb  cortextrap.o [10]
Cortex_TrapC            0x0809a0d1    0x12  Code  Gb  cortextrapc.o [10]
CountNewPeriodValueForCycleCounter
                        0x080b42bd     0x6  Code  Lc  mn_trends.o [7]
CountNewPeriodValueForPositionErr
                        0x080b42c3    0x24  Code  Lc  mn_trends.o [7]
CountNewPeriodValueForTraveAcc
                        0x080b42b7     0x6  Code  Lc  mn_trends.o [7]
Cpu_freq                0x20012434     0x4  Data  Lc  dll_spc4.o [3]
Crc16                   0x08099d11    0x28  Code  Gb  crc.o [10]
CycCounter              0x2001336c    0x10  Data  Lc  appl_alert.o [7]
DISABLE_INTERRUPTS      0x0809b6a3     0x2  Code  Gb  osif_tsk.o [13]
DMA_Clear_int           0x08097c03    0x20  Code  Gb  hm_dma.o [9]
DMA_ConfigUART          0x08097bd3    0x30  Code  Gb  hm_dma.o [9]
DMA_SetUART             0x08097bb5    0x1e  Code  Gb  hm_dma.o [9]
DandDint                0x080b1d23    0x4c  Code  Lc  mntbmspff.o [7]
DcFrame                 0x20011b24    0x24  Data  Lc  dll_drx.o [3]
DcMsg                   0x20011ac4    0x60  Data  Lc  dll_drx.o [3]
Delay_loop_val          0x20012438     0x4  Data  Lc  dll_spc4.o [3]
DeviceCode              0x200128c0     0x8  Data  Lc  tmp_hi.o [3]
DllRcvExit              0x080bbab3    0x72  Code  Gb  dll_drx.o [3]
DllRcvInit              0x080bba51    0x62  Code  Gb  dll_drx.o [3]
Dll_estat               0x20011ec8    0x28  Data  Gb  dll_bas.o [3]
Dll_qstat               0x20011ea4    0x24  Data  Gb  dll_bas.o [3]
DownloadPrepare         0x080af39d    0x14  Code  Lc  mn_fwdl.o [7]
Dummy_for_measurement   0x08097269     0x2  Code  Gb  hm.o [9]
EXTI_ClearITPendingBit  0x08096c43     0x6  Code  Gb  stm32f10x_exti.o [2]
EXTI_Init               0x08096bd9    0x6a  Code  Gb  stm32f10x_exti.o [2]
Ec1Idx                  0x20011aac     0x1  Data  Gb  dll_drx.o [3]
ErrorCounter_Restart    0x20013240     0x4  Data  Lc  hw_i2c.o [10]
ErrorCounter_StartRead  0x20013220     0x4  Data  Lc  hw_i2c.o [10]
ErrorCounter_StartReadRetry
                        0x20013234     0x4  Data  Lc  hw_i2c.o [10]
ErrorCounter_StartWrite
                        0x20013224     0x4  Data  Lc  hw_i2c.o [10]
ErrorCounter_StartWriteRetry
                        0x2001323c     0x4  Data  Lc  hw_i2c.o [10]
ErrorCounter_StopRead   0x20013228     0x4  Data  Lc  hw_i2c.o [10]
ErrorCounter_StopReadRetry
                        0x20013230     0x4  Data  Lc  hw_i2c.o [10]
ErrorCounter_StopWrite  0x2001322c     0x4  Data  Lc  hw_i2c.o [10]
ErrorCounter_StopWriteRetry
                        0x20013238     0x4  Data  Lc  hw_i2c.o [10]
Execute_AIFB            0x080a6d93   0x326  Code  Gb  ffbl_ai.o [6]
Execute_AOFB            0x080a7cd9   0x792  Code  Gb  ffbl_ao.o [6]
Execute_ARFB            0x080a904d   0x1aa  Code  Gb  ffbl_ar.o [6]
Execute_CSFB            0x080a9ee7   0x298  Code  Gb  ffbl_cs.o [6]
Execute_DIFB            0x080aa78b   0x2b8  Code  Gb  ffbl_di.o [6]
Execute_DOFB            0x080ab027   0x65a  Code  Gb  ffbl_do.o [6]
Execute_ISFB            0x080abc27   0x124  Code  Gb  ffbl_is.o [6]
Execute_MAIFB           0x080ac35d    0xe6  Code  Gb  ffbl_mai.o [6]
Execute_OSFB            0x080ac897   0x138  Code  Gb  ffbl_os.o [6]
Execute_PIDFB           0x080add5d   0xc22  Code  Gb  ffbl_pid.o [6]
Execute_PTB             0x080b8603    0x3c  Code  Gb  mnptbexec.o [7]
Execute_PTB_Alerts      0x080b2901    0x58  Code  Gb  appl_alert.o [7]
ExpDataLen              0x20011ab2     0x2  Data  Lc  dll_drx.o [3]
F1GapTime               0x20011e94     0x1  Data  Gb  dll_bas.o [3]
FF_itoa                 0x080b00c9    0x46  Code  Lc  appl_if.o [7]
FLASH_Wait              0x080af8ab    0x24  Code  Lc  stm_flash.o [7]
FRAM_Address            0x08099bd5    0x36  Code  Lc  hw_i2c.o [10]
FRAM_ReadOperation      0x2001321c     0x1  Data  Lc  hw_i2c.o [10]
FRAM_Write_Disable      0x08099c19     0xc  Code  Lc  hw_i2c.o [10]
FRAM_Write_Enable       0x08099c0b     0xe  Code  Lc  hw_i2c.o [10]
FSMC_NORSRAMCmd         0x08096f21    0x20  Code  Gb  stm32f10x_fsmc.o [2]
FStateData              0x2001338c    0x10  Data  Lc  mn_fstate.o [7]
FbcTimeId               0x2001292a     0x1  Data  Gb  dll_bas.o [3]
FbcTimePar              0x20012784    0x10  Data  Gb  dll_bas.o [3]
FbcTimeVal              0x2001292b     0x1  Data  Gb  dll_bas.o [3]
Fbc_wd_time             0x2001243c     0x4  Data  Lc  dll_spc4.o [3]
FindNodeIdx             0x080bf187    0xcc  Code  Lc  dll_list.o [3]
FirmwareLoad            0x080af5b3   0x10c  Code  Lc  mn_fwdl.o [7]
GPIO_DeInit             0x08096f45    0xbe  Code  Gb  stm32f10x_gpio.o [2]
GPIO_EXTILineConfig     0x080970bd    0x24  Code  Gb  stm32f10x_gpio.o [2]
GPIO_Init               0x08097003    0xa2  Code  Gb  stm32f10x_gpio.o [2]
GPIO_ResetBits          0x080970b9     0x4  Code  Gb  stm32f10x_gpio.o [2]
GPIO_SetBits            0x080970b5     0x4  Code  Gb  stm32f10x_gpio.o [2]
GPIO_StructInit         0x080970a5    0x10  Code  Gb  stm32f10x_gpio.o [2]
Gap_time_value          0x2001241c     0x2  Data  Lc  dll_spc4.o [3]
Gap_time_value_rx       0x20012424     0x2  Data  Lc  dll_spc4.o [3]
Gap_time_value_tx       0x20012422     0x2  Data  Lc  dll_spc4.o [3]
GenPtList               0x080bea5d    0xfa  Code  Lc  dll_list.o [3]
GetAlert_AirSuppy       0x080b2fd7     0x8  Code  Lc  mndoswff.o [7]
GetAlert_PositionHI     0x080b2fe7     0x8  Code  Lc  mndoswff.o [7]
GetAlert_PositionLO     0x080b2fef     0x8  Code  Lc  mndoswff.o [7]
GetAlert_TravelDeviation
                        0x080b2fdf     0x8  Code  Lc  mndoswff.o [7]
GetClearBitMask         0x080b395d    0x16  Code  Lc  mn_errorbits.o [7]
GetCycleCounterDiff     0x080b420f    0x6e  Code  Lc  mn_trends.o [7]
GetInnerByte            0x080afb45     0x8  Code  Lc  bufutils.o [7]
GetPartitonBaseAddress  0x080af3ff    0x12  Code  Lc  mn_fwdl.o [7]
GetPositionErrDiff      0x080b427d    0x3a  Code  Lc  mn_trends.o [7]
GetStateNumber          0x080b33fb    0x12  Code  Lc  mnipcff.o [7]
GetTravelAccDiff        0x080b41b9    0x56  Code  Lc  mn_trends.o [7]
GetVariableFormat       0x080b3477    0x30  Code  Lc  mnipcff.o [7]
GetVariableID1          0x080b3427     0xa  Code  Lc  mnipcff.o [7]
GetVariableID2          0x080b3431     0xc  Code  Lc  mnipcff.o [7]
Get_setpoint            0x080a8721    0x46  Code  Gb  ffbl_pao.o [6]
Get_setpoint_d          0x080ab84b    0x52  Code  Lc  ffbl_do.o [6]
HART_Command_non_block  0x08097573    0x42  Code  Gb  hm.o [9]
HART_DMAR_handler       0x080972cf    0xbc  Code  Gb  hm.o [9]
HART_DMAT_handler       0x080973c1    0x6e  Code  Gb  hm.o [9]
HART_Exit               0x0809750f    0x4e  Code  Gb  hm.o [9]
HART_Init               0x0809742f    0x4c  Code  Gb  hm.o [9]
HART_InitAsyncCommand   0x0809755d    0x16  Code  Gb  hm.o [9]
HART_acyc_cmd           0x08097c53    0x4a  Code  Gb  hm_if.o [9]
HART_connected          0x20012931     0x1  Data  Gb  hm_if.o [9]
HART_data_base          0x080808e4    0x14  Data  Gb  appl_ptb.o [7]
HART_result             0x200122fc     0x1  Data  Gb  hm_task.o [9]
HART_send_cmd0          0x0809747b    0x94  Code  Gb  hm.o [9]
HART_set_active         0x08097cfd    0x22  Code  Gb  hm_task.o [9]
HART_set_active_handler
                        0x08097d1f    0x54  Code  Lc  hm_task.o [9]
HART_timer_irq          0x08097a47   0x126  Code  Gb  hm.o [9]
HEAP$$Base              0x6000bbf0           --   Gb  - Linker created -
HEAP$$Limit             0x6001bbf0           --   Gb  - Linker created -
HM_acyc                 0x20011464    0x10  Data  Gb  hm_task.o [9]
HM_acyc_result          0x20013289     0x1  Data  Gb  hm_task.o [9]
HM_hart_dev_id          0x2001231c     0x4  Data  Gb  hm_task.o [9]
HM_sched                0x20012850     0xc  Data  Gb  hm_task.o [9]
Handle_MinMax           0x080b343d    0x3a  Code  Gb  mnipcff.o [7]
Handle_act_alarm        0x080a7671    0x70  Code  Gb  ffbl_pai.o [6]
Handle_inact_alarm      0x080a75f9    0x78  Code  Gb  ffbl_pai.o [6]
HardReset_CPU           0x0809906b    0x14  Code  Gb  hw_init.o [10]
Histogram_PosErr        0x20012e7c    0x90  Data  Lc  histogram.o [7]
Hw_tim_id               0x200127f0     0x8  Data  Lc  osif_tim.o [13]
I2CGetLastByte          0x08099ae9     0xc  Code  Lc  hw_i2c.o [10]
I2CGetbyte              0x08099add     0xc  Code  Lc  hw_i2c.o [10]
I2C_Addr                0x080999f5     0xe  Code  Lc  hw_i2c.o [10]
I2C_AddrOnly            0x080999e3    0x12  Code  Lc  hw_i2c.o [10]
I2C_ErrorCounterHandler
                        0x0809988d    0x82  Code  Lc  hw_i2c.o [10]
I2C_MakeStartCondition  0x08099a2d    0x5e  Code  Lc  hw_i2c.o [10]
I2C_PutByte             0x08099a03     0xe  Code  Lc  hw_i2c.o [10]
I2C_ReadDiagnostic      0x08099883     0xa  Code  Lc  hw_i2c.o [10]
I2C_Restart             0x08099aaf    0x2e  Code  Lc  hw_i2c.o [10]
I2C_Start               0x08099a8b    0x24  Code  Lc  hw_i2c.o [10]
I2C_Stop                0x0809998d    0x56  Code  Lc  hw_i2c.o [10]
I2C_TransferIn          0x08099aff    0xd6  Code  Lc  hw_i2c.o [10]
I2C_TransferOut         0x08099a11    0x1c  Code  Lc  hw_i2c.o [10]
I2C_WriteDiagnostic     0x08099879     0xa  Code  Lc  hw_i2c.o [10]
[...]
sm_enc_reply_tag        0x080c498d   0x16c  Code  Gb  sm.o [3]
sm_find_tag             0x080c48b3    0xda  Code  Lc  sm.o [3]
sm_frame                0x2000aff4   0x278  Data  Lc  sm.o [3]
sm_get_scd_offset       0x080c41b9    0x40  Code  Gb  sm.o [3]
sm_handle_dll_msg       0x080c4273   0x206  Code  Gb  sm.o [3]
sm_identify             0x080c458b    0x3e  Code  Lc  sm.o [3]
sm_ind                  0x200120bc    0x14  Data  Gb  sm.o [3]
sm_init                 0x080c3e65   0x132  Code  Gb  sm.o [3]
sm_mac_in_ring          0x080c4221    0x52  Code  Gb  sm.o [3]
sm_mib                  0x2000af3c    0x70  Data  Gb  sm.o [3]
sm_min_macrocycle       0x20012108     0x4  Data  Lc  sm.o [3]
sm_monitor              0x200127d0     0x4  Data  Lc  faltim.o [3]
sm_msg_blocks           0x2000ae5c    0xe0  Data  Lc  sm.o [3]
sm_proc_con             0x080c4479    0x4e  Code  Lc  sm.o [3]
sm_read_obj             0x080c4b21    0x1a  Code  Gb  sm.o [3]
sm_read_record          0x080c4c8d   0x13c  Code  Lc  sm.o [3]
sm_read_simple_var      0x080c4b3b   0x146  Code  Lc  sm.o [3]
sm_send_reply_tag       0x080c4af9    0x20  Code  Gb  sm.o [3]
sm_set_addr             0x080c4765    0x5e  Code  Lc  sm.o [3]
sm_set_node_address     0x080c41f9    0x28  Code  Lc  sm.o [3]
sm_set_operational      0x080c4803    0xb0  Code  Lc  sm.o [3]
sm_set_pd_tag           0x080c45c9   0x13c  Code  Lc  sm.o [3]
sm_start                0x080c3f97   0x1e0  Code  Gb  sm.o [3]
sm_start_list           0x200120fc     0x4  Data  Gb  sm.o [3]
sm_struct_1             0x08091672    0x9a  Data  Lc  mib.o [3]
sm_struct_2             0x0809170c    0x9a  Data  Lc  mib.o [3]
sm_struct_dom_descr     0x08091840    0x9a  Data  Lc  mib.o [3]
sm_struct_dom_hdr       0x080917a6    0x9a  Data  Lc  mib.o [3]
sm_struct_dwnld_prop    0x080918da    0x9a  Data  Lc  mib.o [3]
sm_struct_mdom_descr    0x08091a0e    0x9a  Data  Lc  mib.o [3]
sm_struct_mdom_sum      0x08091974    0x9a  Data  Lc  mib.o [3]
sm_t2_expired           0x080c4177     0xc  Code  Gb  sm.o [3]
sm_usr_handle_fb_start_ind
                        0x0809f923    0xa0  Code  Gb  fbs_run.o [8]
sm_usr_search_tag       0x080a5115    0x5e  Code  Gb  fbs_od.o [8]
sm_write_obj            0x080c4f9d   0x228  Code  Gb  sm.o [3]
sm_write_simple_var     0x080c4dd5   0x1c2  Code  Gb  sm.o [3]
smdl_call_fdev_funct    0x200126fc    0x14  Data  Gb  smdls.o [3]
smdls_active_hdr        0x2001300c    0x2c  Data  Gb  smdls.o [3]
smdls_calc_eep_size     0x080c32ed     0x4  Code  Gb  smdls.o [3]
smdls_cancel_dwnld      0x080c39f9    0x44  Code  Lc  smdls.o [3]
smdls_copy_dom_header   0x080c3993    0x66  Code  Lc  smdls.o [3]
smdls_decode_dom_header
                        0x080c388d    0xac  Code  Lc  smdls.o [3]
smdls_dom_hdr_api       0x20013268    0x20  Data  Gb  smdls.o [3]
smdls_domain_descr      0x20012fe8    0x18  Data  Gb  smdls.o [3]
smdls_dwnld_hdr         0x200131c8    0x2c  Data  Gb  smdls.o [3]
smdls_get_dom_state     0x080c3513    0x12  Code  Gb  smdls.o [3]
smdls_handle_download_ind
                        0x080c364f   0x1d0  Code  Gb  smdls.o [3]
smdls_init              0x080c32c1    0x2c  Code  Gb  smdls.o [3]
smdls_is_dwnld_dom      0x080c3507     0xc  Code  Gb  smdls.o [3]
smdls_load_swdl_defaults
                        0x080c32f1    0x3a  Code  Gb  smdls.o [3]
smdls_mib_vcr_aborted   0x080c381f    0x22  Code  Gb  smdls.o [3]
smdls_nv_data           0x20013008     0x4  Data  Gb  smdls.o [3]
smdls_read_domain_descr
                        0x080c3abd   0x11a  Code  Lc  smdls.o [3]
smdls_read_domain_hdr   0x080c3bd9   0x100  Code  Lc  smdls.o [3]
smdls_read_obj          0x080c3525    0x5e  Code  Gb  smdls.o [3]
smdls_read_property     0x080c3a3d    0x80  Code  Lc  smdls.o [3]
smdls_reset_dom_header  0x080c3939    0x5a  Code  Lc  smdls.o [3]
smdls_segm_id           0x20013288     0x1  Data  Gb  smdls.o [3]
smdls_store_dom_state   0x080c3841    0x4c  Code  Lc  smdls.o [3]
smdls_write_dom_descr   0x080c3597    0xb8  Code  Lc  smdls.o [3]
smdls_write_obj         0x080c3583    0x14  Code  Gb  smdls.o [3]
smtim_add_u32_time      0x080c558b    0x12  Code  Lc  smtim.o [3]
smtim_adjust_system_time
                        0x080c54cf    0x1c  Code  Gb  smtim.o [3]
smtim_check_appl_time   0x080c54a9    0x18  Code  Gb  smtim.o [3]
smtim_enter_macrocycle  0x080c5675    0x56  Code  Gb  smtim.o [3]
smtim_get_appl_time     0x080c54c1     0xe  Code  Gb  smtim.o [3]
smtim_heapify           0x080c584d    0x5c  Code  Lc  smtim.o [3]
smtim_hsort             0x080c58a9    0x5c  Code  Lc  smtim.o [3]
smtim_insert_new_fb_start
                        0x080c56cb    0x8e  Code  Gb  smtim.o [3]
smtim_is_earlier_fb_start
                        0x080c5905    0x2a  Code  Lc  smtim.o [3]
smtim_next_fb_start     0x080c5771    0xdc  Code  Lc  smtim.o [3]
smtim_start_fb_scheduling
                        0x080c55d5    0xa0  Code  Gb  smtim.o [3]
smtim_start_mc_timer    0x080c59b3    0x12  Code  Lc  smtim.o [3]
smtim_start_wait_timer  0x080c599f    0x14  Code  Lc  smtim.o [3]
smtim_stop_fb_scheduling
                        0x080c5759    0x18  Code  Gb  smtim.o [3]
smtim_sub_times         0x080c55b1    0x24  Code  Lc  smtim.o [3]
smtim_sub_u32_time      0x080c559d    0x14  Code  Lc  smtim.o [3]
smtim_swap_fb_start     0x080c5931    0x14  Code  Lc  smtim.o [3]
smtim_synchronize       0x080c54eb    0xa0  Code  Gb  smtim.o [3]
smtim_update_fb_start   0x080c5945    0x5a  Code  Gb  smtim.o [3]
snd_buf                 0x20013338     0x8  Data  Lc  appl_res.o [7]
snd_buf                 0x20011824    0x64  Data  Gb  appl_ptb.o [7]
sp_may_not_be_ready     0x200000ac     0x1  Data  Lc  mn_fstate.o [7]
spd2sp                  0x080b1a8b     0xe  Code  Lc  mntbmspff.o [7]
spec_ds_record_descr    0x080af001    0x1a  Code  Gb  spec_ds.o [6]
sqrt                    0x08096a85          Code  Gb  sqrt.o [11]
sqrtl                   0x08096a85          Code  Gb  sqrt.o [11]
sr_frame                0x200126dc     0x4  Data  Lc  dll_lrx.o [3]
srand                   0x08095941    0x20  Code  Gb  srand.o [4]
srv_tbl                 0x2000b284   0x690  Data  Gb  dll_bas.o [3]
st_dt_size              0x080a3c7c    0x16  Data  Gb  fbs_acc.o [8]
start_prepare_swdl      0x080af3b1    0x16  Code  Gb  mn_fwdl.o [7]
statemachine            0x08097777   0x2d0  Code  Lc  hm.o [9]
static_data_lost        0x200127e3     0x1  Data  Gb  appl_if.o [7]
store_token_cnt         0x20011e9a     0x2  Data  Gb  dll_bas.o [3]
strcmp                  0x08096115          Code  Gb  strcmp.o [14]
strlen                  0x08095bdd          Code  Gb  strlen.o [14]
subscr_link             0x20012000     0x4  Data  Gb  fbs_init.o [8]
suspicious_time         0x20012420     0x1  Data  Lc  dll_spc4.o [3]
svt_counter             0x200127c8     0x4  Data  Lc  faltim.o [3]
swdls_dwnld_prop        0x20013000     0x8  Data  Gb  smdls.o [3]
switcharray             0x2001330a     0x2  Data  Lc  mndoswff.o [7]
sysio_ShowCrash         0x08099f95     0x2  Code  Gb  stubs_app.o [10]
syslock_o               0x200132c4     0x4  Data  Lc  xsyslock.o [4]
tag_len_16              0x20012111     0x1  Data  Gb  fdc.o [3]
tag_reply               0x20011b48    0x94  Data  Gb  fbs_od.o [8]
task_0                  0x0809bb75    0x7e  Code  Lc  osif_tsk.o [13]
task_1                  0x0809bbf3    0x82  Code  Lc  osif_tsk.o [13]
task_2                  0x0809bc75    0x86  Code  Lc  osif_tsk.o [13]
task_3                  0x0809bd01    0x80  Code  Lc  osif_tsk.o [13]
task_4                  0x0809bd95    0x80  Code  Lc  osif_tsk.o [13]
task_5                  0x0809be19    0x7e  Code  Lc  osif_tsk.o [13]
task_6                  0x0809bea1    0x7e  Code  Lc  osif_tsk.o [13]
task_7                  0x0809bf29    0x7e  Code  Lc  osif_tsk.o [13]
task_8                  0x0809bfa7    0x7e  Code  Lc  osif_tsk.o [13]
task_9                  0x0809c02d    0x7e  Code  Lc  osif_tsk.o [13]
task_a                  0x0809c0b5    0x7e  Code  Lc  osif_tsk.o [13]
task_data_subscription  0x0809c639    0x34  Code  Gb  fdc.o [3]
task_fblk_exec          0x0809c6a5    0x4a  Code  Gb  fdc.o [3]
task_fdc_background     0x0809cca5    0x5e  Code  Gb  fdc_bgd.o [3]
task_fdc_background50   0x0809cd05    0x90  Code  Gb  fdc_bgd.o [3]
task_fdc_base_routine   0x0809c5ed    0x4a  Code  Gb  fdc.o [3]
task_hm_base_routine    0x08097d73   0x126  Code  Gb  hm_task.o [9]
task_las_update         0x0809c6f1    0x38  Code  Gb  fdc.o [3]
task_send_mvc           0x0809c66d    0x36  Code  Gb  fdc.o [3]
tb_Act1Pressure         0x080b84bb    0x12  Code  Lc  mnptbexec.o [7]
tb_Act2Pressure         0x080b84cd    0x12  Code  Lc  mnptbexec.o [7]
tb_BoolSp               0x080b8433    0x6a  Code  Lc  mnptbexec.o [7]
tb_DOsw1                0x080b3195    0x4a  Code  Gb  mndoswff.o [7]
tb_DOsw2                0x080b31df    0x4a  Code  Gb  mndoswff.o [7]
tb_DiscreteInput        0x080b857d    0x12  Code  Lc  mnptbexec.o [7]
tb_FinalPosValue        0x080b8525    0x10  Code  Lc  mnptbexec.o [7]
tb_FinalValue           0x080b8515    0x10  Code  Lc  mnptbexec.o [7]
tb_HasRun               0x200133b4     0x1  Data  Gb  appl_ptb.o [7]
tb_IPcurrent            0x080b84f1    0x12  Code  Lc  mnptbexec.o [7]
tb_IntSp                0x080b83d9    0x5a  Code  Lc  mnptbexec.o [7]
tb_MAIchannels          0x080b858f    0x74  Code  Lc  mnptbexec.o [7]
tb_PilotPressure        0x080b84df    0x12  Code  Lc  mnptbexec.o [7]
tb_PositionSp           0x080b8365    0x74  Code  Lc  mnptbexec.o [7]
tb_SupplyPressure       0x080b84a9    0x12  Code  Lc  mnptbexec.o [7]
tb_Switch1              0x080b8559    0x12  Code  Lc  mnptbexec.o [7]
tb_Switch2              0x080b856b    0x12  Code  Lc  mnptbexec.o [7]
tb_Temperature          0x080b8503    0x12  Code  Lc  mnptbexec.o [7]
tb_WorkingPos           0x080b8547    0x12  Code  Lc  mnptbexec.o [7]
tb_WorkingSP            0x080b8535    0x12  Code  Lc  mnptbexec.o [7]
tcb_base                0x200060f4   0x294  Data  Gb  osif_tsk.o [13]
td_frame                0x20012440     0x4  Data  Lc  dll_spc4.o [3]
testpad                 0x600093ec  0x2800  Data  Lc  eep_if.o [5]
testphase               0x20000046     0x1  Data  Lc  eep_if.o [5]
tim_list                0x20007ee0   0xfbc  Data  Lc  faltim.o [3]
time_dist_time          0x200124cc     0x4  Data  Lc  dll_las.o [3]
timeout                 0x20012518     0x4  Data  Gb  hm.o [9]
timer_handler           0x0809c223    0xa8  Code  Lc  osif_tim.o [13]
tl_frame                0x20012888     0x8  Data  Gb  dll_bas.o [3]
tmp_hi_adjust_time      0x08098193    0x64  Code  Gb  tmp_hi.o [3]
tmp_hi_init             0x08098189     0xa  Code  Gb  tmp_hi.o [3]
tmp_hi_initialized      0x200128b8     0x1  Data  Lc  tmp_hi.o [3]
token_led_timeout       0x20011e9c     0x2  Data  Gb  dll_bas.o [3]
token_rcvd              0x20011e98     0x2  Data  Gb  dll_bas.o [3]
trapconf                0x08099810    0x68  Data  Lc  mnassert.o [10]
trend_bitstr_obj_desc   0x080a2154    0x34  Data  Lc  fbs_vfd.o [8]
trend_counter_cycle_counter
                        0x20012fa8    0x20  Data  Lc  mn_trends.o [7]
trend_counter_position_err
                        0x20012fc8    0x20  Data  Lc  mn_trends.o [7]
trend_counter_travel_acc
                        0x20012f88    0x20  Data  Lc  mn_trends.o [7]
trend_disc_obj_desc     0x080a2120    0x34  Data  Lc  fbs_vfd.o [8]
trend_float_obj_desc    0x080a20ec    0x34  Data  Lc  fbs_vfd.o [8]
trend_list              0x080b4594    0x3c  Data  Gb  mn_trends.o [7]
tx_final                0x20012818     0x1  Data  Lc  dll_ltx.o [3]
tx_length               0x20013138     0x4  Data  Lc  hm.o [9]
tx_state                0x20013134     0x4  Data  Lc  hm.o [9]
unit_array              0x080b5e70    0x44  Data  Lc  pressure_range.o [7]
update_bkcal_out        0x080ad06f   0x1c2  Code  Lc  ffbl_os.o [6]
update_link_settings    0x080bdb35    0xf8  Code  Lc  dll_las.o [3]
update_nv_data          0x200123c1     0x1  Data  Lc  fbs_nv.o [8]
update_out              0x080a9a59    0x70  Code  Lc  ffbl_ar.o [6]
update_out_diff         0x080a9a2d    0x2c  Code  Lc  ffbl_ar.o [6]
usr_vfd_ref             0x20012104     0x4  Data  Lc  sm.o [3]
usr_vfd_tag             0x200120d0    0x24  Data  Lc  sm.o [3]
util_GetBit             0x080b14b9    0x28  Code  Lc  mn_advanced.o [7]
util_GetFloat           0x080b56a1     0xc  Code  Lc  ctrl_param_set.o [7]
util_GetFloat           0x080b5129     0xc  Code  Lc  mnctllimff.o [7]
util_GetFloat           0x080b1a69     0xc  Code  Lc  mntbmspff.o [7]
util_GetFloat           0x080b4ab5     0xc  Code  Lc  mnfindstopsff.o [7]
util_GetFloat           0x080b3347     0xc  Code  Lc  mnipcff.o [7]
util_GetS16             0x080afb4d    0x22  Code  Gb  bufutils.o [7]
util_GetS32             0x080afb6f    0x30  Code  Gb  bufutils.o [7]
util_GetU16             0x080b5689     0xa  Code  Lc  ctrl_param_set.o [7]
util_GetU16             0x080b45d5     0xa  Code  Lc  mncharactff.o [7]
util_GetU16             0x080b4e6d     0xa  Code  Lc  mndiagprocff.o [7]
util_GetU16             0x080b3335     0xa  Code  Lc  mnipcff.o [7]
util_GetU32             0x080af7f1     0x4  Code  Lc  mn_fwdl_hart.o [7]
util_GetU32             0x080b5693     0x4  Code  Lc  ctrl_param_set.o [7]
util_GetU32             0x080b616d     0x4  Code  Lc  ffactoryuse.o [7]
util_GetU32             0x080b5121     0x4  Code  Lc  mnctllimff.o [7]
util_GetU32             0x080b1a61     0x4  Code  Lc  mntbmspff.o [7]
util_GetU32             0x080b4aa9     0x4  Code  Lc  mnfindstopsff.o [7]
util_GetU32             0x080b333f     0x4  Code  Lc  mnipcff.o [7]
util_GetU8              0x080b7fd9     0x4  Code  Lc  mn_factory_defaults.o [7]
util_GetU8              0x080b5b71     0x4  Code  Lc  app_mode.o [7]
util_GetU8              0x080b5eb5     0x4  Code  Lc  mn_actuator_3.o [7]
util_GetU8              0x080b5bc5     0x4  Code  Lc  pressure_range.o [7]
util_GetU8              0x080b602b     0x4  Code  Lc  mn_ui_access_control.o [7]
util_GetU8              0x080b5b0d     0x4  Code  Lc  ui_language.o [7]
util_GetU8              0x080b6a59     0x4  Code  Lc  mn_clear_status.o [7]
util_GetU8              0x080b6c99     0x4  Code  Lc  lui_ipc_variables.o [7]
util_GetU8              0x080b662b     0x4  Code  Lc  mn_checkproc.o [7]
util_GetU8              0x080b5685     0x4  Code  Lc  ctrl_param_set.o [7]
util_GetU8              0x080b6169     0x4  Code  Lc  ffactoryuse.o [7]
util_GetU8              0x080b45d1     0x4  Code  Lc  mncharactff.o [7]
util_GetU8              0x080b511d     0x4  Code  Lc  mnctllimff.o [7]
util_GetU8              0x080b4e69     0x4  Code  Lc  mndiagprocff.o [7]
util_GetU8              0x080b2f75     0x4  Code  Lc  mndoswff.o [7]
util_GetU8              0x080b1a5d     0x4  Code  Lc  mntbmspff.o [7]
util_GetU8              0x080b4aa5     0x4  Code  Lc  mnfindstopsff.o [7]
util_GetU8              0x080b6519     0x4  Code  Lc  mn_remote_sensor.o [7]
util_GetU8              0x080b3331     0x4  Code  Lc  mnipcff.o [7]
util_GetU8Array         0x080afb9f    0x2e  Code  Gb  bufutils.o [7]
util_PutFloat           0x080b56ad    0x16  Code  Lc  ctrl_param_set.o [7]
util_PutFloat           0x080b5135    0x16  Code  Lc  mnctllimff.o [7]
util_PutFloat           0x080b4e7b    0x16  Code  Lc  mndiagprocff.o [7]
util_PutFloat           0x080b1a75    0x16  Code  Lc  mntbmspff.o [7]
util_PutFloat           0x080b4ac1    0x16  Code  Lc  mnfindstopsff.o [7]
util_PutS16             0x080b6033     0x6  Code  Lc  mn_ui_access_control.o [7]
util_PutS16             0x080b569b     0x6  Code  Lc  ctrl_param_set.o [7]
util_PutS16             0x080b45e3     0x6  Code  Lc  mncharactff.o [7]
util_PutS32             0x080b4ab1     0x4  Code  Lc  mnfindstopsff.o [7]
util_PutU16             0x080afbcd    0x1a  Code  Gb  bufutils.o [7]
util_PutU32             0x080afbe7    0x22  Code  Gb  bufutils.o [7]
util_PutU8              0x080af7f5     0x4  Code  Lc  mn_fwdl_hart.o [7]
util_PutU8              0x080b7fdd     0x4  Code  Lc  mn_factory_defaults.o [7]
util_PutU8              0x080b5b75     0x4  Code  Lc  app_mode.o [7]
util_PutU8              0x080b5eb9     0x4  Code  Lc  mn_actuator_3.o [7]
util_PutU8              0x080b5bc9     0x4  Code  Lc  pressure_range.o [7]
util_PutU8              0x080b602f     0x4  Code  Lc  mn_ui_access_control.o [7]
util_PutU8              0x080b5b11     0x4  Code  Lc  ui_language.o [7]
util_PutU8              0x080b6a5d     0x4  Code  Lc  mn_clear_status.o [7]
util_PutU8              0x080b6c9d     0x4  Code  Lc  lui_ipc_variables.o [7]
util_PutU8              0x080b5697     0x4  Code  Lc  ctrl_param_set.o [7]
util_PutU8              0x080b6171     0x4  Code  Lc  ffactoryuse.o [7]
util_PutU8              0x080b45df     0x4  Code  Lc  mncharactff.o [7]
util_PutU8              0x080b5125     0x4  Code  Lc  mnctllimff.o [7]
util_PutU8              0x080b4e77     0x4  Code  Lc  mndiagprocff.o [7]
util_PutU8              0x080b2f79     0x4  Code  Lc  mndoswff.o [7]
util_PutU8              0x080b1a65     0x4  Code  Lc  mntbmspff.o [7]
util_PutU8              0x080b4aad     0x4  Code  Lc  mnfindstopsff.o [7]
util_PutU8              0x080b651d     0x4  Code  Lc  mn_remote_sensor.o [7]
util_PutU8              0x080b3343     0x4  Code  Lc  mnipcff.o [7]
util_PutU8Array         0x080b6ca1     0xa  Code  Lc  lui_ipc_variables.o [7]
v_rid                   0x200126e0     0x1  Data  Gb  dll_lrx.o [3]
var_list                0x20011fc4     0x8  Data  Gb  fbs_init.o [8]
vcr_idx                 0x200127c6     0x2  Data  Lc  faltim.o [3]
verify_activation       0x080af395     0x4  Code  Gb  appl_svi_swdl.o [7]
version_nr              0x08092e23    0x32  Data  Gb  appl_if.o [7]
vh_GetDomainHeader      0x080af7e9     0x4  Code  Gb  mn_hdr_validate.o [7]
view_dict_aifb          0x080865c4    0x10  Data  Gb  aifb.o [6]
view_dict_aofb          0x08087160    0x10  Data  Gb  aofb.o [6]
view_dict_arfb          0x08087e9c    0x10  Data  Gb  arfb.o [6]
view_dict_csfb          0x080887e0    0x10  Data  Gb  csfb.o [6]
view_dict_difb          0x08089190    0x10  Data  Gb  difb.o [6]
view_dict_dofb          0x08089bb0    0x10  Data  Gb  dofb.o [6]
view_dict_isfb          0x0808a568    0x10  Data  Gb  isfb.o [6]
view_dict_maifb         0x0808ad40    0x10  Data  Gb  maifb.o [6]
view_dict_osfb          0x0808b730    0x10  Data  Gb  osfb.o [6]
view_dict_pidfb         0x0808ce24    0x10  Data  Gb  pidfb.o [6]
view_dict_ptb           0x080851d4    0x34  Data  Gb  ptb.o [6]
view_dict_resb          0x0808e578    0x10  Data  Gb  resb.o [6]
w4_tx_end               0x200126e2     0x1  Data  Lc  dll_lrx.o [3]
working_scale           0x2001285c     0xc  Data  Lc  ffbl_ai.o [6]
writeCounter            0x200131c0     0x4  Data  Lc  histogram.o [7]
write_buffer            0x60007fec  0x1400  Data  Lc  eep_if.o [5]
write_curve_local       0x080b4603    0x1c  Code  Lc  mncharactff.o [7]
writes_pending          0x20000084     0x2  Data  Lc  eep_if.o [5]
wsSignature             0x20012662     0x2  Data  Lc  stubs_app.o [10]
xcp_dscr                0x2001269c    0x18  Data  Gb  osif_mn.o [13]
xmt_cnt_end             0x2001314c     0x4  Data  Gb  hm.o [9]
xmt_cnt_start           0x20013148     0x4  Data  Gb  hm.o [9]
xmt_msg                 0x080975b5    0x98  Code  Lc  hm.o [9]


[1] = command line
[2] = STM32F10x_StdPeriph_Driver.a
[3] = base.a
[4] = dl7M_tln.a
[5] = eep.a
[6] = fbif.a
[7] = fdev.a
[8] = ffbs.a
[9] = hm.a
[10] = hw.a
[11] = m7M_tl.a
[12] = os7m_tl__D.a
[13] = osif.emb.a
[14] = rt7M_tl.a
[15] = shb_l.a

  215 819 bytes of readonly  code memory
   76 426 bytes of readonly  data memory
  192 534 bytes of readwrite data memory

Errors: none
Warnings: none
