###############################################################################
#                                                                             #
# IAR ELF Linker V6.30.8.53653/W32 for ARM              03/Feb/2015  12:16:33 #
# Copyright 2007-2012 IAR Systems AB.                                         #
#                                                                             #
#    Output file  =  exe/fffp_0.out                                           #
#    Map file     =  exe/fffp_0.map                                           #
#    Command line =  --silent --cpu=Cortex-M3 --config_def rombank=0 --map    #
#                    exe/fffp_0.map --log modules --log_file exe/fffp_0.txt   #
#                    --config ../svi_pos_ff.icf -o exe/fffp_0.out lib/hw.a    #
#                    lib/eep.a lib/STM32F10x_StdPeriph_Driver.a lib/fbif.a    #
#                    lib/fdev.a lib/hm.a lib/osif.emb.a                       #
#                    ../FF_SVI_REL/lib/base.a ../FF_SVI_REL/lib/ffbs.a        #
#                    "C:\Program Files (x86)/IAR Systems/Embedded Workbench   #
#                    6.30/arm/lib/dl7M_tln.a" "C:\Program Files (x86)/IAR     #
#                    Systems/Embedded Workbench 6.30/arm/lib/shb_l.a"         #
#                    C:/tfsbuildR/SVIFF/Release1/FD-SW/_embOS_CortexM_IAR/Sta #
#                    rt/lib/os7m_tl__D.a                                      #
#                                                                             #
#                                                                             #
###############################################################################

*******************************************************************************
*** RUNTIME MODEL ATTRIBUTES
***

CppFlavor       = *
__Heap_Handler  = Basic
__SystemLibrary = DLib


*******************************************************************************
*** PLACEMENT SUMMARY
***

"A1":  place at 0x08000000 {
          ro section .intvec, block __kernel_functions_block__ };
"P1":  place in [from 0x08000800 to 0x0807ffff] {
          first block __const_data__, block __hw_code__, block __dbg_code__,
          block __eep_code__, block __osif_code__, block __cif_code__,
          block __fbs_code__, block __fbif_code__, block __fdev_code__,
          block __uta_code__, block __ddl_code__, block __fal_code__,
          block __fmg_code__, block __general_code__, ro,
          last block __mn_checksum__ };
"P2":  place in [from 0x20000000 to 0x20013fff] {
          zi, block OSIF_MEM, rw, block CSTACK };
"P3":  place in [from 0x60000000 to 0x6007ffff] {
          last block HEAP, section EEP_IMAGE };

  Section                 Kind        Address     Size  Object
  -------                 ----        -------     ----  ------
"A1":                                            0x138
  .intvec                          0x08000000    0x138  <Block>
    .intvec               const    0x08000000    0x138  hw_intr.o [10]
                                 - 0x08000138    0x138

"P1":                                          0x473c8
  __const_data__                   0x08000800  0x127dc  <Block>
    .rodata               const    0x08000800      0x4  hw_os.o [10]
    .rodata               const    0x08000804     0x6c  dll_lrx.o [3]
    .rodata               const    0x08000870     0x6c  dll_ltim.o [3]
    .rodata               const    0x080008dc     0x1c  appl_ptb.o [7]
    .rodata               const    0x080008f8    0x604  fbif_dsc.o [6]
    .rodata               const    0x08000efc   0x10e0  fbs_vfd.o [8]
    .rodata               const    0x08001fdc    0x16c  osif_cfg.o [13]
    .rodata               const    0x08002148   0x30c0  ptb.o [6]
    .rodata               const    0x08005208    0x634  instance.o [6]
    .rodata               const    0x0800583c    0xd98  aifb.o [6]
    .rodata               const    0x080065d4    0xb9c  aofb.o [6]
    .rodata               const    0x08007170    0xd3c  arfb.o [6]
    .rodata               const    0x08007eac    0x944  csfb.o [6]
    .rodata               const    0x080087f0    0x9b0  difb.o [6]
    .rodata               const    0x080091a0    0xa20  dofb.o [6]
    .rodata               const    0x08009bc0    0x9b8  isfb.o [6]
    .rodata               const    0x0800a578    0x7d8  maifb.o [6]
    .rodata               const    0x0800ad50    0x9f0  osfb.o [6]
    .rodata               const    0x0800b740   0x16f4  pidfb.o [6]
    .rodata               const    0x0800ce34   0x1754  resb.o [6]
    .rodata               const    0x0800e588   0x3058  spec_ds.o [6]
    .rodata               const    0x080115e0      0x4  mnhart2ff.o [7]
    .rodata               const    0x080115e4      0x4  mnhart2ff.o [7]
    .rodata               const    0x080115e8   0x1474  mib.o [3]
    .rodata               const    0x08012a5c     0x1c  mncbdefs.o [7]
    .rodata               const    0x08012a78    0x1b8  poschrtab.o [7]
    .rodata               const    0x08012c30    0x1aa  fault2alert.o [7]
    .rodata               const    0x08012dda     0x28  appl_dlh.o [7]
    .rodata               const    0x08012e02     0x21  appl_if.o [7]
    .rodata               const    0x08012e23     0x32  appl_if.o [7]
    .rodata               const    0x08012e55     0x39  appl_if.o [7]
    .rodata               const    0x08012e8e     0xc6  dll_drx.o [3]
    .rodata               const    0x08012f54     0x88  fmg.o [3]
    .rodata               const    0x08012fdc      0x0  bwt_init3c.o [14]
  __general_code__                 0x08012fe0   0x3bb2  <Block>
    .text                 ro code  0x08012fe0    0x860  pow.o [11]
    .text                 ro code  0x08013840     0x44  xdnorm.o [11]
    .text                 ro code  0x08013884     0x80  xdint.o [11]
    .text                 ro code  0x08013904     0x20  DblCmpEq.o [11]
    .text                 ro code  0x08013924      0xc  errno.o [4]
    .text                 ro code  0x08013930     0x2e  DblCmpGe.o [11]
    .text                 ro code  0x0801395e     0x22  zero_init3.o [14]
    .text                 ro code  0x08013980     0x2e  DblCmpLe.o [11]
    .text                 ro code  0x080139ae     0x2e  copy_init3.o [14]
    .text                 ro code  0x080139dc    0x1a2  DblMul.o [11]
    .text                 ro code  0x08013b80     0xe8  DblAdd.o [11]
    .text                 ro code  0x08013c68     0x4c  DblToI32.o [11]
    .text                 ro code  0x08013cb4     0x30  I32ToDbl.o [11]
    .text                 ro code  0x08013ce4    0x180  DblSub.o [11]
    .text                 ro code  0x08013e64    0x246  DblDiv.o [11]
    .text                 ro code  0x080140ac     0xa8  xlog.o [11]
    .text                 ro code  0x08014154    0x2f4  xexp.o [11]
    .text                 ro code  0x08014448      0x2  xtls.o [4]
    .text                 ro code  0x0801444c    0x11a  xdscale.o [11]
    .text                 ro code  0x08014568     0x18  startup_stm32f10x_xl.o [10]
    .text                 ro code  0x08014580     0x2c  cortextrap.o [10]
    .text                 ro code  0x080145ac    0x5d0  OSKERN.o [12]
    .text                 ro code  0x08014b7c     0xec  rtos.o [12]
    .text                 ro code  0x08014c68      0xc  OS_StackInfo.o [12]
    .text                 ro code  0x08014c74      0xc  OS_GetCPUState.o [12]
    .text                 ro code  0x08014c80     0x1c  OS_InitMode.o [12]
    .text                 ro code  0x08014c9c     0x66  ABImemset.o [14]
    .text                 ro code  0x08014d04     0x30  OS_ARM_ISRCheckPrio.o [12]
    .text                 ro code  0x08014d34     0x54  OS_TICK_Handle.o [12]
    .text                 ro code  0x08014d88    0x174  OSRSEM.o [12]
    .text                 ro code  0x08014efc     0x3c  OS_Wait.o [12]
    .text                 ro code  0x08014f38     0x3c  OS_DeactivateP.o [12]
    .text                 ro code  0x08014f74     0x54  OSRSEMRQ.o [12]
    .text                 ro code  0x08014fc8     0x94  OSMAIL.o [12]
    .text                 ro code  0x0801505c    0x110  OS_CreateTask.o [12]
    .text                 ro code  0x0801516c      0x6  ABImemclr4.o [14]
    .text                 ro code  0x08015174     0x32  ABImemset48.o [14]
    .text                 ro code  0x080151a8     0x24  OSEVENGE.o [12]
    .text                 ro code  0x080151cc     0x54  OSGMC.o [12]
    .text                 ro code  0x08015220     0xd4  OSMX.o [12]
    .text                 ro code  0x080152f4     0x5c  OSPMC.o [12]
    .text                 ro code  0x08015350     0x64  OSSETP.o [12]
    .text                 ro code  0x080153b4     0x68  OSEVENS.o [12]
    .text                 ro code  0x0801541c     0x6c  OSEVENW.o [12]
    .text                 ro code  0x08015488     0x70  OSEVENWS.o [12]
    .text                 ro code  0x080154f8     0x88  xxmemxfree.o [4]
    .text                 ro code  0x08015580     0x94  xsyslock.o [4]
    .text                 ro code  0x08015614     0xbc  xxmemxmalloc.o [4]
    .text                 ro code  0x080156d0     0x28  xgetmemchunk.o [4]
    .text                 ro code  0x080156f8    0x204  OSTIME.o [12]
    .text                 ro code  0x080158fc     0x44  OSTimeS.o [12]
    .text                 ro code  0x08015940     0x20  srand.o [4]
    .text                 ro code  0x08015960     0xc4  rand.o [4]
    .text                 ro code  0x08015a24     0xb4  OS_xmtx.o [12]
    .text                 ro code  0x08015ad8     0x60  OSDELRS.o [12]
    .text                 ro code  0x08015b38     0x2c  data_init3.o [14]
    .text                 ro code  0x08015b64     0x76  ABImemcpy.o [14]
    .text                 ro code  0x08015bdc     0x36  strlen.o [14]
    .text                 ro code  0x08015c14     0x62  memcmp.o [14]
    .text                 ro code  0x08015c78      0x6  ABImemclr.o [14]
    .text                 ro code  0x08015c80     0xfc  FltDiv.o [11]
    .text                 ro code  0x08015d7c     0xd8  FltMul.o [11]
    .text                 ro code  0x08015e54     0x1c  FltCmpEq.o [11]
    .text                 ro code  0x08015e70     0x24  FltCmpLe.o [11]
    .text                 ro code  0x08015e94     0x90  DblToFlt.o [11]
    .text                 ro code  0x08015f24     0x4e  FltToDbl.o [11]
    .text                 ro code  0x08015f74     0x84  FltAdd.o [11]
    .text                 ro code  0x08015ff8     0xe6  FltSub.o [11]
    .text                 ro code  0x080160e0     0x32  I32ToFlt.o [11]
    .text                 ro code  0x08016114     0x42  strcmp.o [14]
    .text                 ro code  0x08016158     0x24  FltCmpGe.o [11]
    .text                 ro code  0x0801617c     0x24  FltToU32.o [11]
    .text                 ro code  0x080161a0     0x44  FltToS32.o [11]
    .text                 ro code  0x080161e4     0x34  floorf.o [11]
    .text                 ro code  0x08016218    0x2d4  powf.o [11]
    .text                 ro code  0x080164ec     0x24  xfdnorm.o [11]
    .text                 ro code  0x08016510     0x50  xfdint.o [11]
    .text                 ro code  0x08016560    0x1d8  xflog.o [11]
    .text                 ro code  0x08016738    0x210  xfexp.o [11]
    .text                 ro code  0x08016948     0xc2  xfdscale.o [11]
    .text                 ro code  0x08016a0c     0x40  lroundf.o [11]
    .text                 ro code  0x08016a4c     0x38  roundf.o [11]
    .text                 ro code  0x08016a84     0xf0  sqrt.o [11]
    .text                 ro code  0x08016b74      0xc  iarEdom.o [14]
    .text                 ro code  0x08016b80      0x0  cstart_clearlocks.o [14]
    .text                 ro code  0x08016b80      0x4  cexit.o [14]
    .text                 ro code  0x08016b84      0x8  labs.o [4]
    .text                 ro code  0x08016b8c      0x6  log10f.o [11]
  .iar.init_table         const    0x08016b94     0x24  - Linker created -
  CODE                    ro code  0x08016bb8     0x20  hw_init.o [10]
  STM32F10x_StdPeriph_Driver_code
                          ro code  0x08016bd8     0x7c  stm32f10x_exti.o [2]
  STM32F10x_StdPeriph_Driver_code
                          ro code  0x08016c54    0x144  stm32f10x_rcc.o [2]
  STM32F10x_StdPeriph_Driver_code
                          ro code  0x08016d98     0x90  misc.o [2]
  STM32F10x_StdPeriph_Driver_code
                          ro code  0x08016e28     0xf6  stm32f10x_usart.o [2]
  STM32F10x_StdPeriph_Driver_code
                          ro code  0x08016f20     0x24  stm32f10x_fsmc.o [2]
  STM32F10x_StdPeriph_Driver_code
                          ro code  0x08016f44    0x1bc  stm32f10x_gpio.o [2]
  STM32F10x_StdPeriph_Driver_code
                          ro code  0x08017100    0x14c  stm32f10x_tim.o [2]
  hm_code                 ro code  0x0801724c    0x967  hm.o [9]
  hm_code                 ro code  0x08017bb4     0x7c  hm_dma.o [9]
  hm_code                 ro code  0x08017c30     0xc4  hm_if.o [9]
  hm_code                 ro code  0x08017cf4    0x494  hm_task.o [9]
  tmp_code                ro code  0x08018188    0x81c  tmp_hi.o [3]
  tmp_code                ro code  0x080189a4    0x22c  tmp_lo.o [3]
  Initializer bytes       ro data  0x08018bd0    0x150  <for P2-1>
  __hw_code__                      0x08018d20   0x1718  <Block>
    hw_code               ro code  0x08018d20     0xce  hw_intr.o [10]
    hw_code               ro code  0x08018df0    0x134  hw_os.o [10]
    hw_code               ro code  0x08018f24    0x198  hw_init.o [10]
    hw_code               ro code  0x080190bc    0x600  hw_periph_cfg.o [10]
    hw_code               ro code  0x080196bc    0x1bc  mnassert.o [10]
    hw_code               ro code  0x08019878    0x496  hw_i2c.o [10]
    hw_code               ro code  0x08019d10    0x268  crc.o [10]
    hw_code               ro code  0x08019f78     0x7a  stubs_app.o [10]
    hw_code               ro code  0x08019ff4     0xdc  hw_tim.o [10]
    hw_code               ro code  0x0801a0d0     0x2c  cortextrapc.o [10]
    hw_code               ro code  0x0801a0fc    0x144  hw_hm.o [10]
    hw_code               ro code  0x0801a240    0x1f8  hw_io.o [10]
  __eep_code__                     0x0801a438    0xbfb  <Block>
    eep_code              ro code  0x0801a438    0xbfb  eep_if.o [5]
  __osif_code__                    0x0801b034   0x1508  <Block>
    osif_code             ro code  0x0801b034     0xd2  osif_mn.o [13]
    osif_code             ro code  0x0801b108   0x1062  osif_tsk.o [13]
    osif_code             ro code  0x0801c16c    0x3c0  osif_tim.o [13]
    osif_code             ro code  0x0801c52c     0x10  xmtx.o [13]
  CODE                    ro code  0x0801c53c      0x2  hw_intr.o [10]
  __cif_code__                     0x0801c540    0x8c6  <Block>
    cif_code              ro code  0x0801c540    0x738  fdc.o [3]
    cif_code              ro code  0x0801cc78    0x178  fdc_bgd.o [3]
    cif_code              ro code  0x0801cdf0     0x16  fdc_wd.o [3]
  __fbs_code__                     0x0801ce08   0x8a00  <Block>
    fbs_code              ro code  0x0801ce08    0x990  fbs_init.o [8]
    fbs_code              ro code  0x0801d798    0x258  fbs_fbif.o [8]
    fbs_code              ro code  0x0801d9f0    0xfc8  fbs_nv.o [8]
    fbs_code              ro code  0x0801e9b8    0xe56  fbs_alt.o [8]
    fbs_code              ro code  0x0801f810   0x1da0  fbs_run.o [8]
    fbs_code              ro code  0x080215b0    0x175  fbs_blk.o [8]
    fbs_code              ro code  0x08021728    0xd80  fbs_vfd.o [8]
    fbs_code              ro code  0x080224a8   0x1228  fbs_mvc.o [8]
    fbs_code              ro code  0x080236d0    0x13c  fbs_scd.o [8]
    fbs_code              ro code  0x0802380c     0x14  fbs_od.o [8]
    fbs_code              ro code  0x08023820    0x37c  fbs_trd.o [8]
    fbs_code              ro code  0x08023b9c    0x918  fbs_acc.o [8]
    fbs_code              ro code  0x080244b4    0x348  fbs_if.o [8]
    fbs_code              ro code  0x080247fc    0x7a0  fbs_rw.o [8]
    fbs_code              ro code  0x08024f9c    0x86c  fbs_od.o [8]
  __fbif_code__                    0x08025808   0x97b4  <Block>
    fbif_code             ro code  0x08025808    0x508  ffbl_bas.o [6]
    fbif_code             ro code  0x08025d10    0x73b  ffbl_res.o [6]
    fbif_code             ro code  0x0802644c    0x43a  ffbl_fd.o [6]
    fbif_code             ro code  0x08026888    0xd2a  ffbl_ai.o [6]
    fbif_code             ro code  0x080275b4    0x17e  ffbl_pai.o [6]
    fbif_code             ro code  0x08027734    0xfa8  ffbl_ao.o [6]
    fbif_code             ro code  0x080286dc     0x46  ffbl_pao.o [6]
    fbif_code             ro code  0x08028724    0x638  ffbl_mo.o [6]
    fbif_code             ro code  0x08028d5c    0xde2  ffbl_ar.o [6]
    fbif_code             ro code  0x08029b40    0x846  ffbl_cs.o [6]
    fbif_code             ro code  0x0802a388    0x846  ffbl_di.o [6]
    fbif_code             ro code  0x0802abd0    0xd82  ffbl_do.o [6]
    fbif_code             ro code  0x0802b954    0x6f2  ffbl_is.o [6]
    fbif_code             ro code  0x0802c048    0x433  ffbl_mai.o [6]
    fbif_code             ro code  0x0802c47c    0xd96  ffbl_os.o [6]
    fbif_code             ro code  0x0802d214   0x1d74  ffbl_pid.o [6]
    fbif_code             ro code  0x0802ef88     0x14  ffbl_krn.o [6]
    fbif_code             ro code  0x0802ef9c     0x20  spec_ds.o [6]
  __fdev_code__                    0x0802efbc   0xa116  <Block>
    fdev_code             ro code  0x0802efbc    0x353  appl_dlh.o [7]
    fdev_code             ro code  0x0802f310     0x28  appl_svi_swdl.o [7]
    fdev_code             ro code  0x0802f338    0x44c  mn_fwdl.o [7]
    fdev_code             ro code  0x0802f784      0x8  mn_hdr_validate.o [7]
    fdev_code             ro code  0x0802f78c     0xb0  mn_fwdl_hart.o [7]
    fdev_code             ro code  0x0802f83c    0x2a4  stm_flash.o [7]
    fdev_code             ro code  0x0802fae0     0xee  bufutils.o [7]
    fdev_code             ro code  0x0802fbce     0x76  mnhart2ff.o [7]
    fdev_code             ro code  0x0802fc44    0x549  appl_if.o [7]
    fdev_code             ro code  0x08030190     0x2c  appl_nrv.o [7]
    fdev_code             ro code  0x080301bc    0xce8  appl_ptb.o [7]
    fdev_code             ro code  0x08030ea4    0x184  eep_blk2.o [7]
    fdev_code             ro code  0x08031028    0x23f  eep_blk3.o [7]
    fdev_code             ro code  0x08031268    0x1ec  appl_dia.o [7]
    fdev_code             ro code  0x08031454    0x5a0  mn_advanced.o [7]
    fdev_code             ro code  0x080319f4    0x608  mntbmspff.o [7]
    fdev_code             ro code  0x08031ffc    0xc90  appl_alert.o [7]
    fdev_code             ro code  0x08032c8c    0x12c  mn_working_times.o [7]
    fdev_code             ro code  0x08032db8    0x158  mnptberrors.o [7]
    fdev_code             ro code  0x08032f10    0x3b0  mndoswff.o [7]
    fdev_code             ro code  0x080332c0    0x61c  mnipcff.o [7]
    fdev_code             ro code  0x080338dc     0xb7  mn_errorbits.o [7]
    fdev_code             ro code  0x08033994    0x3f2  mn_fstate.o [7]
    fdev_code             ro code  0x08033d88    0x3cc  histogram.o [7]
    fdev_code             ro code  0x08034154    0x418  mn_trends.o [7]
    fdev_code             ro code  0x0803456c    0x4d0  mncharactff.o [7]
    fdev_code             ro code  0x08034a3c    0x3c6  mnfindstopsff.o [7]
    fdev_code             ro code  0x08034e02    0x2b2  mndiagprocff.o [7]
    fdev_code             ro code  0x080350b4    0x568  mnctllimff.o [7]
    fdev_code             ro code  0x0803561c    0x48c  ctrl_param_set.o [7]
    fdev_code             ro code  0x08035aa8     0x64  ui_language.o [7]
    fdev_code             ro code  0x08035b0c     0x52  app_mode.o [7]
    fdev_code             ro code  0x08035b60    0x2f0  pressure_range.o [7]
    fdev_code             ro code  0x08035e50    0x176  mn_actuator_3.o [7]
    fdev_code             ro code  0x08035fc6    0x13c  mn_ui_access_control.o [7]
    fdev_code             ro code  0x08036104    0x284  ffactoryuse.o [7]
    fdev_code             ro code  0x08036388    0x12c  mn_xd_errors.o [7]
    fdev_code             ro code  0x080364b4    0x112  mn_remote_sensor.o [7]
    fdev_code             ro code  0x080365c6     0x34  mn_checkproc.o [7]
    fdev_code             ro code  0x080365fa     0x48  mn_block_header.o [7]
    fdev_code             ro code  0x08036644    0x1d8  mn_cycle_counter_alert.o [7]
    fdev_code             ro code  0x0803681c    0x1d8  mn_travel_accumulation.o [7]
    fdev_code             ro code  0x080369f4     0x42  mn_clear_status.o [7]
    fdev_code             ro code  0x08036a38    0x1fc  mn_travel_units.o [7]
    fdev_code             ro code  0x08036c34    0x94b  lui_ipc_variables.o [7]
    fdev_code             ro code  0x08037580    0x130  mn_near_closed_alert.o [7]
    fdev_code             ro code  0x080376b0    0x358  mn_supply_pressure_alert.o [7]
    fdev_code             ro code  0x08037a08     0xa8  mn_ip_drive_current_alert.o [7]
    fdev_code             ro code  0x08037ab0     0x78  mn_temperature_alert.o [7]
    fdev_code             ro code  0x08037b28    0x18c  mn_deviation_alert.o [7]
    fdev_code             ro code  0x08037cb4    0x10c  mn_diagnostic_configuration.o [7]
    fdev_code             ro code  0x08037dc0     0xa8  mnfaultsimport.o [7]
    fdev_code             ro code  0x08037e68    0x10b  appl_res.o [7]
    fdev_code             ro code  0x08037f74    0x34e  mn_factory_defaults.o [7]
    fdev_code             ro code  0x080382c2     0x3e  mn_grant_deny.o [7]
    fdev_code             ro code  0x08038300    0x330  mnptbexec.o [7]
    fdev_code             ro code  0x08038630    0xaa2  controller_pid.o [7]
  __ddl_code__                     0x080390d4   0x6ae8  <Block>
    dll_code              ro code  0x080390d4    0xca4  dll_spc4.o [3]
    dll_code              ro code  0x08039d78    0xb30  dll_lrx.o [3]
    dll_code              ro code  0x0803a8a8    0x200  dll_bas.o [3]
    dll_code              ro code  0x0803aaa8    0xf02  dll_acc.o [3]
    dll_code              ro code  0x0803b9ac    0xf14  dll_drx.o [3]
    dll_code              ro code  0x0803c8c0   0x13ac  dll_las.o [3]
    dll_code              ro code  0x0803dc6c    0x698  dll_ltx.o [3]
    dll_code              ro code  0x0803e304    0x2ac  dll_msg.o [3]
    dll_code              ro code  0x0803e5b0    0x220  dll_cfg.o [3]
    dll_code              ro code  0x0803e7d0   0x108c  dll_list.o [3]
    dll_code              ro code  0x0803f85c    0x1a4  dll_addr.o [3]
    dll_code              ro code  0x0803fa00    0x1bc  dll_ltim.o [3]
  __fal_code__                     0x0803fbbc   0x365e  <Block>
    fal_code              ro code  0x0803fbbc    0x410  faltsk.o [3]
    fal_code              ro code  0x0803ffcc    0xcc0  falvcr.o [3]
    fal_code              ro code  0x08040c8c    0x498  faltim.o [3]
    fal_code              ro code  0x08041124    0x15e  falsub.o [3]
    fal_code              ro code  0x08041284    0x418  falabt.o [3]
    fal_code              ro code  0x0804169c     0xd0  falass.o [3]
    fal_code              ro code  0x0804176c    0x7ee  faldll.o [3]
    fal_code              ro code  0x08041f5a    0x58a  falfms.o [3]
    fal_code              ro code  0x080424e4    0x538  fmscod.o [3]
    fal_code              ro code  0x08042a1c    0x3d6  falsrv.o [3]
    fal_code              ro code  0x08042df4    0x248  fmsif.o [3]
    fal_code              ro code  0x0804303c      0x4  falaux.o [3]
    fal_code              ro code  0x08043040     0x1e  falopn.o [3]
    fal_code              ro code  0x0804305e     0xe4  falpub.o [3]
    fal_code              ro code  0x08043142     0xd8  falsnd.o [3]
  __fmg_code__                     0x0804321c   0x49a4  <Block>
    fmg_code              ro code  0x0804321c    0xa33  smdls.o [3]
    fmg_code              ro code  0x08043c50      0xc  nmod.o [3]
    fmg_code              ro code  0x08043c5c    0x162  fmg.o [3]
    fmg_code              ro code  0x08043dc0   0x13dc  sm.o [3]
    fmg_code              ro code  0x0804519c    0x268  nmif.o [3]
    fmg_code              ro code  0x08045404    0x544  smtim.o [3]
    fmg_code              ro code  0x08045948    0x388  nmvcr.o [3]
    fmg_code              ro code  0x08045cd0    0x658  nmod.o [3]
    fmg_code              ro code  0x08046328    0xf8c  nmcfg.o [3]
    fmg_code              ro code  0x080472b4    0x90c  nmdom.o [3]
  __mn_checksum__                  0x08047bc0      0x6  <Block>
    checksum              ro code  0x08047bc0      0x6  endofimage.o [10]
                                 - 0x08047bc6  0x473c6

"P2", part 1 of 3:                               0x150
  P2-1                             0x20000000    0x150  <Init block>
    .data                 inited   0x20000000     0x2c  OSGLOBAL.o [12]
    .data                 inited   0x2000002c     0x14  stm32f10x_rcc.o [2]
    .data                 inited   0x20000040      0x4  appl_if.o [7]
    .data                 inited   0x20000044     0x54  eep_if.o [5]
    .data                 inited   0x20000098      0x1  appl_ptb.o [7]
    .data                 inited   0x2000009a      0x2  appl_alert.o [7]
    .data                 inited   0x2000009c      0x2  hm_task.o [9]
    .data                 inited   0x200000a0      0x4  mn_trends.o [7]
    .data                 inited   0x200000a4      0x8  mn_trends.o [7]
    .data                 inited   0x200000ac      0x1  mn_fstate.o [7]
    .data                 inited   0x200000ad      0x1  mndoswff.o [7]
    .data                 inited   0x200000ae      0x1  mndoswff.o [7]
    .data                 inited   0x200000af      0x2  mnipcff.o [7]
    .data                 inited   0x200000b4      0xc  mnptberrors.o [7]
    .data                 inited   0x200000c0      0x1  mnptbexec.o [7]
    .data                 inited   0x200000c1      0x1  mnptbexec.o [7]
    .data                 inited   0x200000c2      0x1  mnptbexec.o [7]
    __DLIB_PERTHREAD      inited   0x200000c4     0x8c  rand.o [4]
                                 - 0x20000150    0x150

"P2", part 2 of 3:                             0x127e4
  .noinit                 uninit   0x20000150   0x32fc  falvcr.o [3]
  .noinit                 uninit   0x2000344c   0x1804  dll_bas.o [3]
  .noinit                 uninit   0x20004c50   0x1180  fbs_vfd.o [8]
  .noinit                 uninit   0x20005dd0   0x1094  osif_tsk.o [13]
  .noinit                 uninit   0x20006e64     0x7c  hm.o [9]
  CSTACK                           0x20006ee0   0x1000  <Block>
    CSTACK                uninit   0x20006ee0   0x1000  <Block tail>
  .noinit                 uninit   0x20007ee0    0xfbc  faltim.o [3]
  .noinit                 uninit   0x20008e9c    0xa94  instance.o [6]
  .noinit                 uninit   0x20009930    0xa28  falvcr.o [3]
  .noinit                 uninit   0x2000a358    0x800  osif_cfg.o [13]
  .noinit                 uninit   0x2000ab58    0x714  sm.o [3]
  .noinit                 uninit   0x2000b26c    0x6a8  dll_bas.o [3]
  .noinit                 uninit   0x2000b914    0x600  osif_cfg.o [13]
  .noinit                 uninit   0x2000bf14    0x500  osif_cfg.o [13]
  .noinit                 uninit   0x2000c414    0x488  nmdom.o [3]
  .noinit                 uninit   0x2000c89c    0x3d8  nmvcr.o [3]
  .noinit                 uninit   0x2000cc74    0x3c0  dll_bas.o [3]
  .noinit                 uninit   0x2000d034    0x350  eep_if.o [5]
  .noinit                 uninit   0x2000d384    0x33c  dll_bas.o [3]
  .noinit                 uninit   0x2000d6c0    0x324  fbs_fbif.o [8]
  .noinit                 uninit   0x2000d9e4    0x300  osif_cfg.o [13]
  .noinit                 uninit   0x2000dce4    0x300  osif_cfg.o [13]
  .noinit                 uninit   0x2000dfe4    0x300  osif_cfg.o [13]
  .noinit                 uninit   0x2000e2e4    0x2ec  osif_tsk.o [13]
  .noinit                 uninit   0x2000e5d0    0x288  instance.o [6]
  .noinit                 uninit   0x2000e858    0x280  fbs_fbif.o [8]
  .noinit                 uninit   0x2000ead8    0x280  osif_cfg.o [13]
  .noinit                 uninit   0x2000ed58    0x26c  instance.o [6]
  .noinit                 uninit   0x2000efc4    0x26c  instance.o [6]
  .noinit                 uninit   0x2000f230    0x230  dll_bas.o [3]
  .noinit                 uninit   0x2000f460    0x220  fbs_nv.o [8]
  .noinit                 uninit   0x2000f680    0x200  osif_cfg.o [13]
  .noinit                 uninit   0x2000f880    0x1e0  dll_bas.o [3]
  .noinit                 uninit   0x2000fa60    0x1a0  fbs_vfd.o [8]
  .noinit                 uninit   0x2000fc00    0x190  instance.o [6]
  .noinit                 uninit   0x2000fd90    0x190  instance.o [6]
  .noinit                 uninit   0x2000ff20    0x190  instance.o [6]
  .noinit                 uninit   0x200100b0    0x18c  osif_tim.o [13]
  .noinit                 uninit   0x2001023c    0x180  fbs_mvc.o [8]
  .noinit                 uninit   0x200103bc    0x180  fbs_mvc.o [8]
  .noinit                 uninit   0x2001053c    0x134  instance.o [6]
  .noinit                 uninit   0x20010670    0x12c  instance.o [6]
  .noinit                 uninit   0x2001079c    0x118  instance.o [6]
  .noinit                 uninit   0x200108b4    0x100  dll_bas.o [3]
  .noinit                 uninit   0x200109b4    0x100  dll_bas.o [3]
  .noinit                 uninit   0x20010ab4    0x100  dll_las.o [3]
  .noinit                 uninit   0x20010bb4    0x100  fbs_mvc.o [8]
  .noinit                 uninit   0x20010cb4    0x100  fbs_vfd.o [8]
  .noinit                 uninit   0x20010db4    0x100  fbs_vfd.o [8]
  .noinit                 uninit   0x20010eb4    0x100  fbs_vfd.o [8]
  .noinit                 uninit   0x20010fb4    0x100  osif_cfg.o [13]
  .noinit                 uninit   0x200110b4    0x100  osif_cfg.o [13]
  .noinit                 uninit   0x200111b4     0xf4  instance.o [6]
  .noinit                 uninit   0x200112a8     0xe0  instance.o [6]
  .noinit                 uninit   0x20011388     0xdc  instance.o [6]
  .noinit                 uninit   0x20011464     0xd8  hm_task.o [9]
  .noinit                 uninit   0x2001153c     0xd8  instance.o [6]
  .noinit                 uninit   0x20011614     0xd8  instance.o [6]
  .noinit                 uninit   0x200116ec     0xd4  eep_if.o [5]
  .noinit                 uninit   0x200117c0     0xc8  appl_ptb.o [7]
  .noinit                 uninit   0x20011888     0xc0  instance.o [6]
  .noinit                 uninit   0x20011948     0xc0  instance.o [6]
  .noinit                 uninit   0x20011a08     0xa4  appl_dlh.o [7]
  .noinit                 uninit   0x20011aac     0x9c  dll_drx.o [3]
  .noinit                 uninit   0x20011b48     0x94  fbs_od.o [8]
  .noinit                 uninit   0x20011bdc     0x90  fbs_alt.o [8]
  .noinit                 uninit   0x20011c6c     0x88  dll_bas.o [3]
  .noinit                 uninit   0x20011cf4     0x88  nmod.o [3]
  .noinit                 uninit   0x20011d7c     0x80  fbs_vfd.o [8]
  .noinit                 uninit   0x20011dfc     0x7c  hm.o [9]
  .noinit                 uninit   0x20011e78     0x78  dll_bas.o [3]
  .noinit                 uninit   0x20011ef0     0x68  ffbl_fd.o [6]
  .noinit                 uninit   0x20011f58     0x64  fbs_run.o [8]
  .noinit                 uninit   0x20011fbc     0x5c  fbs_init.o [8]
  .noinit                 uninit   0x20012018     0x54  nmdom.o [3]
  .noinit                 uninit   0x2001206c     0x50  faltsk.o [3]
  .noinit                 uninit   0x200120bc     0x50  sm.o [3]
  .noinit                 uninit   0x2001210c     0x48  fdc.o [3]
  .noinit                 uninit   0x20012154     0x48  dll_bas.o [3]
  .noinit                 uninit   0x2001219c     0x48  dll_bas.o [3]
  .noinit                 uninit   0x200121e4     0x48  appl_dia.o [7]
  .noinit                 uninit   0x2001222c     0x40  fbs_nv.o [8]
  .noinit                 uninit   0x2001226c     0x40  ffbl_fd.o [6]
  .noinit                 uninit   0x200122ac     0x3c  fbs_vfd.o [8]
  .noinit                 uninit   0x200122e8     0x38  hm_task.o [9]
  .noinit                 uninit   0x20012320     0x34  fbs_vfd.o [8]
  .noinit                 uninit   0x20012354     0x34  nmcfg.o [3]
  .noinit                 uninit   0x20012388     0x34  ffbl_mo.o [6]
  .noinit                 uninit   0x200123bc     0x30  fbs_nv.o [8]
  .noinit                 uninit   0x200123ec     0x30  fbs_vfd.o [8]
  .noinit                 uninit   0x2001241c     0x2c  dll_spc4.o [3]
  .noinit                 uninit   0x20012448     0x28  fbs_init.o [8]
  .noinit                 uninit   0x20012470     0x28  fbs_vfd.o [8]
  .noinit                 uninit   0x20012498     0x24  appl_svi_swdl.o [7]
  .noinit                 uninit   0x200124bc     0x24  dll_las.o [3]
  .noinit                 uninit   0x200124e0     0x24  fdc_bgd.o [3]
  .noinit                 uninit   0x20012504     0x20  hm.o [9]
  .noinit                 uninit   0x20012524     0x20  dll_bas.o [3]
  .noinit                 uninit   0x20012544     0x20  dll_bas.o [3]
  .noinit                 uninit   0x20012564     0x20  dll_bas.o [3]
  .noinit                 uninit   0x20012584     0x20  fbs_fbif.o [8]
  .noinit                 uninit   0x200125a4     0x20  dll_las.o [3]
  .noinit                 uninit   0x200125c4     0x20  dll_las.o [3]
  .noinit                 uninit   0x200125e4     0x20  dll_las.o [3]
  .noinit                 uninit   0x20012604     0x20  fbs_scd.o [8]
  .noinit                 uninit   0x20012624     0x20  nmdom.o [3]
  .noinit                 uninit   0x20012644     0x1e  fbs_vfd.o [8]
  .noinit                 uninit   0x20012662      0x2  stubs_app.o [10]
  .noinit                 uninit   0x20012664     0x1c  nmif.o [3]
  .noinit                 uninit   0x20012680     0x1c  ffbl_pai.o [6]
  .noinit                 uninit   0x2001269c     0x18  osif_mn.o [13]
  .noinit                 uninit   0x200126b4     0x18  faldll.o [3]
  .noinit                 uninit   0x200126cc     0x17  dll_lrx.o [3]
  .noinit                 uninit   0x200126e3      0x5  nmvcr.o [3]
  .noinit                 uninit   0x200126e8     0x14  fdc.o [3]
  .noinit                 uninit   0x200126fc     0x14  smdls.o [3]
  .noinit                 uninit   0x20012710     0x14  dll_bas.o [3]
  .noinit                 uninit   0x20012724     0x14  ffbl_bas.o [6]
  .noinit                 uninit   0x20012738     0x14  falvcr.o [3]
  .noinit                 uninit   0x2001274c     0x14  fbs_if.o [8]
  .noinit                 uninit   0x20012760     0x14  nmod.o [3]
  .noinit                 uninit   0x20012774     0x10  dll_bas.o [3]
  .noinit                 uninit   0x20012784     0x10  dll_bas.o [3]
  .noinit                 uninit   0x20012794     0x10  dll_bas.o [3]
  .noinit                 uninit   0x200127a4     0x10  fbs_mvc.o [8]
  .noinit                 uninit   0x200127b4     0x10  fbs_run.o [8]
  .noinit                 uninit   0x200127c4     0x10  faltim.o [3]
  .noinit                 uninit   0x200127d4      0xd  eep_if.o [5]
  .noinit                 uninit   0x200127e1      0x2  fbs_scd.o [8]
  .noinit                 uninit   0x200127e3      0x1  appl_if.o [7]
  .noinit                 uninit   0x200127e4      0xc  mnassert.o [10]
  .noinit                 uninit   0x200127f0      0xc  osif_tim.o [13]
  .noinit                 uninit   0x200127fc      0xc  dll_bas.o [3]
  .noinit                 uninit   0x20012808      0xc  dll_bas.o [3]
  .noinit                 uninit   0x20012814      0xc  dll_ltx.o [3]
  .noinit                 uninit   0x20012820      0xc  ffbl_bas.o [6]
  .noinit                 uninit   0x2001282c      0xc  ffbl_res.o [6]
  .noinit                 uninit   0x20012838      0xc  dll_cfg.o [3]
  .noinit                 uninit   0x20012844      0xc  fmg.o [3]
  .noinit                 uninit   0x20012850      0xc  hm_task.o [9]
  .noinit                 uninit   0x2001285c      0xc  ffbl_ai.o [6]
  .noinit                 uninit   0x20012868      0x8  fdc.o [3]
  .noinit                 uninit   0x20012870      0x8  fbs_init.o [8]
  .noinit                 uninit   0x20012878      0x8  dll_bas.o [3]
  .noinit                 uninit   0x20012880      0x8  dll_bas.o [3]
  .noinit                 uninit   0x20012888      0x8  dll_bas.o [3]
  .noinit                 uninit   0x20012890      0x8  dll_cfg.o [3]
  .noinit                 uninit   0x20012898      0x8  dll_las.o [3]
  .noinit                 uninit   0x200128a0      0x8  dll_las.o [3]
  .noinit                 uninit   0x200128a8      0x8  fmg.o [3]
  .noinit                 uninit   0x200128b0      0x8  smtim.o [3]
  .noinit                 uninit   0x200128b8      0x8  tmp_hi.o [3]
  .noinit                 uninit   0x200128c0      0x8  tmp_hi.o [3]
  .noinit                 uninit   0x200128c8      0x8  nmcfg.o [3]
  .noinit                 uninit   0x200128d0      0x4  dll_bas.o [3]
  .noinit                 uninit   0x200128d4      0x4  dll_bas.o [3]
  .noinit                 uninit   0x200128d8      0x4  dll_bas.o [3]
  .noinit                 uninit   0x200128dc      0x4  dll_bas.o [3]
  .noinit                 uninit   0x200128e0      0x4  dll_bas.o [3]
  .noinit                 uninit   0x200128e4      0x4  dll_bas.o [3]
  .noinit                 uninit   0x200128e8      0x4  dll_bas.o [3]
  .noinit                 uninit   0x200128ec      0x4  dll_bas.o [3]
  .noinit                 uninit   0x200128f0      0x4  dll_bas.o [3]
  .noinit                 uninit   0x200128f4      0x4  fbs_nv.o [8]
  .noinit                 uninit   0x200128f8      0x4  fbs_vfd.o [8]
  .noinit                 uninit   0x200128fc      0x4  fbs_trd.o [8]
  .noinit                 uninit   0x20012900      0x4  ffbl_ar.o [6]
  .noinit                 uninit   0x20012904      0x2  dll_bas.o [3]
  .noinit                 uninit   0x20012906      0x2  dll_bas.o [3]
  .noinit                 uninit   0x20012908      0x2  dll_bas.o [3]
  .noinit                 uninit   0x2001290a      0x2  dll_bas.o [3]
  .noinit                 uninit   0x2001290c      0x2  dll_bas.o [3]
  .noinit                 uninit   0x2001290e      0x2  dll_bas.o [3]
  .noinit                 uninit   0x20012910      0x2  dll_bas.o [3]
  .noinit                 uninit   0x20012912      0x2  dll_bas.o [3]
  .noinit                 uninit   0x20012914      0x2  dll_bas.o [3]
  .noinit                 uninit   0x20012916      0x2  dll_bas.o [3]
  .noinit                 uninit   0x20012918      0x2  dll_bas.o [3]
  .noinit                 uninit   0x2001291a      0x2  dll_bas.o [3]
  .noinit                 uninit   0x2001291c      0x2  dll_ltim.o [3]
  .noinit                 uninit   0x2001291e      0x1  dll_bas.o [3]
  .noinit                 uninit   0x2001291f      0x1  dll_bas.o [3]
  .noinit                 uninit   0x20012920      0x1  dll_bas.o [3]
  .noinit                 uninit   0x20012921      0x1  dll_bas.o [3]
  .noinit                 uninit   0x20012922      0x1  dll_bas.o [3]
  .noinit                 uninit   0x20012923      0x1  dll_bas.o [3]
  .noinit                 uninit   0x20012924      0x1  dll_bas.o [3]
  .noinit                 uninit   0x20012925      0x1  dll_bas.o [3]
  .noinit                 uninit   0x20012926      0x1  dll_bas.o [3]
  .noinit                 uninit   0x20012927      0x1  dll_bas.o [3]
  .noinit                 uninit   0x20012928      0x1  dll_bas.o [3]
  .noinit                 uninit   0x20012929      0x1  dll_bas.o [3]
  .noinit                 uninit   0x2001292a      0x1  dll_bas.o [3]
  .noinit                 uninit   0x2001292b      0x1  dll_bas.o [3]
  .noinit                 uninit   0x2001292c      0x1  dll_bas.o [3]
  .noinit                 uninit   0x2001292d      0x1  dll_bas.o [3]
  .noinit                 uninit   0x2001292e      0x1  dll_bas.o [3]
  .noinit                 uninit   0x2001292f      0x1  dll_bas.o [3]
  .noinit                 uninit   0x20012930      0x1  appl_ptb.o [7]
  .noinit                 uninit   0x20012931      0x1  hm_if.o [9]
  .noinit                 uninit   0x20012932      0x1  smtim.o [3]
  .noinit                 uninit   0x20012933      0x1  fbs_blk.o [8]
                                 - 0x20012934  0x127e4

"P2", part 3 of 3:                               0xaf8
  .bss                    zero     0x20012934    0x408  appl_alert.o [7]
  .bss                    zero     0x20012d3c    0x140  tmp_hi.o [3]
  .bss                    zero     0x20012e7c     0x90  histogram.o [7]
  .bss                    zero     0x20012f0c     0x78  mn_fwdl_hart.o [7]
  .bss                    zero     0x20012f84     0x64  mn_trends.o [7]
  .bss                    zero     0x20012fe8     0x50  smdls.o [3]
  .bss                    zero     0x20013038     0x4c  lui_ipc_variables.o [7]
  .bss                    zero     0x20013084     0x4c  mncharactff.o [7]
  .bss                    zero     0x200130d0     0x48  mn_fwdl.o [7]
  .bss                    zero     0x20013118     0x40  hm.o [9]
  .bss                    zero     0x20013158     0x38  mn_fwdl.o [7]
  .bss                    zero     0x20013190     0x38  histogram.o [7]
  .bss                    zero     0x200131c8     0x2c  smdls.o [3]
  .bss                    zero     0x200131f4     0x28  eep_if.o [5]
  .bss                    zero     0x2001321c     0x28  hw_i2c.o [10]
  .bss                    zero     0x20013244     0x24  mn_advanced.o [7]
  .bss                    zero     0x20013268     0x21  smdls.o [3]
  .bss                    zero     0x20013289      0x2  hm_task.o [9]
  .bss                    zero     0x2001328b      0x1  OSGLOBAL.o [12]
  .bss                    zero     0x2001328c     0x20  mn_fwdl.o [7]
  .bss                    zero     0x200132ac     0x18  appl_alert.o [7]
  .bss                    zero     0x200132c4     0x18  xsyslock.o [4]
  .bss                    zero     0x200132dc     0x18  OS_xmtx.o [12]
  .bss                    zero     0x200132f4     0x15  hm.o [9]
  .bss                    zero     0x2001330a      0x2  mndoswff.o [7]
  .bss                    zero     0x2001330c     0x14  hw_init.o [10]
  .bss                    zero     0x20013320     0x14  hw_i2c.o [10]
  .bss                    zero     0x20013334     0x14  appl_res.o [7]
  .bss                    zero     0x20013348     0x12  lui_ipc_variables.o [7]
  .bss                    zero     0x2001335a      0x1  OSGLOBAL.o [12]
  .bss                    zero     0x2001335b      0x1  OSGLOBAL.o [12]
  .bss                    zero     0x2001335c     0x10  stm_flash.o [7]
  .bss                    zero     0x2001336c     0x10  appl_alert.o [7]
  .bss                    zero     0x2001337c     0x10  appl_alert.o [7]
  .bss                    zero     0x2001338c     0x10  mn_fstate.o [7]
  .bss                    zero     0x2001339c      0xc  appl_ptb.o [7]
  .bss                    zero     0x200133a8      0xc  appl_ptb.o [7]
  .bss                    zero     0x200133b4      0x8  appl_ptb.o [7]
  .bss                    zero     0x200133bc      0x8  appl_ptb.o [7]
  .bss                    zero     0x200133c4      0x8  xxmemxmalloc.o [4]
  .bss                    zero     0x200133cc      0x8  appl_alert.o [7]
  .bss                    zero     0x200133d4      0x8  appl_alert.o [7]
  .bss                    zero     0x200133dc      0x8  appl_alert.o [7]
  .bss                    zero     0x200133e4      0x8  mnipcff.o [7]
  .bss                    zero     0x200133ec      0x4  hw_intr.o [10]
  .bss                    zero     0x200133f0      0x4  OSGLOBAL.o [12]
  .bss                    zero     0x200133f4      0x4  OSGLOBAL.o [12]
  .bss                    zero     0x200133f8      0x4  OSGLOBAL.o [12]
  .bss                    zero     0x200133fc      0x4  OSGLOBAL.o [12]
  .bss                    zero     0x20013400      0x4  mnassert.o [10]
  .bss                    zero     0x20013404      0x4  hw_i2c.o [10]
  .bss                    zero     0x20013408      0x4  OSTERM.o [12]
  .bss                    zero     0x2001340c      0x4  mn_working_times.o [7]
  .bss                    zero     0x20013410      0x4  appl_alert.o [7]
  .bss                    zero     0x20013414      0x4  mn_errorbits.o [7]
  .bss                    zero     0x20013418      0x4  xgetmemchunk.o [4]
  __DLIB_PERTHREAD        zero     0x2001341c      0x4  errno.o [4]
  .bss                    zero     0x20013420      0x1  OSGLOBAL.o [12]
  .bss                    zero     0x20013421      0x1  OSGLOBAL.o [12]
  .bss                    zero     0x20013422      0x1  OSGLOBAL.o [12]
  .bss                    zero     0x20013423      0x1  stubs_app.o [10]
  .bss                    zero     0x20013424      0x1  hw_io.o [10]
  .bss                    zero     0x20013425      0x1  hw_i2c.o [10]
  .bss                    zero     0x20013426      0x1  mn_advanced.o [7]
  .bss                    zero     0x20013427      0x1  lui_ipc_variables.o [7]
  .bss                    zero     0x20013428      0x1  mncharactff.o [7]
  .bss                    zero     0x20013429      0x1  mnipcff.o [7]
                                 - 0x2001342a    0xaf6

"P3":                                          0x1bbf0
  EEP_IMAGE               uninit   0x60000000   0x7fec  eep_if.o [5]
  EEP_IMAGE               uninit   0x60007fec   0x1400  eep_if.o [5]
  EEP_IMAGE               uninit   0x600093ec   0x2800  eep_if.o [5]
  HEAP                             0x6000bbf0  0x10000  <Block>
    HEAP                  uninit   0x6000bbf0  0x10000  <Block tail>
                                 - 0x6001bbf0  0x1bbf0


*******************************************************************************
*** INIT TABLE
***

          Address     Size
          -------     ----
Zero (__iar_zero_init3)
    1 destination range, total size 0xaf6:
          0x20012934  0xaf6

Copy (__iar_copy_init3)
    1 source range, total size 0x150:
          0x08018bd0  0x150
    1 destination range, total size 0x150:
          0x20000000  0x150



*******************************************************************************
*** MODULE SUMMARY
***

    Module                         ro code  ro data  rw data
    ------                         -------  -------  -------
command line: [1]
    --------------------------------------------------------
    Total:

STM32F10x_StdPeriph_Driver.a: [2]
    misc.o                             144
    stm32f10x_exti.o                   124
    stm32f10x_fsmc.o                    36
    stm32f10x_gpio.o                   444
    stm32f10x_rcc.o                    324       20       20
    stm32f10x_tim.o                    332
    stm32f10x_usart.o                  246
    --------------------------------------------------------
    Total:                           1 650       20       20

base.a: [3]
    dll_acc.o                        3 842
    dll_addr.o                         420
    dll_bas.o                          512            11 882
    dll_cfg.o                          544                20
    dll_drx.o                        3 860      198      156
    dll_las.o                        5 036               404
    dll_list.o                       4 236
    dll_lrx.o                        2 864      108       23
    dll_ltim.o                         444      108        2
    dll_ltx.o                        1 688                12
    dll_msg.o                          684
    dll_spc4.o                       3 236                44
    falabt.o                         1 048
    falass.o                           208
    falaux.o                             4
    faldll.o                         2 030                24
    falfms.o                         1 418
    falopn.o                            30
    falpub.o                           228
    falsnd.o                           216
    falsrv.o                           982
    falsub.o                           350
    faltim.o                         1 176             4 044
    faltsk.o                         1 040                80
    falvcr.o                         3 264            15 672
    fdc.o                            1 848               100
    fdc_bgd.o                          376                36
    fdc_wd.o                            22
    fmg.o                              354      136       20
    fmscod.o                         1 336
    fmsif.o                            584
    mib.o                                     5 236
    nmcfg.o                          3 980                60
    nmdom.o                          2 316             1 276
    nmif.o                             616                28
    nmod.o                           1 636               156
    nmvcr.o                            904               989
    sm.o                             5 084             1 892
    smdls.o                          2 611               177
    smtim.o                          1 348                 9
    tmp_hi.o                         2 076               336
    tmp_lo.o                           556
    --------------------------------------------------------
    Total:                          65 007    5 786   37 442

dl7M_tln.a: [4]
    errno.o                             12                 4
    labs.o                               8
    rand.o                             196      141      140
    srand.o                             32
    xgetmemchunk.o                      40                 4
    xsyslock.o                         148                24
    xtls.o                               2
    xxmemxfree.o                       136
    xxmemxmalloc.o                     188                 8
    --------------------------------------------------------
    Total:                             762      141      180

eep.a: [5]
    eep_if.o                         3 067       84   49 305
    --------------------------------------------------------
    Total:                           3 067       84   49 305

fbif.a: [6]
    aifb.o                                    3 480
    aofb.o                                    2 972
    arfb.o                                    3 388
    csfb.o                                    2 372
    difb.o                                    2 480
    dofb.o                                    2 592
    fbif_dsc.o                                1 540
    ffbl_ai.o                        3 370                12
    ffbl_ao.o                        4 008
    ffbl_ar.o                        3 554                 4
    ffbl_bas.o                       1 288                32
    ffbl_cs.o                        2 118
    ffbl_di.o                        2 118
    ffbl_do.o                        3 458
    ffbl_fd.o                        1 082               168
    ffbl_is.o                        1 778
    ffbl_krn.o                          20
    ffbl_mai.o                       1 075
    ffbl_mo.o                        1 592                52
    ffbl_os.o                        3 478
    ffbl_pai.o                         382                28
    ffbl_pao.o                          70
    ffbl_pid.o                       7 540
    ffbl_res.o                       1 851                12
    instance.o                                1 588    8 188
    isfb.o                                    2 488
    maifb.o                                   2 008
    osfb.o                                    2 544
    pidfb.o                                   5 876
    ptb.o                                    12 480
    resb.o                                    5 972
    spec_ds.o                           32   12 376
    --------------------------------------------------------
    Total:                          38 814   64 156    8 496

fdev.a: [7]
    app_mode.o                          82
    appl_alert.o                     3 216        3    1 118
    appl_dia.o                         492                72
    appl_dlh.o                         851       40      164
    appl_if.o                        1 353      144        5
    appl_nrv.o                          44
    appl_ptb.o                       3 304       29      242
    appl_res.o                         267                20
    appl_svi_swdl.o                     40                36
    bufutils.o                         238
    controller_pid.o                 2 722
    ctrl_param_set.o                 1 164
    eep_blk2.o                         388
    eep_blk3.o                         575
    fault2alert.o                               426
    ffactoryuse.o                      644
    histogram.o                        972               200
    lui_ipc_variables.o              2 379                95
    mn_actuator_3.o                    374
    mn_advanced.o                    1 440                37
    mn_block_header.o                   72
    mn_checkproc.o                      52
    mn_clear_status.o                   66
    mn_cycle_counter_alert.o           472
    mn_deviation_alert.o               396
    mn_diagnostic_configuration.o      268
    mn_errorbits.o                     183                 4
    mn_factory_defaults.o              846
    mn_fstate.o                      1 010        1       17
    mn_fwdl.o                        1 100               160
    mn_fwdl_hart.o                     176               120
    mn_grant_deny.o                     62
    mn_hdr_validate.o                    8
    mn_ip_drive_current_alert.o        168
    mn_near_closed_alert.o             304
    mn_remote_sensor.o                 274
    mn_supply_pressure_alert.o         856
    mn_temperature_alert.o             120
    mn_travel_accumulation.o           472
    mn_travel_units.o                  508
    mn_trends.o                      1 048       14      112
    mn_ui_access_control.o             316
    mn_working_times.o                 300                 4
    mn_xd_errors.o                     300
    mncbdefs.o                                   28
    mncharactff.o                    1 232                77
    mnctllimff.o                     1 384
    mndiagprocff.o                     690
    mndoswff.o                         944        2        4
    mnfaultsimport.o                   168
    mnfindstopsff.o                    966
    mnhart2ff.o                        118        8
    mnipcff.o                        1 564        2       11
    mnptberrors.o                      344       15       12
    mnptbexec.o                        816        3        3
    mntbmspff.o                      1 544
    poschrtab.o                                 440
    pressure_range.o                   752
    stm_flash.o                        676                16
    ui_language.o                      100
    --------------------------------------------------------
    Total:                          41 220    1 155    2 529

ffbs.a: [8]
    fbs_acc.o                        2 328
    fbs_alt.o                        3 670               144
    fbs_blk.o                          373                 1
    fbs_fbif.o                         600             1 476
    fbs_if.o                           840                20
    fbs_init.o                       2 448               140
    fbs_mvc.o                        4 648             1 040
    fbs_nv.o                         4 040               660
    fbs_od.o                         2 176               148
    fbs_run.o                        7 584               116
    fbs_rw.o                         1 952
    fbs_scd.o                          316                34
    fbs_trd.o                          892                 4
    fbs_vfd.o                        3 456    4 320    6 026
    --------------------------------------------------------
    Total:                          35 323    4 320    9 809

hm.a: [9]
    hm.o                             2 407               365
    hm_dma.o                           124
    hm_if.o                            196                 1
    hm_task.o                        1 172        2      288
    --------------------------------------------------------
    Total:                           3 899        2      654

hw.a: [10]
    cortextrap.o                        44
    cortextrapc.o                       44
    crc.o                              616
    endofimage.o                         6
    hw_hm.o                            324
    hw_i2c.o                         1 174                65
    hw_init.o                          440                20
    hw_intr.o                          208      312        4
    hw_io.o                            504                 1
    hw_os.o                            308        4
    hw_periph_cfg.o                  1 536
    hw_tim.o                           220
    mnassert.o                         444                16
    startup_stm32f10x_xl.o              24
    stubs_app.o                        122                 3
    --------------------------------------------------------
    Total:                           6 014      316      109

m7M_tl.a: [11]
    DblAdd.o                           232
    DblCmpEq.o                          32
    DblCmpGe.o                          46
    DblCmpLe.o                          46
    DblDiv.o                           582
    DblMul.o                           418
    DblSub.o                           384
    DblToFlt.o                         144
    DblToI32.o                          76
    FltAdd.o                           132
    FltCmpEq.o                          28
    FltCmpGe.o                          36
    FltCmpLe.o                          36
    FltDiv.o                           252
    FltMul.o                           216
    FltSub.o                           230
    FltToDbl.o                          78
    FltToS32.o                          68
    FltToU32.o                          36
    I32ToDbl.o                          48
    I32ToFlt.o                          50
    floorf.o                            52
    log10f.o                             6
    lroundf.o                           64
    pow.o                            2 144
    powf.o                             724
    roundf.o                            56
    sqrt.o                             240
    xdint.o                            128
    xdnorm.o                            68
    xdscale.o                          282
    xexp.o                             756
    xfdint.o                            80
    xfdnorm.o                           36
    xfdscale.o                         194
    xfexp.o                            528
    xflog.o                            472
    xlog.o                             168
    --------------------------------------------------------
    Total:                           9 168

os7m_tl__D.a: [12]
    OSDELRS.o                           96
    OSEVENGE.o                          36
    OSEVENS.o                          104
    OSEVENW.o                          108
    OSEVENWS.o                         112
    OSGLOBAL.o                                   44       66
    OSGMC.o                             84
    OSKERN.o                         1 488
    OSMAIL.o                           148
    OSMX.o                             212
    OSPMC.o                             92
    OSRSEM.o                           372
    OSRSEMRQ.o                          84
    OSSETP.o                           100
    OSTERM.o                                               4
    OSTIME.o                           516
    OSTimeS.o                           68
    OS_ARM_ISRCheckPrio.o               48
    OS_CreateTask.o                    272
    OS_DeactivateP.o                    60
    OS_GetCPUState.o                    12
    OS_InitMode.o                       28
    OS_StackInfo.o                      12
    OS_TICK_Handle.o                    84
    OS_Wait.o                           60
    OS_xmtx.o                          180                24
    rtos.o                             236
    --------------------------------------------------------
    Total:                           4 612       44       94

osif.emb.a: [13]
    osif_cfg.o                                  364    8 832
    osif_mn.o                          210                24
    osif_tim.o                         960               408
    osif_tsk.o                       4 194             4 992
    xmtx.o                              16
    --------------------------------------------------------
    Total:                           5 380      364   14 256

rt7M_tl.a: [14]
    ABImemclr.o                          6
    ABImemclr4.o                         6
    ABImemcpy.o                        118
    ABImemset.o                        102
    ABImemset48.o                       50
    bwt_init3c.o
    cexit.o                              4
    copy_init3.o                        46
    cstart_clearlocks.o
    data_init3.o                        44
    iarEdom.o                           12
    memcmp.o                            98
    strcmp.o                            66
    strlen.o                            54
    zero_init3.o                        34
    --------------------------------------------------------
    Total:                             640

    Gaps                                99        2        8
    Linker created                               36   69 632
------------------------------------------------------------
    Grand Total:                   215 655   76 426  192 534


*******************************************************************************
*** ENTRY LIST
***

Entry                      Address    Size  Type      Object
-----                      -------    ----  ----      ------
.intvec$$Base           0x08000000           --   Gb  - Linker created -
.intvec$$Limit          0x08000138           --   Gb  - Linker created -
ADCPrescTable           0x2000003c     0x4  Data  Lc  stm32f10x_rcc.o [2]
APBAHBPrescTable        0x2000002c    0x10  Data  Lc  stm32f10x_rcc.o [2]
ActDataLen              0x20011ab4     0x2  Data  Lc  dll_drx.o [3]
ActFbcTimeId            0x2001241f     0x1  Data  Lc  dll_spc4.o [3]
Addr                    0x200128e4     0x4  Data  Gb  dll_bas.o [3]
AddrMsk                 0x20011aad     0x1  Data  Lc  dll_drx.o [3]
AddrOffs                0x20011aae     0x1  Data  Lc  dll_drx.o [3]
AlarmConfXlate          0x08032f08     0x8  Data  Lc  mnptberrors.o [7]
AlertFunctionTable      0x08032bc4    0xc8  Data  Lc  appl_alert.o [7]
AlertHandle_Counter     0x080322c3    0xba  Code  Lc  appl_alert.o [7]
AlertHandle_Deviation   0x08032785   0x100  Code  Lc  appl_alert.o [7]
AlertHandle_IPCurrent   0x08032527   0x156  Code  Lc  appl_alert.o [7]
AlertHandle_NearClosed  0x080326cf    0xb6  Code  Lc  appl_alert.o [7]
AlertHandle_Position    0x0803209d   0x138  Code  Lc  appl_alert.o [7]
AlertHandle_SPTimeout   0x080324c9    0x5e  Code  Lc  appl_alert.o [7]
AlertHandle_System      0x0803237d   0x14c  Code  Lc  appl_alert.o [7]
AlertHandle_TravelAcc   0x080321d5    0xee  Code  Lc  appl_alert.o [7]
AlertHandle_WorkingTime
                        0x0803267d    0x52  Code  Lc  appl_alert.o [7]
Alert_AirSupply         0x080328f5    0x5a  Code  Gb  appl_alert.o [7]
Alert_Deviation         0x200133dc     0x8  Data  Lc  appl_alert.o [7]
Alert_IPCStateMachineExecuted
                        0x08032885    0x18  Code  Gb  appl_alert.o [7]
Alert_IPCurHandle       0x2001337c    0x10  Data  Lc  appl_alert.o [7]
Alert_InitAlertLog      0x08032b5d    0x36  Code  Gb  appl_alert.o [7]
Alert_PositionHI        0x0803296d    0x1e  Code  Gb  appl_alert.o [7]
Alert_PositionLO        0x0803298b    0x1e  Code  Gb  appl_alert.o [7]
Alert_ReadAlertLogEntry
                        0x08032a97    0x5e  Code  Gb  appl_alert.o [7]
Alert_SPTimeout_TimeStamp
                        0x20013410     0x4  Data  Lc  appl_alert.o [7]
Alert_TravelDeviation   0x0803294f    0x1e  Code  Gb  appl_alert.o [7]
Alert_WriteAlertLogEntry
                        0x08032b23    0x3a  Code  Gb  appl_alert.o [7]
AlertsEtcIF             0x200000b4     0xc  Data  Lc  mnptberrors.o [7]
Alerts_Stable           0x200133cd     0x1  Data  Lc  appl_alert.o [7]
Appl_DeviceID           0x20000040     0x4  Data  Lc  appl_if.o [7]
Appl_UpdateSerialNumber
                        0x08030115     0x6  Code  Gb  appl_if.o [7]
Appl_activate_software  0x0802f2b9    0x1c  Code  Gb  appl_dlh.o [7]
Appl_background_RESB    0x08037f03    0x38  Code  Gb  appl_res.o [7]
Appl_cancel_download    0x0802f201    0x5e  Code  Gb  appl_dlh.o [7]
Appl_check_channel_unit
                        0x08030243    0xd8  Code  Gb  appl_ptb.o [7]
Appl_check_restart_flag
                        0x08037f3d     0x6  Code  Gb  appl_res.o [7]
Appl_download_header    0x0802f26d    0x20  Code  Gb  appl_dlh.o [7]
Appl_download_segment   0x0802f28d    0x2c  Code  Gb  appl_dlh.o [7]
Appl_get_default_value  0x08037f3b     0x2  Code  Gb  appl_res.o [7]
Appl_get_diagnostic_value
                        0x0803128f     0xc  Code  Gb  appl_dia.o [7]
Appl_get_recommend_fd_action
                        0x0803129b    0x3c  Code  Gb  appl_dia.o [7]
Appl_handle_HART_cmd    0x08030bb5   0x19a  Code  Lc  appl_ptb.o [7]
Appl_prepare_download   0x0802f1d9    0x28  Code  Gb  appl_dlh.o [7]
Appl_read_handler_RESB  0x08037e69     0x4  Code  Gb  appl_res.o [7]
Appl_reset_restart_flag
                        0x08037f43     0x8  Code  Gb  appl_res.o [7]
Appl_set_HART_status    0x08030d51    0xe2  Code  Gb  appl_ptb.o [7]
Appl_verify_nv_ram      0x08030191    0x1c  Code  Gb  appl_nrv.o [7]
Appl_write_handler_RESB
                        0x08037e6d    0x96  Code  Gb  appl_res.o [7]
Background_AIFB         0x08027075     0x2  Code  Gb  ffbl_ai.o [6]
Background_AOFB         0x08028427    0x96  Code  Gb  ffbl_ao.o [6]
Background_ARFB         0x080291b3     0x2  Code  Gb  ffbl_ar.o [6]
Background_CSFB         0x0802a13b     0x2  Code  Gb  ffbl_cs.o [6]
Background_DIFB         0x0802a9ff     0x2  Code  Gb  ffbl_di.o [6]
Background_DOFB         0x0802b63d    0x96  Code  Gb  ffbl_do.o [6]
Background_ISFB         0x0802bd07     0x2  Code  Gb  ffbl_is.o [6]
Background_MAIFB        0x0802c3ff     0x2  Code  Gb  ffbl_mai.o [6]
Background_OSFB         0x0802c98b    0xe0  Code  Gb  ffbl_os.o [6]
Background_PIDFB        0x0802e91d    0x98  Code  Gb  ffbl_pid.o [6]
Background_PTB          0x080303dd    0x98  Code  Gb  appl_ptb.o [7]
Background_RESB         0x08025fc7   0x22e  Code  Gb  ffbl_res.o [6]
BankCtrlReg             0x20013364     0x4  Data  Lc  stm_flash.o [7]
Base_ptr_shadow         0x2001241e     0x1  Data  Lc  dll_spc4.o [3]
Build_subscr_link       0x0801d743    0x28  Code  Lc  fbs_init.o [8]
CSTACK$$Base            0x20006ee0           --   Gb  - Linker created -
CSTACK$$Limit           0x20007ee0           --   Gb  - Linker created -
Calc_block_mode         0x08028725   0x318  Code  Gb  ffbl_mo.o [6]
Calc_block_mode_AOFB    0x080284eb    0xe0  Code  Lc  ffbl_ao.o [6]
Calc_block_mode_CSFB    0x0802a1fd    0x84  Code  Lc  ffbl_cs.o [6]
Calc_block_mode_DOFB    0x0802b6d3    0xde  Code  Lc  ffbl_do.o [6]
Calc_block_mode_OSFB    0x0802cb9f   0x114  Code  Lc  ffbl_os.o [6]
Calc_block_mode_PIDFB   0x0802e9b5   0x118  Code  Lc  ffbl_pid.o [6]
Calc_timer_values_PIDFB
                        0x0802ee7b    0xca  Code  Lc  ffbl_pid.o [6]
CheckDstAddress         0x0803bf57   0x394  Code  Lc  dll_drx.o [3]
CheckSrcAddress         0x0803c3b3   0x132  Code  Lc  dll_drx.o [3]
Check_config_AIFB       0x08027435   0x130  Code  Lc  ffbl_ai.o [6]
Check_config_AOFB       0x08028623    0xac  Code  Lc  ffbl_ao.o [6]
Check_config_ARFB       0x08029aad    0x6c  Code  Lc  ffbl_ar.o [6]
Check_config_CSFB       0x0802a13d    0xb8  Code  Lc  ffbl_cs.o [6]
Check_config_DIFB       0x0802ab51    0x58  Code  Lc  ffbl_di.o [6]
Check_config_DOFB       0x0802b859    0x72  Code  Lc  ffbl_do.o [6]
Check_config_ISFB       0x0802bd09    0x3a  Code  Lc  ffbl_is.o [6]
Check_config_MAIFB      0x0802c401    0x52  Code  Lc  ffbl_mai.o [6]
Check_config_OSFB       0x0802ca6b    0x60  Code  Lc  ffbl_os.o [6]
Check_config_PIDFB      0x0802ed61   0x11a  Code  Lc  ffbl_pid.o [6]
Check_current_fault_state
                        0x08028adf    0x60  Code  Lc  ffbl_mo.o [6]
Check_fault_state_timeout
                        0x08028b3f    0x42  Code  Lc  ffbl_mo.o [6]
Check_record            0x08020cad    0x9c  Code  Lc  fbs_run.o [8]
Check_shedding_condition
                        0x08028b81   0x114  Code  Lc  ffbl_mo.o [6]
ChkAddr                 0x20011aaf     0x1  Data  Lc  dll_drx.o [3]
Clear_alarms_DIFB       0x0802ab15    0x30  Code  Lc  ffbl_di.o [6]
Clear_alarms_PIDFB      0x0802eaf7    0xce  Code  Lc  ffbl_pid.o [6]
Clear_lim_alarms_AIFB   0x0802724f    0x8c  Code  Lc  ffbl_ai.o [6]
CloseFlashPartition     0x0802f3b5    0x18  Code  Lc  mn_fwdl.o [7]
CopyAlertLog4Read       0x080329b5    0x62  Code  Lc  appl_alert.o [7]
Correct_timer_flag      0x200124da     0x1  Data  Lc  dll_las.o [3]
Cortex_Trap             0x08014581          Code  Gb  cortextrap.o [10]
Cortex_TrapC            0x0801a0d1    0x12  Code  Gb  cortextrapc.o [10]
CountNewPeriodValueForCycleCounter
                        0x08034259     0x6  Code  Lc  mn_trends.o [7]
CountNewPeriodValueForPositionErr
                        0x0803425f    0x24  Code  Lc  mn_trends.o [7]
CountNewPeriodValueForTraveAcc
                        0x08034253     0x6  Code  Lc  mn_trends.o [7]
Cpu_freq                0x20012434     0x4  Data  Lc  dll_spc4.o [3]
Crc16                   0x08019d11    0x28  Code  Gb  crc.o [10]
CycCounter              0x2001336c    0x10  Data  Lc  appl_alert.o [7]
DISABLE_INTERRUPTS      0x0801b6a3     0x2  Code  Gb  osif_tsk.o [13]
DMA_Clear_int           0x08017c03    0x20  Code  Gb  hm_dma.o [9]
DMA_ConfigUART          0x08017bd3    0x30  Code  Gb  hm_dma.o [9]
DMA_SetUART             0x08017bb5    0x1e  Code  Gb  hm_dma.o [9]
DandDint                0x08031cbf    0x4c  Code  Lc  mntbmspff.o [7]
DcFrame                 0x20011b24    0x24  Data  Lc  dll_drx.o [3]
DcMsg                   0x20011ac4    0x60  Data  Lc  dll_drx.o [3]
Delay_loop_val          0x20012438     0x4  Data  Lc  dll_spc4.o [3]
DeviceCode              0x200128c0     0x8  Data  Lc  tmp_hi.o [3]
DllRcvExit              0x0803ba0f    0x72  Code  Gb  dll_drx.o [3]
DllRcvInit              0x0803b9ad    0x62  Code  Gb  dll_drx.o [3]
Dll_estat               0x20011ec8    0x28  Data  Gb  dll_bas.o [3]
Dll_qstat               0x20011ea4    0x24  Data  Gb  dll_bas.o [3]
DownloadPrepare         0x0802f339    0x14  Code  Lc  mn_fwdl.o [7]
Dummy_for_measurement   0x08017269     0x2  Code  Gb  hm.o [9]
EXTI_ClearITPendingBit  0x08016c43     0x6  Code  Gb  stm32f10x_exti.o [2]
EXTI_Init               0x08016bd9    0x6a  Code  Gb  stm32f10x_exti.o [2]
Ec1Idx                  0x20011aac     0x1  Data  Gb  dll_drx.o [3]
ErrorCounter_Restart    0x20013240     0x4  Data  Lc  hw_i2c.o [10]
ErrorCounter_StartRead  0x20013220     0x4  Data  Lc  hw_i2c.o [10]
ErrorCounter_StartReadRetry
                        0x20013234     0x4  Data  Lc  hw_i2c.o [10]
ErrorCounter_StartWrite
                        0x20013224     0x4  Data  Lc  hw_i2c.o [10]
ErrorCounter_StartWriteRetry
                        0x2001323c     0x4  Data  Lc  hw_i2c.o [10]
ErrorCounter_StopRead   0x20013228     0x4  Data  Lc  hw_i2c.o [10]
ErrorCounter_StopReadRetry
                        0x20013230     0x4  Data  Lc  hw_i2c.o [10]
ErrorCounter_StopWrite  0x2001322c     0x4  Data  Lc  hw_i2c.o [10]
ErrorCounter_StopWriteRetry
                        0x20013238     0x4  Data  Lc  hw_i2c.o [10]
Execute_AIFB            0x08026d4f   0x326  Code  Gb  ffbl_ai.o [6]
Execute_AOFB            0x08027c95   0x792  Code  Gb  ffbl_ao.o [6]
Execute_ARFB            0x08029009   0x1aa  Code  Gb  ffbl_ar.o [6]
Execute_CSFB            0x08029ea3   0x298  Code  Gb  ffbl_cs.o [6]
Execute_DIFB            0x0802a747   0x2b8  Code  Gb  ffbl_di.o [6]
Execute_DOFB            0x0802afe3   0x65a  Code  Gb  ffbl_do.o [6]
Execute_ISFB            0x0802bbe3   0x124  Code  Gb  ffbl_is.o [6]
Execute_MAIFB           0x0802c319    0xe6  Code  Gb  ffbl_mai.o [6]
Execute_OSFB            0x0802c853   0x138  Code  Gb  ffbl_os.o [6]
Execute_PIDFB           0x0802dd19   0xc04  Code  Gb  ffbl_pid.o [6]
Execute_PTB             0x0803859f    0x3c  Code  Gb  mnptbexec.o [7]
Execute_PTB_Alerts      0x0803289d    0x58  Code  Gb  appl_alert.o [7]
ExpDataLen              0x20011ab2     0x2  Data  Lc  dll_drx.o [3]
F1GapTime               0x20011e94     0x1  Data  Gb  dll_bas.o [3]
FF_itoa                 0x08030065    0x46  Code  Lc  appl_if.o [7]
FLASH_Wait              0x0802f847    0x24  Code  Lc  stm_flash.o [7]
FRAM_Address            0x08019bd5    0x36  Code  Lc  hw_i2c.o [10]
FRAM_ReadOperation      0x2001321c     0x1  Data  Lc  hw_i2c.o [10]
FRAM_Write_Disable      0x08019c19     0xc  Code  Lc  hw_i2c.o [10]
FRAM_Write_Enable       0x08019c0b     0xe  Code  Lc  hw_i2c.o [10]
FSMC_NORSRAMCmd         0x08016f21    0x20  Code  Gb  stm32f10x_fsmc.o [2]
FStateData              0x2001338c    0x10  Data  Lc  mn_fstate.o [7]
FbcTimeId               0x2001292a     0x1  Data  Gb  dll_bas.o [3]
FbcTimePar              0x20012784    0x10  Data  Gb  dll_bas.o [3]
FbcTimeVal              0x2001292b     0x1  Data  Gb  dll_bas.o [3]
Fbc_wd_time             0x2001243c     0x4  Data  Lc  dll_spc4.o [3]
FindNodeIdx             0x0803f0e3    0xcc  Code  Lc  dll_list.o [3]
FirmwareLoad            0x0802f54f   0x10c  Code  Lc  mn_fwdl.o [7]
GPIO_DeInit             0x08016f45    0xbe  Code  Gb  stm32f10x_gpio.o [2]
GPIO_EXTILineConfig     0x080170bd    0x24  Code  Gb  stm32f10x_gpio.o [2]
GPIO_Init               0x08017003    0xa2  Code  Gb  stm32f10x_gpio.o [2]
GPIO_ResetBits          0x080170b9     0x4  Code  Gb  stm32f10x_gpio.o [2]
GPIO_SetBits            0x080170b5     0x4  Code  Gb  stm32f10x_gpio.o [2]
GPIO_StructInit         0x080170a5    0x10  Code  Gb  stm32f10x_gpio.o [2]
Gap_time_value          0x2001241c     0x2  Data  Lc  dll_spc4.o [3]
Gap_time_value_rx       0x20012424     0x2  Data  Lc  dll_spc4.o [3]
Gap_time_value_tx       0x20012422     0x2  Data  Lc  dll_spc4.o [3]
GenPtList               0x0803e9b9    0xfa  Code  Lc  dll_list.o [3]
GetAlert_AirSuppy       0x08032f73     0x8  Code  Lc  mndoswff.o [7]
GetAlert_PositionHI     0x08032f83     0x8  Code  Lc  mndoswff.o [7]
GetAlert_PositionLO     0x08032f8b     0x8  Code  Lc  mndoswff.o [7]
GetAlert_TravelDeviation
                        0x08032f7b     0x8  Code  Lc  mndoswff.o [7]
GetClearBitMask         0x080338f9    0x16  Code  Lc  mn_errorbits.o [7]
GetCycleCounterDiff     0x080341ab    0x6e  Code  Lc  mn_trends.o [7]
GetInnerByte            0x0802fae1     0x8  Code  Lc  bufutils.o [7]
GetPartitonBaseAddress  0x0802f39b    0x12  Code  Lc  mn_fwdl.o [7]
GetPositionErrDiff      0x08034219    0x3a  Code  Lc  mn_trends.o [7]
GetStateNumber          0x08033397    0x12  Code  Lc  mnipcff.o [7]
GetTravelAccDiff        0x08034155    0x56  Code  Lc  mn_trends.o [7]
GetVariableFormat       0x08033413    0x30  Code  Lc  mnipcff.o [7]
GetVariableID1          0x080333c3     0xa  Code  Lc  mnipcff.o [7]
GetVariableID2          0x080333cd     0xc  Code  Lc  mnipcff.o [7]
Get_setpoint            0x080286dd    0x46  Code  Gb  ffbl_pao.o [6]
Get_setpoint_d          0x0802b807    0x52  Code  Lc  ffbl_do.o [6]
HART_Command_non_block  0x08017573    0x42  Code  Gb  hm.o [9]
HART_DMAR_handler       0x080172cf    0xbc  Code  Gb  hm.o [9]
HART_DMAT_handler       0x080173c1    0x6e  Code  Gb  hm.o [9]
HART_Exit               0x0801750f    0x4e  Code  Gb  hm.o [9]
HART_Init               0x0801742f    0x4c  Code  Gb  hm.o [9]
HART_InitAsyncCommand   0x0801755d    0x16  Code  Gb  hm.o [9]
HART_acyc_cmd           0x08017c53    0x4a  Code  Gb  hm_if.o [9]
HART_connected          0x20012931     0x1  Data  Gb  hm_if.o [9]
HART_data_base          0x080008e4    0x14  Data  Gb  appl_ptb.o [7]
HART_result             0x200122fc     0x1  Data  Gb  hm_task.o [9]
HART_send_cmd0          0x0801747b    0x94  Code  Gb  hm.o [9]
HART_set_active         0x08017cfd    0x22  Code  Gb  hm_task.o [9]
HART_set_active_handler
                        0x08017d1f    0x54  Code  Lc  hm_task.o [9]
HART_timer_irq          0x08017a47   0x126  Code  Gb  hm.o [9]
HEAP$$Base              0x6000bbf0           --   Gb  - Linker created -
HEAP$$Limit             0x6001bbf0           --   Gb  - Linker created -
HM_acyc                 0x20011464    0x10  Data  Gb  hm_task.o [9]
HM_acyc_result          0x20013289     0x1  Data  Gb  hm_task.o [9]
HM_hart_dev_id          0x2001231c     0x4  Data  Gb  hm_task.o [9]
HM_sched                0x20012850     0xc  Data  Gb  hm_task.o [9]
Handle_MinMax           0x080333d9    0x3a  Code  Gb  mnipcff.o [7]
Handle_act_alarm        0x0802762d    0x70  Code  Gb  ffbl_pai.o [6]
Handle_inact_alarm      0x080275b5    0x78  Code  Gb  ffbl_pai.o [6]
HardReset_CPU           0x0801906b    0x14  Code  Gb  hw_init.o [10]
Histogram_PosErr        0x20012e7c    0x90  Data  Lc  histogram.o [7]
Hw_tim_id               0x200127f0     0x8  Data  Lc  osif_tim.o [13]
I2CGetLastByte          0x08019ae9     0xc  Code  Lc  hw_i2c.o [10]
I2CGetbyte              0x08019add     0xc  Code  Lc  hw_i2c.o [10]
I2C_Addr                0x080199f5     0xe  Code  Lc  hw_i2c.o [10]
I2C_AddrOnly            0x080199e3    0x12  Code  Lc  hw_i2c.o [10]
I2C_ErrorCounterHandler
                        0x0801988d    0x82  Code  Lc  hw_i2c.o [10]
I2C_MakeStartCondition  0x08019a2d    0x5e  Code  Lc  hw_i2c.o [10]
I2C_PutByte             0x08019a03     0xe  Code  Lc  hw_i2c.o [10]
I2C_ReadDiagnostic      0x08019883     0xa  Code  Lc  hw_i2c.o [10]
I2C_Restart             0x08019aaf    0x2e  Code  Lc  hw_i2c.o [10]
I2C_Start               0x08019a8b    0x24  Code  Lc  hw_i2c.o [10]
I2C_Stop                0x0801998d    0x56  Code  Lc  hw_i2c.o [10]
I2C_TransferIn          0x08019aff    0xd6  Code  Lc  hw_i2c.o [10]
I2C_TransferOut         0x08019a11    0x1c  Code  Lc  hw_i2c.o [10]
I2C_WriteDiagnostic     0x08019879     0xa  Code  Lc  hw_i2c.o [10]
[...]
sm_enc_reply_tag        0x080448e9   0x16c  Code  Gb  sm.o [3]
sm_find_tag             0x0804480f    0xda  Code  Lc  sm.o [3]
sm_frame                0x2000aff4   0x278  Data  Lc  sm.o [3]
sm_get_scd_offset       0x08044115    0x40  Code  Gb  sm.o [3]
sm_handle_dll_msg       0x080441cf   0x206  Code  Gb  sm.o [3]
sm_identify             0x080444e7    0x3e  Code  Lc  sm.o [3]
sm_ind                  0x200120bc    0x14  Data  Gb  sm.o [3]
sm_init                 0x08043dc1   0x132  Code  Gb  sm.o [3]
sm_mac_in_ring          0x0804417d    0x52  Code  Gb  sm.o [3]
sm_mib                  0x2000af3c    0x70  Data  Gb  sm.o [3]
sm_min_macrocycle       0x20012108     0x4  Data  Lc  sm.o [3]
sm_monitor              0x200127d0     0x4  Data  Lc  faltim.o [3]
sm_msg_blocks           0x2000ae5c    0xe0  Data  Lc  sm.o [3]
sm_proc_con             0x080443d5    0x4e  Code  Lc  sm.o [3]
sm_read_obj             0x08044a7d    0x1a  Code  Gb  sm.o [3]
sm_read_record          0x08044be9   0x13c  Code  Lc  sm.o [3]
sm_read_simple_var      0x08044a97   0x146  Code  Lc  sm.o [3]
sm_send_reply_tag       0x08044a55    0x20  Code  Gb  sm.o [3]
sm_set_addr             0x080446c1    0x5e  Code  Lc  sm.o [3]
sm_set_node_address     0x08044155    0x28  Code  Lc  sm.o [3]
sm_set_operational      0x0804475f    0xb0  Code  Lc  sm.o [3]
sm_set_pd_tag           0x08044525   0x13c  Code  Lc  sm.o [3]
sm_start                0x08043ef3   0x1e0  Code  Gb  sm.o [3]
sm_start_list           0x200120fc     0x4  Data  Gb  sm.o [3]
sm_struct_1             0x08011672    0x9a  Data  Lc  mib.o [3]
sm_struct_2             0x0801170c    0x9a  Data  Lc  mib.o [3]
sm_struct_dom_descr     0x08011840    0x9a  Data  Lc  mib.o [3]
sm_struct_dom_hdr       0x080117a6    0x9a  Data  Lc  mib.o [3]
sm_struct_dwnld_prop    0x080118da    0x9a  Data  Lc  mib.o [3]
sm_struct_mdom_descr    0x08011a0e    0x9a  Data  Lc  mib.o [3]
sm_struct_mdom_sum      0x08011974    0x9a  Data  Lc  mib.o [3]
sm_t2_expired           0x080440d3     0xc  Code  Gb  sm.o [3]
sm_usr_handle_fb_start_ind
                        0x0801f923    0xa0  Code  Gb  fbs_run.o [8]
sm_usr_search_tag       0x08025115    0x5e  Code  Gb  fbs_od.o [8]
sm_write_obj            0x08044ef9   0x228  Code  Gb  sm.o [3]
sm_write_simple_var     0x08044d31   0x1c2  Code  Gb  sm.o [3]
smdl_call_fdev_funct    0x200126fc    0x14  Data  Gb  smdls.o [3]
smdls_active_hdr        0x2001300c    0x2c  Data  Gb  smdls.o [3]
smdls_calc_eep_size     0x08043249     0x4  Code  Gb  smdls.o [3]
smdls_cancel_dwnld      0x08043955    0x44  Code  Lc  smdls.o [3]
smdls_copy_dom_header   0x080438ef    0x66  Code  Lc  smdls.o [3]
smdls_decode_dom_header
                        0x080437e9    0xac  Code  Lc  smdls.o [3]
smdls_dom_hdr_api       0x20013268    0x20  Data  Gb  smdls.o [3]
smdls_domain_descr      0x20012fe8    0x18  Data  Gb  smdls.o [3]
smdls_dwnld_hdr         0x200131c8    0x2c  Data  Gb  smdls.o [3]
smdls_get_dom_state     0x0804346f    0x12  Code  Gb  smdls.o [3]
smdls_handle_download_ind
                        0x080435ab   0x1d0  Code  Gb  smdls.o [3]
smdls_init              0x0804321d    0x2c  Code  Gb  smdls.o [3]
smdls_is_dwnld_dom      0x08043463     0xc  Code  Gb  smdls.o [3]
smdls_load_swdl_defaults
                        0x0804324d    0x3a  Code  Gb  smdls.o [3]
smdls_mib_vcr_aborted   0x0804377b    0x22  Code  Gb  smdls.o [3]
smdls_nv_data           0x20013008     0x4  Data  Gb  smdls.o [3]
smdls_read_domain_descr
                        0x08043a19   0x11a  Code  Lc  smdls.o [3]
smdls_read_domain_hdr   0x08043b35   0x100  Code  Lc  smdls.o [3]
smdls_read_obj          0x08043481    0x5e  Code  Gb  smdls.o [3]
smdls_read_property     0x08043999    0x80  Code  Lc  smdls.o [3]
smdls_reset_dom_header  0x08043895    0x5a  Code  Lc  smdls.o [3]
smdls_segm_id           0x20013288     0x1  Data  Gb  smdls.o [3]
smdls_store_dom_state   0x0804379d    0x4c  Code  Lc  smdls.o [3]
smdls_write_dom_descr   0x080434f3    0xb8  Code  Lc  smdls.o [3]
smdls_write_obj         0x080434df    0x14  Code  Gb  smdls.o [3]
smtim_add_u32_time      0x080454e7    0x12  Code  Lc  smtim.o [3]
smtim_adjust_system_time
                        0x0804542b    0x1c  Code  Gb  smtim.o [3]
smtim_check_appl_time   0x08045405    0x18  Code  Gb  smtim.o [3]
smtim_enter_macrocycle  0x080455d1    0x56  Code  Gb  smtim.o [3]
smtim_get_appl_time     0x0804541d     0xe  Code  Gb  smtim.o [3]
smtim_heapify           0x080457a9    0x5c  Code  Lc  smtim.o [3]
smtim_hsort             0x08045805    0x5c  Code  Lc  smtim.o [3]
smtim_insert_new_fb_start
                        0x08045627    0x8e  Code  Gb  smtim.o [3]
smtim_is_earlier_fb_start
                        0x08045861    0x2a  Code  Lc  smtim.o [3]
smtim_next_fb_start     0x080456cd    0xdc  Code  Lc  smtim.o [3]
smtim_start_fb_scheduling
                        0x08045531    0xa0  Code  Gb  smtim.o [3]
smtim_start_mc_timer    0x0804590f    0x12  Code  Lc  smtim.o [3]
smtim_start_wait_timer  0x080458fb    0x14  Code  Lc  smtim.o [3]
smtim_stop_fb_scheduling
                        0x080456b5    0x18  Code  Gb  smtim.o [3]
smtim_sub_times         0x0804550d    0x24  Code  Lc  smtim.o [3]
smtim_sub_u32_time      0x080454f9    0x14  Code  Lc  smtim.o [3]
smtim_swap_fb_start     0x0804588d    0x14  Code  Lc  smtim.o [3]
smtim_synchronize       0x08045447    0xa0  Code  Gb  smtim.o [3]
smtim_update_fb_start   0x080458a1    0x5a  Code  Gb  smtim.o [3]
snd_buf                 0x20013338     0x8  Data  Lc  appl_res.o [7]
snd_buf                 0x20011824    0x64  Data  Gb  appl_ptb.o [7]
sp_may_not_be_ready     0x200000ac     0x1  Data  Lc  mn_fstate.o [7]
spd2sp                  0x08031a27     0xe  Code  Lc  mntbmspff.o [7]
spec_ds_record_descr    0x0802ef9d    0x1a  Code  Gb  spec_ds.o [6]
sqrt                    0x08016a85          Code  Gb  sqrt.o [11]
sqrtl                   0x08016a85          Code  Gb  sqrt.o [11]
sr_frame                0x200126dc     0x4  Data  Lc  dll_lrx.o [3]
srand                   0x08015941    0x20  Code  Gb  srand.o [4]
srv_tbl                 0x2000b284   0x690  Data  Gb  dll_bas.o [3]
st_dt_size              0x08023c7c    0x16  Data  Gb  fbs_acc.o [8]
start_prepare_swdl      0x0802f34d    0x16  Code  Gb  mn_fwdl.o [7]
statemachine            0x08017777   0x2d0  Code  Lc  hm.o [9]
static_data_lost        0x200127e3     0x1  Data  Gb  appl_if.o [7]
store_token_cnt         0x20011e9a     0x2  Data  Gb  dll_bas.o [3]
strcmp                  0x08016115          Code  Gb  strcmp.o [14]
strlen                  0x08015bdd          Code  Gb  strlen.o [14]
subscr_link             0x20012000     0x4  Data  Gb  fbs_init.o [8]
suspicious_time         0x20012420     0x1  Data  Lc  dll_spc4.o [3]
svt_counter             0x200127c8     0x4  Data  Lc  faltim.o [3]
swdls_dwnld_prop        0x20013000     0x8  Data  Gb  smdls.o [3]
switcharray             0x2001330a     0x2  Data  Lc  mndoswff.o [7]
sysio_ShowCrash         0x08019f95     0x2  Code  Gb  stubs_app.o [10]
syslock_o               0x200132c4     0x4  Data  Lc  xsyslock.o [4]
tag_len_16              0x20012111     0x1  Data  Gb  fdc.o [3]
tag_reply               0x20011b48    0x94  Data  Gb  fbs_od.o [8]
task_0                  0x0801bb75    0x7e  Code  Lc  osif_tsk.o [13]
task_1                  0x0801bbf3    0x82  Code  Lc  osif_tsk.o [13]
task_2                  0x0801bc75    0x86  Code  Lc  osif_tsk.o [13]
task_3                  0x0801bd01    0x80  Code  Lc  osif_tsk.o [13]
task_4                  0x0801bd95    0x80  Code  Lc  osif_tsk.o [13]
task_5                  0x0801be19    0x7e  Code  Lc  osif_tsk.o [13]
task_6                  0x0801bea1    0x7e  Code  Lc  osif_tsk.o [13]
task_7                  0x0801bf29    0x7e  Code  Lc  osif_tsk.o [13]
task_8                  0x0801bfa7    0x7e  Code  Lc  osif_tsk.o [13]
task_9                  0x0801c02d    0x7e  Code  Lc  osif_tsk.o [13]
task_a                  0x0801c0b5    0x7e  Code  Lc  osif_tsk.o [13]
task_data_subscription  0x0801c639    0x34  Code  Gb  fdc.o [3]
task_fblk_exec          0x0801c6a5    0x4a  Code  Gb  fdc.o [3]
task_fdc_background     0x0801cca5    0x5e  Code  Gb  fdc_bgd.o [3]
task_fdc_background50   0x0801cd05    0x90  Code  Gb  fdc_bgd.o [3]
task_fdc_base_routine   0x0801c5ed    0x4a  Code  Gb  fdc.o [3]
task_hm_base_routine    0x08017d73   0x126  Code  Gb  hm_task.o [9]
task_las_update         0x0801c6f1    0x38  Code  Gb  fdc.o [3]
task_send_mvc           0x0801c66d    0x36  Code  Gb  fdc.o [3]
tb_Act1Pressure         0x08038457    0x12  Code  Lc  mnptbexec.o [7]
tb_Act2Pressure         0x08038469    0x12  Code  Lc  mnptbexec.o [7]
tb_BoolSp               0x080383cf    0x6a  Code  Lc  mnptbexec.o [7]
tb_DOsw1                0x08033131    0x4a  Code  Gb  mndoswff.o [7]
tb_DOsw2                0x0803317b    0x4a  Code  Gb  mndoswff.o [7]
tb_DiscreteInput        0x08038519    0x12  Code  Lc  mnptbexec.o [7]
tb_FinalPosValue        0x080384c1    0x10  Code  Lc  mnptbexec.o [7]
tb_FinalValue           0x080384b1    0x10  Code  Lc  mnptbexec.o [7]
tb_HasRun               0x200133b4     0x1  Data  Gb  appl_ptb.o [7]
tb_IPcurrent            0x0803848d    0x12  Code  Lc  mnptbexec.o [7]
tb_IntSp                0x08038375    0x5a  Code  Lc  mnptbexec.o [7]
tb_MAIchannels          0x0803852b    0x74  Code  Lc  mnptbexec.o [7]
tb_PilotPressure        0x0803847b    0x12  Code  Lc  mnptbexec.o [7]
tb_PositionSp           0x08038301    0x74  Code  Lc  mnptbexec.o [7]
tb_SupplyPressure       0x08038445    0x12  Code  Lc  mnptbexec.o [7]
tb_Switch1              0x080384f5    0x12  Code  Lc  mnptbexec.o [7]
tb_Switch2              0x08038507    0x12  Code  Lc  mnptbexec.o [7]
tb_Temperature          0x0803849f    0x12  Code  Lc  mnptbexec.o [7]
tb_WorkingPos           0x080384e3    0x12  Code  Lc  mnptbexec.o [7]
tb_WorkingSP            0x080384d1    0x12  Code  Lc  mnptbexec.o [7]
tcb_base                0x200060f4   0x294  Data  Gb  osif_tsk.o [13]
td_frame                0x20012440     0x4  Data  Lc  dll_spc4.o [3]
testpad                 0x600093ec  0x2800  Data  Lc  eep_if.o [5]
testphase               0x20000046     0x1  Data  Lc  eep_if.o [5]
tim_list                0x20007ee0   0xfbc  Data  Lc  faltim.o [3]
time_dist_time          0x200124cc     0x4  Data  Lc  dll_las.o [3]
timeout                 0x20012518     0x4  Data  Gb  hm.o [9]
timer_handler           0x0801c223    0xa8  Code  Lc  osif_tim.o [13]
tl_frame                0x20012888     0x8  Data  Gb  dll_bas.o [3]
tmp_hi_adjust_time      0x08018193    0x64  Code  Gb  tmp_hi.o [3]
tmp_hi_init             0x08018189     0xa  Code  Gb  tmp_hi.o [3]
tmp_hi_initialized      0x200128b8     0x1  Data  Lc  tmp_hi.o [3]
token_led_timeout       0x20011e9c     0x2  Data  Gb  dll_bas.o [3]
token_rcvd              0x20011e98     0x2  Data  Gb  dll_bas.o [3]
trapconf                0x08019810    0x68  Data  Lc  mnassert.o [10]
trend_bitstr_obj_desc   0x08022154    0x34  Data  Lc  fbs_vfd.o [8]
trend_counter_cycle_counter
                        0x20012fa8    0x20  Data  Lc  mn_trends.o [7]
trend_counter_position_err
                        0x20012fc8    0x20  Data  Lc  mn_trends.o [7]
trend_counter_travel_acc
                        0x20012f88    0x20  Data  Lc  mn_trends.o [7]
trend_disc_obj_desc     0x08022120    0x34  Data  Lc  fbs_vfd.o [8]
trend_float_obj_desc    0x080220ec    0x34  Data  Lc  fbs_vfd.o [8]
trend_list              0x08034530    0x3c  Data  Gb  mn_trends.o [7]
tx_final                0x20012818     0x1  Data  Lc  dll_ltx.o [3]
tx_length               0x20013138     0x4  Data  Lc  hm.o [9]
tx_state                0x20013134     0x4  Data  Lc  hm.o [9]
unit_array              0x08035e0c    0x44  Data  Lc  pressure_range.o [7]
update_bkcal_out        0x0802d02b   0x1c2  Code  Lc  ffbl_os.o [6]
update_link_settings    0x0803da91    0xf8  Code  Lc  dll_las.o [3]
update_nv_data          0x200123c1     0x1  Data  Lc  fbs_nv.o [8]
update_out              0x08029a15    0x70  Code  Lc  ffbl_ar.o [6]
update_out_diff         0x080299e9    0x2c  Code  Lc  ffbl_ar.o [6]
usr_vfd_ref             0x20012104     0x4  Data  Lc  sm.o [3]
usr_vfd_tag             0x200120d0    0x24  Data  Lc  sm.o [3]
util_GetBit             0x08031455    0x28  Code  Lc  mn_advanced.o [7]
util_GetFloat           0x0803563d     0xc  Code  Lc  ctrl_param_set.o [7]
util_GetFloat           0x080350c5     0xc  Code  Lc  mnctllimff.o [7]
util_GetFloat           0x08031a05     0xc  Code  Lc  mntbmspff.o [7]
util_GetFloat           0x08034a51     0xc  Code  Lc  mnfindstopsff.o [7]
util_GetFloat           0x080332e3     0xc  Code  Lc  mnipcff.o [7]
util_GetS16             0x0802fae9    0x22  Code  Gb  bufutils.o [7]
util_GetS32             0x0802fb0b    0x30  Code  Gb  bufutils.o [7]
util_GetU16             0x08035625     0xa  Code  Lc  ctrl_param_set.o [7]
util_GetU16             0x08034571     0xa  Code  Lc  mncharactff.o [7]
util_GetU16             0x08034e09     0xa  Code  Lc  mndiagprocff.o [7]
util_GetU16             0x080332d1     0xa  Code  Lc  mnipcff.o [7]
util_GetU32             0x0802f78d     0x4  Code  Lc  mn_fwdl_hart.o [7]
util_GetU32             0x0803562f     0x4  Code  Lc  ctrl_param_set.o [7]
util_GetU32             0x08036109     0x4  Code  Lc  ffactoryuse.o [7]
util_GetU32             0x080350bd     0x4  Code  Lc  mnctllimff.o [7]
util_GetU32             0x080319fd     0x4  Code  Lc  mntbmspff.o [7]
util_GetU32             0x08034a45     0x4  Code  Lc  mnfindstopsff.o [7]
util_GetU32             0x080332db     0x4  Code  Lc  mnipcff.o [7]
util_GetU8              0x08037f75     0x4  Code  Lc  mn_factory_defaults.o [7]
util_GetU8              0x08035b0d     0x4  Code  Lc  app_mode.o [7]
util_GetU8              0x08035e51     0x4  Code  Lc  mn_actuator_3.o [7]
util_GetU8              0x08035b61     0x4  Code  Lc  pressure_range.o [7]
util_GetU8              0x08035fc7     0x4  Code  Lc  mn_ui_access_control.o [7]
util_GetU8              0x08035aa9     0x4  Code  Lc  ui_language.o [7]
util_GetU8              0x080369f5     0x4  Code  Lc  mn_clear_status.o [7]
util_GetU8              0x08036c35     0x4  Code  Lc  lui_ipc_variables.o [7]
util_GetU8              0x080365c7     0x4  Code  Lc  mn_checkproc.o [7]
util_GetU8              0x08035621     0x4  Code  Lc  ctrl_param_set.o [7]
util_GetU8              0x08036105     0x4  Code  Lc  ffactoryuse.o [7]
util_GetU8              0x0803456d     0x4  Code  Lc  mncharactff.o [7]
util_GetU8              0x080350b9     0x4  Code  Lc  mnctllimff.o [7]
util_GetU8              0x08034e05     0x4  Code  Lc  mndiagprocff.o [7]
util_GetU8              0x08032f11     0x4  Code  Lc  mndoswff.o [7]
util_GetU8              0x080319f9     0x4  Code  Lc  mntbmspff.o [7]
util_GetU8              0x08034a41     0x4  Code  Lc  mnfindstopsff.o [7]
util_GetU8              0x080364b5     0x4  Code  Lc  mn_remote_sensor.o [7]
util_GetU8              0x080332cd     0x4  Code  Lc  mnipcff.o [7]
util_GetU8Array         0x0802fb3b    0x2e  Code  Gb  bufutils.o [7]
util_PutFloat           0x08035649    0x16  Code  Lc  ctrl_param_set.o [7]
util_PutFloat           0x080350d1    0x16  Code  Lc  mnctllimff.o [7]
util_PutFloat           0x08034e17    0x16  Code  Lc  mndiagprocff.o [7]
util_PutFloat           0x08031a11    0x16  Code  Lc  mntbmspff.o [7]
util_PutFloat           0x08034a5d    0x16  Code  Lc  mnfindstopsff.o [7]
util_PutS16             0x08035fcf     0x6  Code  Lc  mn_ui_access_control.o [7]
util_PutS16             0x08035637     0x6  Code  Lc  ctrl_param_set.o [7]
util_PutS16             0x0803457f     0x6  Code  Lc  mncharactff.o [7]
util_PutS32             0x08034a4d     0x4  Code  Lc  mnfindstopsff.o [7]
util_PutU16             0x0802fb69    0x1a  Code  Gb  bufutils.o [7]
util_PutU32             0x0802fb83    0x22  Code  Gb  bufutils.o [7]
util_PutU8              0x0802f791     0x4  Code  Lc  mn_fwdl_hart.o [7]
util_PutU8              0x08037f79     0x4  Code  Lc  mn_factory_defaults.o [7]
util_PutU8              0x08035b11     0x4  Code  Lc  app_mode.o [7]
util_PutU8              0x08035e55     0x4  Code  Lc  mn_actuator_3.o [7]
util_PutU8              0x08035b65     0x4  Code  Lc  pressure_range.o [7]
util_PutU8              0x08035fcb     0x4  Code  Lc  mn_ui_access_control.o [7]
util_PutU8              0x08035aad     0x4  Code  Lc  ui_language.o [7]
util_PutU8              0x080369f9     0x4  Code  Lc  mn_clear_status.o [7]
util_PutU8              0x08036c39     0x4  Code  Lc  lui_ipc_variables.o [7]
util_PutU8              0x08035633     0x4  Code  Lc  ctrl_param_set.o [7]
util_PutU8              0x0803610d     0x4  Code  Lc  ffactoryuse.o [7]
util_PutU8              0x0803457b     0x4  Code  Lc  mncharactff.o [7]
util_PutU8              0x080350c1     0x4  Code  Lc  mnctllimff.o [7]
util_PutU8              0x08034e13     0x4  Code  Lc  mndiagprocff.o [7]
util_PutU8              0x08032f15     0x4  Code  Lc  mndoswff.o [7]
util_PutU8              0x08031a01     0x4  Code  Lc  mntbmspff.o [7]
util_PutU8              0x08034a49     0x4  Code  Lc  mnfindstopsff.o [7]
util_PutU8              0x080364b9     0x4  Code  Lc  mn_remote_sensor.o [7]
util_PutU8              0x080332df     0x4  Code  Lc  mnipcff.o [7]
util_PutU8Array         0x08036c3d     0xa  Code  Lc  lui_ipc_variables.o [7]
v_rid                   0x200126e0     0x1  Data  Gb  dll_lrx.o [3]
var_list                0x20011fc4     0x8  Data  Gb  fbs_init.o [8]
vcr_idx                 0x200127c6     0x2  Data  Lc  faltim.o [3]
verify_activation       0x0802f331     0x4  Code  Gb  appl_svi_swdl.o [7]
version_nr              0x08012e23    0x32  Data  Gb  appl_if.o [7]
vh_GetDomainHeader      0x0802f785     0x4  Code  Gb  mn_hdr_validate.o [7]
view_dict_aifb          0x080065c4    0x10  Data  Gb  aifb.o [6]
view_dict_aofb          0x08007160    0x10  Data  Gb  aofb.o [6]
view_dict_arfb          0x08007e9c    0x10  Data  Gb  arfb.o [6]
view_dict_csfb          0x080087e0    0x10  Data  Gb  csfb.o [6]
view_dict_difb          0x08009190    0x10  Data  Gb  difb.o [6]
view_dict_dofb          0x08009bb0    0x10  Data  Gb  dofb.o [6]
view_dict_isfb          0x0800a568    0x10  Data  Gb  isfb.o [6]
view_dict_maifb         0x0800ad40    0x10  Data  Gb  maifb.o [6]
view_dict_osfb          0x0800b730    0x10  Data  Gb  osfb.o [6]
view_dict_pidfb         0x0800ce24    0x10  Data  Gb  pidfb.o [6]
view_dict_ptb           0x080051d4    0x34  Data  Gb  ptb.o [6]
view_dict_resb          0x0800e578    0x10  Data  Gb  resb.o [6]
w4_tx_end               0x200126e2     0x1  Data  Lc  dll_lrx.o [3]
working_scale           0x2001285c     0xc  Data  Lc  ffbl_ai.o [6]
writeCounter            0x200131c0     0x4  Data  Lc  histogram.o [7]
write_buffer            0x60007fec  0x1400  Data  Lc  eep_if.o [5]
write_curve_local       0x0803459f    0x1c  Code  Lc  mncharactff.o [7]
writes_pending          0x20000084     0x2  Data  Lc  eep_if.o [5]
wsSignature             0x20012662     0x2  Data  Lc  stubs_app.o [10]
xcp_dscr                0x2001269c    0x18  Data  Gb  osif_mn.o [13]
xmt_cnt_end             0x2001314c     0x4  Data  Gb  hm.o [9]
xmt_cnt_start           0x20013148     0x4  Data  Gb  hm.o [9]
xmt_msg                 0x080175b5    0x98  Code  Lc  hm.o [9]


[1] = command line
[2] = STM32F10x_StdPeriph_Driver.a
[3] = base.a
[4] = dl7M_tln.a
[5] = eep.a
[6] = fbif.a
[7] = fdev.a
[8] = ffbs.a
[9] = hm.a
[10] = hw.a
[11] = m7M_tl.a
[12] = os7m_tl__D.a
[13] = osif.emb.a
[14] = rt7M_tl.a
[15] = shb_l.a

  215 655 bytes of readonly  code memory
   76 426 bytes of readonly  data memory
  192 534 bytes of readwrite data memory

Errors: none
Warnings: none
